Archive member included to satisfy reference by file (symbol)

C:/Users/russe/.pico-sdk/toolchain/RISCV_ZCB_RPI_2_2_0_3/bin/../lib/gcc/riscv32-unknown-elf/15.1.0\libgcc.a(_divdi3.o)
                              CMakeFiles/door-sense-v3-code.dir/C_/Users/russe/.pico-sdk/sdk/2.2.0/src/common/pico_time/time.c.obj (__divdi3)
C:/Users/russe/.pico-sdk/toolchain/RISCV_ZCB_RPI_2_2_0_3/bin/../lib/gcc/riscv32-unknown-elf/15.1.0\libgcc.a(_moddi3.o)
                              CMakeFiles/door-sense-v3-code.dir/C_/Users/russe/.pico-sdk/sdk/2.2.0/src/common/pico_util/datetime.c.obj (__moddi3)
C:/Users/russe/.pico-sdk/toolchain/RISCV_ZCB_RPI_2_2_0_3/bin/../lib/gcc/riscv32-unknown-elf/15.1.0\libgcc.a(_udivdi3.o)
                              CMakeFiles/door-sense-v3-code.dir/C_/Users/russe/.pico-sdk/sdk/2.2.0/src/rp2_common/hardware_clocks/clocks.c.obj (__udivdi3)
C:/Users/russe/.pico-sdk/toolchain/RISCV_ZCB_RPI_2_2_0_3/bin/../lib/gcc/riscv32-unknown-elf/15.1.0\libgcc.a(_umoddi3.o)
                              CMakeFiles/door-sense-v3-code.dir/C_/Users/russe/.pico-sdk/sdk/2.2.0/src/rp2_common/pico_divider/divider_compiler.c.obj (__umoddi3)
C:/Users/russe/.pico-sdk/toolchain/RISCV_ZCB_RPI_2_2_0_3/bin/../lib/gcc/riscv32-unknown-elf/15.1.0\libgcc.a(adddf3.o)
                              CMakeFiles/door-sense-v3-code.dir/C_/Users/russe/.pico-sdk/sdk/2.2.0/src/rp2_common/pico_printf/printf.c.obj (__adddf3)
C:/Users/russe/.pico-sdk/toolchain/RISCV_ZCB_RPI_2_2_0_3/bin/../lib/gcc/riscv32-unknown-elf/15.1.0\libgcc.a(divdf3.o)
                              CMakeFiles/door-sense-v3-code.dir/C_/Users/russe/.pico-sdk/sdk/2.2.0/src/rp2_common/pico_printf/printf.c.obj (__divdf3)
C:/Users/russe/.pico-sdk/toolchain/RISCV_ZCB_RPI_2_2_0_3/bin/../lib/gcc/riscv32-unknown-elf/15.1.0\libgcc.a(gedf2.o)
                              CMakeFiles/door-sense-v3-code.dir/C_/Users/russe/.pico-sdk/sdk/2.2.0/src/rp2_common/pico_printf/printf.c.obj (__gedf2)
C:/Users/russe/.pico-sdk/toolchain/RISCV_ZCB_RPI_2_2_0_3/bin/../lib/gcc/riscv32-unknown-elf/15.1.0\libgcc.a(ledf2.o)
                              CMakeFiles/door-sense-v3-code.dir/C_/Users/russe/.pico-sdk/sdk/2.2.0/src/rp2_common/pico_printf/printf.c.obj (__ltdf2)
C:/Users/russe/.pico-sdk/toolchain/RISCV_ZCB_RPI_2_2_0_3/bin/../lib/gcc/riscv32-unknown-elf/15.1.0\libgcc.a(muldf3.o)
                              CMakeFiles/door-sense-v3-code.dir/C_/Users/russe/.pico-sdk/sdk/2.2.0/src/rp2_common/pico_printf/printf.c.obj (__muldf3)
C:/Users/russe/.pico-sdk/toolchain/RISCV_ZCB_RPI_2_2_0_3/bin/../lib/gcc/riscv32-unknown-elf/15.1.0\libgcc.a(subdf3.o)
                              CMakeFiles/door-sense-v3-code.dir/C_/Users/russe/.pico-sdk/sdk/2.2.0/src/rp2_common/pico_printf/printf.c.obj (__subdf3)
C:/Users/russe/.pico-sdk/toolchain/RISCV_ZCB_RPI_2_2_0_3/bin/../lib/gcc/riscv32-unknown-elf/15.1.0\libgcc.a(unorddf2.o)
                              CMakeFiles/door-sense-v3-code.dir/C_/Users/russe/.pico-sdk/sdk/2.2.0/src/rp2_common/pico_printf/printf.c.obj (__unorddf2)
C:/Users/russe/.pico-sdk/toolchain/RISCV_ZCB_RPI_2_2_0_3/bin/../lib/gcc/riscv32-unknown-elf/15.1.0\libgcc.a(fixdfsi.o)
                              CMakeFiles/door-sense-v3-code.dir/C_/Users/russe/.pico-sdk/sdk/2.2.0/src/rp2_common/pico_printf/printf.c.obj (__fixdfsi)
C:/Users/russe/.pico-sdk/toolchain/RISCV_ZCB_RPI_2_2_0_3/bin/../lib/gcc/riscv32-unknown-elf/15.1.0\libgcc.a(fixunsdfsi.o)
                              CMakeFiles/door-sense-v3-code.dir/C_/Users/russe/.pico-sdk/sdk/2.2.0/src/rp2_common/pico_printf/printf.c.obj (__fixunsdfsi)
C:/Users/russe/.pico-sdk/toolchain/RISCV_ZCB_RPI_2_2_0_3/bin/../lib/gcc/riscv32-unknown-elf/15.1.0\libgcc.a(floatsidf.o)
                              CMakeFiles/door-sense-v3-code.dir/C_/Users/russe/.pico-sdk/sdk/2.2.0/src/rp2_common/pico_printf/printf.c.obj (__floatsidf)
C:/Users/russe/.pico-sdk/toolchain/RISCV_ZCB_RPI_2_2_0_3/bin/../lib/gcc/riscv32-unknown-elf/15.1.0\libgcc.a(floatunsidf.o)
                              CMakeFiles/door-sense-v3-code.dir/C_/Users/russe/.pico-sdk/sdk/2.2.0/src/rp2_common/pico_printf/printf.c.obj (__floatunsidf)
C:/Users/russe/.pico-sdk/toolchain/RISCV_ZCB_RPI_2_2_0_3/bin/../lib/gcc/riscv32-unknown-elf/15.1.0\libgcc.a(extendsfdf2.o)
                              CMakeFiles/door-sense-v3-code.dir/peripherals/src/lcd.c.obj (__extendsfdf2)
C:/Users/russe/.pico-sdk/toolchain/RISCV_ZCB_RPI_2_2_0_3/bin/../lib/gcc/riscv32-unknown-elf/15.1.0\libgcc.a(_clz.o)
                              C:/Users/russe/.pico-sdk/toolchain/RISCV_ZCB_RPI_2_2_0_3/bin/../lib/gcc/riscv32-unknown-elf/15.1.0\libgcc.a(_divdi3.o) (__clz_tab)
C:/Users/russe/.pico-sdk/toolchain/RISCV_ZCB_RPI_2_2_0_3/bin/../lib/gcc/riscv32-unknown-elf/15.1.0/../../../../riscv32-unknown-elf/lib\libc.a(libc_a-calloc.o)
                              CMakeFiles/door-sense-v3-code.dir/C_/Users/russe/.pico-sdk/sdk/2.2.0/src/rp2_common/pico_malloc/malloc.c.obj (calloc)
[...]
Memory Configuration

Name             Origin             Length             Attributes
FLASH            0x10000000         0x00400000         xr
RAM              0x20000000         0x00080000         xrw
SCRATCH_X        0x20080000         0x00001000         xrw
SCRATCH_Y        0x20081000         0x00001000         xrw
*default*        0x00000000         0xffffffff

Linker script and memory map

LOAD C:/Users/russe/.pico-sdk/toolchain/RISCV_ZCB_RPI_2_2_0_3/bin/../lib/gcc/riscv32-unknown-elf/15.1.0/../../../../riscv32-unknown-elf/lib/crt0.o
LOAD C:/Users/russe/.pico-sdk/toolchain/RISCV_ZCB_RPI_2_2_0_3/bin/../lib/gcc/riscv32-unknown-elf/15.1.0/crtbegin.o

.flash_begin    0x10000000        0x0
                0x10000000                        __flash_binary_start = .

.text           0x10000000     0x4f34
                0x10000000                        __logical_binary_start = .
 *(.vectors)
 *(.binary_info_header)
 .binary_info_header
                0x10000000       0x14 CMakeFiles/door-sense-v3-code.dir/C_/Users/russe/.pico-sdk/sdk/2.2.0/src/rp2_common/pico_crt0/crt0_riscv.S.obj
                0x10000014                        __binary_info_header_end = .
 *(.embedded_block)
 .embedded_block
                0x10000014       0x20 CMakeFiles/door-sense-v3-code.dir/C_/Users/russe/.pico-sdk/sdk/2.2.0/src/rp2_common/pico_crt0/crt0_riscv.S.obj
                0x10000034                        __embedded_block_end = .
 *(.reset)
 .reset         0x10000034       0xa6 CMakeFiles/door-sense-v3-code.dir/C_/Users/russe/.pico-sdk/sdk/2.2.0/src/rp2_common/pico_crt0/crt0_riscv.S.obj
                0x10000034                _entry_point
 *(.init)
 *libgcc.a:cmse_nonsecure_call.o()
 *(EXCLUDE_FILE(*libm.a: *libc.a:*lib_a-mem*.o *libgcc.a:) .text*)
 .text          0x100000da       0x4a C:/Users/russe/.pico-sdk/toolchain/RISCV_ZCB_RPI_2_2_0_3/bin/../lib/gcc/riscv32-unknown-elf/15.1.0/crtbegin.o
 .text.startup.main
                0x10000124       0xdc CMakeFiles/door-sense-v3-code.dir/main.c.obj
                0x10000124                main
 .text.dfplayer_write
                0x10000200       0xaa CMakeFiles/door-sense-v3-code.dir/libraries/dfplayer/dfplayer.c.obj
                0x10000200                dfplayer_write
 .text.dfplayer_init
                0x100002aa       0x3c CMakeFiles/door-sense-v3-code.dir/libraries/dfplayer/dfplayer.c.obj
                0x100002aa                dfplayer_init
 .text.dfplayer_play_mp3_folder
                0x100002e6        0xa CMakeFiles/door-sense-v3-code.dir/libraries/dfplayer/dfplayer.c.obj
                0x100002e6                dfplayer_play_mp3_folder
 .text.dfplayer_set_volume
                0x100002f0       0x10 CMakeFiles/door-sense-v3-code.dir/libraries/dfplayer/dfplayer.c.obj
                0x100002f0                dfplayer_set_volume
 .text.gpio_set_function
                0x10000300       0x30 CMakeFiles/door-sense-v3-code.dir/C_/Users/russe/.pico-sdk/sdk/2.2.0/src/rp2_common/hardware_gpio/gpio.c.obj
                0x10000300                gpio_set_function
 .text.panic    0x10000330       0x40 CMakeFiles/door-sense-v3-code.dir/C_/Users/russe/.pico-sdk/sdk/2.2.0/src/rp2_common/pico_platform_panic/panic.c.obj
                0x10000330                panic
 .text.hw_claim_or_assert
                0x10000370       0x62 CMakeFiles/door-sense-v3-code.dir/C_/Users/russe/.pico-sdk/sdk/2.2.0/src/common/hardware_claim/claim.c.obj
                0x10000370                hw_claim_or_assert
 .text.hw_claim_unused_from_range
                0x100003d2       0x84 CMakeFiles/door-sense-v3-code.dir/C_/Users/russe/.pico-sdk/sdk/2.2.0/src/common/hardware_claim/claim.c.obj
                0x100003d2                hw_claim_unused_from_range
 .text.next_striped_spin_lock_num
                0x10000456       0x1c CMakeFiles/door-sense-v3-code.dir/C_/Users/russe/.pico-sdk/sdk/2.2.0/src/rp2_common/hardware_sync/sync.c.obj
                0x10000456                next_striped_spin_lock_num
 .text.spin_lock_claim_unused
                0x10000472       0x18 CMakeFiles/door-sense-v3-code.dir/C_/Users/russe/.pico-sdk/sdk/2.2.0/src/rp2_common/hardware_sync/sync.c.obj
                0x10000472                spin_lock_claim_unused
 .text.spin_locks_reset
                0x1000048a       0x22 CMakeFiles/door-sense-v3-code.dir/C_/Users/russe/.pico-sdk/sdk/2.2.0/src/rp2_common/hardware_sync_spin_lock/sync_spin_lock.c.obj
                0x1000048a                spin_locks_reset
 .text.runtime_init_per_core_irq_priorities
                0x100004ac       0x38 CMakeFiles/door-sense-v3-code.dir/C_/Users/russe/.pico-sdk/sdk/2.2.0/src/rp2_common/hardware_irq/irq.c.obj
                0x100004ac                runtime_init_per_core_irq_priorities
 .text.irq_set_enabled
                0x100004e4       0x36 CMakeFiles/door-sense-v3-code.dir/C_/Users/russe/.pico-sdk/sdk/2.2.0/src/rp2_common/hardware_irq/irq.c.obj
                0x100004e4                irq_set_enabled
 .text.irq_is_enabled
                0x1000051a       0x12 CMakeFiles/door-sense-v3-code.dir/C_/Users/russe/.pico-sdk/sdk/2.2.0/src/rp2_common/hardware_irq/irq.c.obj
                0x1000051a                irq_is_enabled
 .text.irq_set_pending
                0x1000052c       0x14 CMakeFiles/door-sense-v3-code.dir/C_/Users/russe/.pico-sdk/sdk/2.2.0/src/rp2_common/hardware_irq/irq.c.obj
                0x1000052c                irq_set_pending
 .text.irq_has_shared_handler
                0x10000540       0x1e CMakeFiles/door-sense-v3-code.dir/C_/Users/russe/.pico-sdk/sdk/2.2.0/src/rp2_common/hardware_irq/irq.c.obj
                0x10000540                irq_has_shared_handler
 .text.irq_set_exclusive_handler
                0x1000055e       0x82 CMakeFiles/door-sense-v3-code.dir/C_/Users/russe/.pico-sdk/sdk/2.2.0/src/rp2_common/hardware_irq/irq.c.obj
                0x1000055e                irq_set_exclusive_handler
 .text.irq_add_shared_handler
                0x100005e0      0x40a CMakeFiles/door-sense-v3-code.dir/C_/Users/russe/.pico-sdk/sdk/2.2.0/src/rp2_common/hardware_irq/irq.c.obj
                0x100005e0                irq_add_shared_handler
 .text.irq_add_tail_to_free_list
                0x100009ea       0xe6 CMakeFiles/door-sense-v3-code.dir/C_/Users/russe/.pico-sdk/sdk/2.2.0/src/rp2_common/hardware_irq/irq.c.obj
                0x100009ea                irq_add_tail_to_free_list
 .text.user_irq_claim_unused
                0x10000ad0       0x2a CMakeFiles/door-sense-v3-code.dir/C_/Users/russe/.pico-sdk/sdk/2.2.0/src/rp2_common/hardware_irq/irq.c.obj
                0x10000ad0                user_irq_claim_unused
 .text.lock_init
                0x10000afa        0xe CMakeFiles/door-sense-v3-code.dir/C_/Users/russe/.pico-sdk/sdk/2.2.0/src/common/pico_sync/lock_core.c.obj
                0x10000afa                lock_init
 .text.runtime_init_mutex
                0x10000b08       0x66 CMakeFiles/door-sense-v3-code.dir/C_/Users/russe/.pico-sdk/sdk/2.2.0/src/common/pico_sync/mutex.c.obj
                0x10000b08                runtime_init_mutex
 .text.mutex_init
                0x10000b6e       0x24 CMakeFiles/door-sense-v3-code.dir/C_/Users/russe/.pico-sdk/sdk/2.2.0/src/common/pico_sync/mutex.c.obj
                0x10000b6e                mutex_init
 .text.critical_section_init
                0x10000b92       0x26 CMakeFiles/door-sense-v3-code.dir/C_/Users/russe/.pico-sdk/sdk/2.2.0/src/common/pico_sync/critical_section.c.obj
                0x10000b92                critical_section_init
 .text.critical_section_init_with_lock_num
                0x10000bb8       0x12 CMakeFiles/door-sense-v3-code.dir/C_/Users/russe/.pico-sdk/sdk/2.2.0/src/common/pico_sync/critical_section.c.obj
                0x10000bb8                critical_section_init_with_lock_num
 .text.sleep_until_callback
                0x10000bca       0x3c CMakeFiles/door-sense-v3-code.dir/C_/Users/russe/.pico-sdk/sdk/2.2.0/src/common/pico_time/time.c.obj
 .text.alarm_pool_irq_handler
                0x10000c06      0x384 CMakeFiles/door-sense-v3-code.dir/C_/Users/russe/.pico-sdk/sdk/2.2.0/src/common/pico_time/time.c.obj
 .text.runtime_init_default_alarm_pool
                0x10000f8a      0x100 CMakeFiles/door-sense-v3-code.dir/C_/Users/russe/.pico-sdk/sdk/2.2.0/src/common/pico_time/time.c.obj
                0x10000f8a                runtime_init_default_alarm_pool
 .text.alarm_pool_get_default
                0x1000108a        0xa CMakeFiles/door-sense-v3-code.dir/C_/Users/russe/.pico-sdk/sdk/2.2.0/src/common/pico_time/time.c.obj
                0x1000108a                alarm_pool_get_default
 .text.alarm_pool_add_alarm_at
                0x10001094      0x110 CMakeFiles/door-sense-v3-code.dir/C_/Users/russe/.pico-sdk/sdk/2.2.0/src/common/pico_time/time.c.obj
                0x10001094                alarm_pool_add_alarm_at
 .text.alarm_pool_add_alarm_at_force_in_context
                0x100011a4       0xd8 CMakeFiles/door-sense-v3-code.dir/C_/Users/russe/.pico-sdk/sdk/2.2.0/src/common/pico_time/time.c.obj
                0x100011a4                alarm_pool_add_alarm_at_force_in_context
 .text.alarm_pool_cancel_alarm
                0x1000127c       0x88 CMakeFiles/door-sense-v3-code.dir/C_/Users/russe/.pico-sdk/sdk/2.2.0/src/common/pico_time/time.c.obj
                0x1000127c                alarm_pool_cancel_alarm
 .text.alarm_pool_core_num
                0x10001304        0x4 CMakeFiles/door-sense-v3-code.dir/C_/Users/russe/.pico-sdk/sdk/2.2.0/src/common/pico_time/time.c.obj
                0x10001304                alarm_pool_core_num
 .text.sleep_ms
                0x10001308      0x110 CMakeFiles/door-sense-v3-code.dir/C_/Users/russe/.pico-sdk/sdk/2.2.0/src/common/pico_time/time.c.obj
                0x10001308                sleep_ms
 .text.best_effort_wfe_or_timeout
                0x10001418      0x124 CMakeFiles/door-sense-v3-code.dir/C_/Users/russe/.pico-sdk/sdk/2.2.0/src/common/pico_time/time.c.obj
                0x10001418                best_effort_wfe_or_timeout
 .text.timer_hardware_alarm_claim
                0x1000153c       0x1c CMakeFiles/door-sense-v3-code.dir/C_/Users/russe/.pico-sdk/sdk/2.2.0/src/rp2_common/hardware_timer/timer.c.obj
                0x1000153c                timer_hardware_alarm_claim
 .text.timer_time_us_64
                0x10001558       0x10 CMakeFiles/door-sense-v3-code.dir/C_/Users/russe/.pico-sdk/sdk/2.2.0/src/rp2_common/hardware_timer/timer.c.obj
                0x10001558                timer_time_us_64
 .text.time_us_64
                0x10001568       0x12 CMakeFiles/door-sense-v3-code.dir/C_/Users/russe/.pico-sdk/sdk/2.2.0/src/rp2_common/hardware_timer/timer.c.obj
                0x10001568                time_us_64
 .text.busy_wait_us
                0x1000157a       0x66 CMakeFiles/door-sense-v3-code.dir/C_/Users/russe/.pico-sdk/sdk/2.2.0/src/rp2_common/hardware_timer/timer.c.obj
                0x1000157a                busy_wait_us
 .text.busy_wait_until
                0x100015e0       0x22 CMakeFiles/door-sense-v3-code.dir/C_/Users/russe/.pico-sdk/sdk/2.2.0/src/rp2_common/hardware_timer/timer.c.obj
                0x100015e0                busy_wait_until
 .text.uart_init
                0x10001602      0x12c CMakeFiles/door-sense-v3-code.dir/C_/Users/russe/.pico-sdk/sdk/2.2.0/src/rp2_common/hardware_uart/uart.c.obj
                0x10001602                uart_init
 *fill*         0x1000172e        0x2 
 .text.clock_configure_undivided
                0x10001730       0xdc CMakeFiles/door-sense-v3-code.dir/C_/Users/russe/.pico-sdk/sdk/2.2.0/src/rp2_common/hardware_clocks/clocks.c.obj
                0x10001730                clock_configure_undivided
 .text.clock_get_hz
                0x1000180c       0x10 CMakeFiles/door-sense-v3-code.dir/C_/Users/russe/.pico-sdk/sdk/2.2.0/src/rp2_common/hardware_clocks/clocks.c.obj
                0x1000180c                clock_get_hz
 .text.pll_init
                0x1000181c       0x8a CMakeFiles/door-sense-v3-code.dir/C_/Users/russe/.pico-sdk/sdk/2.2.0/src/rp2_common/hardware_pll/pll.c.obj
                0x1000181c                pll_init
 .text.watchdog_reboot
                0x100018a6       0x92 CMakeFiles/door-sense-v3-code.dir/C_/Users/russe/.pico-sdk/sdk/2.2.0/src/rp2_common/hardware_watchdog/watchdog.c.obj
                0x100018a6                watchdog_reboot
 .text.tick_start
                0x10001938       0x14 CMakeFiles/door-sense-v3-code.dir/C_/Users/russe/.pico-sdk/sdk/2.2.0/src/rp2_common/hardware_ticks/ticks.c.obj
                0x10001938                tick_start
 .text.rom_func_lookup
                0x1000194c        0xc CMakeFiles/door-sense-v3-code.dir/C_/Users/russe/.pico-sdk/sdk/2.2.0/src/rp2_common/pico_bootrom/bootrom.c.obj
                0x1000194c                rom_func_lookup
 .text.rom_reset_usb_boot_extra
                0x10001958       0x3a CMakeFiles/door-sense-v3-code.dir/C_/Users/russe/.pico-sdk/sdk/2.2.0/src/rp2_common/pico_bootrom/bootrom.c.obj
                0x10001958                rom_reset_usb_boot_extra
 .text.runtime_init_bootrom_locking_enable
                0x10001992       0x12 CMakeFiles/door-sense-v3-code.dir/C_/Users/russe/.pico-sdk/sdk/2.2.0/src/rp2_common/pico_bootrom/bootrom_lock.c.obj
                0x10001992                runtime_init_bootrom_locking_enable
 .text.runtime_init_boot_locks_reset
                0x100019a4       0x20 CMakeFiles/door-sense-v3-code.dir/C_/Users/russe/.pico-sdk/sdk/2.2.0/src/rp2_common/hardware_boot_lock/boot_lock.c.obj
                0x100019a4                runtime_init_boot_locks_reset
 .text.xosc_init
                0x100019c4       0x24 CMakeFiles/door-sense-v3-code.dir/C_/Users/russe/.pico-sdk/sdk/2.2.0/src/rp2_common/hardware_xosc/xosc.c.obj
                0x100019c4                xosc_init
 .text.first_per_core_initializer
                0x100019e8        0x2 CMakeFiles/door-sense-v3-code.dir/C_/Users/russe/.pico-sdk/sdk/2.2.0/src/rp2_common/pico_runtime/runtime.c.obj
 .text.hard_assertion_failure
                0x100019ea       0x10 CMakeFiles/door-sense-v3-code.dir/C_/Users/russe/.pico-sdk/sdk/2.2.0/src/rp2_common/pico_runtime/runtime.c.obj
                0x100019ea                hard_assertion_failure
 .text.runtime_run_initializers
                0x100019fa       0x30 CMakeFiles/door-sense-v3-code.dir/C_/Users/russe/.pico-sdk/sdk/2.2.0/src/rp2_common/pico_runtime/runtime.c.obj
                0x100019fa                runtime_run_initializers
 .text.runtime_init_early_resets
                0x10001a2a       0x2a CMakeFiles/door-sense-v3-code.dir/C_/Users/russe/.pico-sdk/sdk/2.2.0/src/rp2_common/pico_runtime_init/runtime_init.c.obj
                0x10001a2a                runtime_init_early_resets
 .text.runtime_init_usb_power_down
                0x10001a54       0x1a CMakeFiles/door-sense-v3-code.dir/C_/Users/russe/.pico-sdk/sdk/2.2.0/src/rp2_common/pico_runtime_init/runtime_init.c.obj
                0x10001a54                runtime_init_usb_power_down
 .text.runtime_init_post_clock_resets
                0x10001a6e       0x1c CMakeFiles/door-sense-v3-code.dir/C_/Users/russe/.pico-sdk/sdk/2.2.0/src/rp2_common/pico_runtime_init/runtime_init.c.obj
                0x10001a6e                runtime_init_post_clock_resets
 .text.runtime_init_bootrom_reset
                0x10001a8a       0x16 CMakeFiles/door-sense-v3-code.dir/C_/Users/russe/.pico-sdk/sdk/2.2.0/src/rp2_common/pico_runtime_init/runtime_init.c.obj
                0x10001a8a                runtime_init_bootrom_reset
 .text.runtime_init_per_core_bootrom_reset
                0x10001aa0       0x16 CMakeFiles/door-sense-v3-code.dir/C_/Users/russe/.pico-sdk/sdk/2.2.0/src/rp2_common/pico_runtime_init/runtime_init.c.obj
                0x10001aa0                runtime_init_per_core_bootrom_reset
 .text.runtime_init_spin_locks_reset
                0x10001ab6        0x4 CMakeFiles/door-sense-v3-code.dir/C_/Users/russe/.pico-sdk/sdk/2.2.0/src/rp2_common/pico_runtime_init/runtime_init.c.obj
                0x10001ab6                runtime_init_spin_locks_reset
 .text.runtime_init_clocks
                0x10001aba       0xea CMakeFiles/door-sense-v3-code.dir/C_/Users/russe/.pico-sdk/sdk/2.2.0/src/rp2_common/pico_runtime_init/runtime_init_clocks.c.obj
                0x10001aba                runtime_init_clocks
 .text._out_char
                0x10001ba4        0x6 CMakeFiles/door-sense-v3-code.dir/C_/Users/russe/.pico-sdk/sdk/2.2.0/src/rp2_common/pico_printf/printf.c.obj
 .text.weak_raw_vprintf
                0x10001baa       0x2e CMakeFiles/door-sense-v3-code.dir/C_/Users/russe/.pico-sdk/sdk/2.2.0/src/rp2_common/pico_printf/printf.c.obj
                0x10001baa                weak_raw_vprintf
 .text          0x10001bd8       0x20 CMakeFiles/door-sense-v3-code.dir/C_/Users/russe/.pico-sdk/sdk/2.2.0/src/rp2_common/pico_crt0/crt0_riscv.S.obj
                0x10001bd8                runtime_init_per_core_h3_irq_registers
 .text._exit    0x10001bf8        0x4 CMakeFiles/door-sense-v3-code.dir/C_/Users/russe/.pico-sdk/sdk/2.2.0/src/rp2_common/pico_clib_interface/newlib_interface.c.obj
                0x10001bf8                _exit
 .text.exit     0x10001bfc        0x6 CMakeFiles/door-sense-v3-code.dir/C_/Users/russe/.pico-sdk/sdk/2.2.0/src/rp2_common/pico_clib_interface/newlib_interface.c.obj
                0x10001bfc                exit
 .text.runtime_init
                0x10001c02       0x32 CMakeFiles/door-sense-v3-code.dir/C_/Users/russe/.pico-sdk/sdk/2.2.0/src/rp2_common/pico_clib_interface/newlib_interface.c.obj
                0x10001c02                runtime_init
 .text.stdio_out_chars_no_crlf
                0x10001c34        0x8 CMakeFiles/door-sense-v3-code.dir/C_/Users/russe/.pico-sdk/sdk/2.2.0/src/rp2_common/pico_stdio/stdio.c.obj
 .text.stdio_out_chars_crlf
                0x10001c3c       0xd0 CMakeFiles/door-sense-v3-code.dir/C_/Users/russe/.pico-sdk/sdk/2.2.0/src/rp2_common/pico_stdio/stdio.c.obj
 .text.stdio_put_string
                0x10001d0c       0xf8 CMakeFiles/door-sense-v3-code.dir/C_/Users/russe/.pico-sdk/sdk/2.2.0/src/rp2_common/pico_stdio/stdio.c.obj
                0x10001d0c                stdio_put_string
 .text.stdio_set_driver_enabled
                0x10001e04       0x28 CMakeFiles/door-sense-v3-code.dir/C_/Users/russe/.pico-sdk/sdk/2.2.0/src/rp2_common/pico_stdio/stdio.c.obj
                0x10001e04                stdio_set_driver_enabled
 .text.stdio_init_all
                0x10001e2c        0x2 CMakeFiles/door-sense-v3-code.dir/C_/Users/russe/.pico-sdk/sdk/2.2.0/src/rp2_common/pico_stdio/stdio.c.obj
                0x10001e2c                stdio_init_all
 .text.__wrap_putchar
                0x10001e2e       0xa4 CMakeFiles/door-sense-v3-code.dir/C_/Users/russe/.pico-sdk/sdk/2.2.0/src/rp2_common/pico_stdio/stdio.c.obj
                0x10001e2e                __wrap_putchar
                0x10001e2e                stdio_putchar
 .text.__wrap_puts
                0x10001ed2       0x44 CMakeFiles/door-sense-v3-code.dir/C_/Users/russe/.pico-sdk/sdk/2.2.0/src/rp2_common/pico_stdio/stdio.c.obj
                0x10001ed2                stdio_puts
                0x10001ed2                __wrap_puts
 .text.resetd_init
                0x10001f16        0x2 CMakeFiles/door-sense-v3-code.dir/C_/Users/russe/.pico-sdk/sdk/2.2.0/src/rp2_common/pico_stdio_usb/reset_interface.c.obj
 .text.resetd_reset
                0x10001f18        0x6 CMakeFiles/door-sense-v3-code.dir/C_/Users/russe/.pico-sdk/sdk/2.2.0/src/rp2_common/pico_stdio_usb/reset_interface.c.obj
 .text.resetd_open
                0x10001f1e       0x30 CMakeFiles/door-sense-v3-code.dir/C_/Users/russe/.pico-sdk/sdk/2.2.0/src/rp2_common/pico_stdio_usb/reset_interface.c.obj
 .text.resetd_xfer_cb
                0x10001f4e        0x4 CMakeFiles/door-sense-v3-code.dir/C_/Users/russe/.pico-sdk/sdk/2.2.0/src/rp2_common/pico_stdio_usb/reset_interface.c.obj
 .text.resetd_control_xfer_cb
                0x10001f52       0x6e CMakeFiles/door-sense-v3-code.dir/C_/Users/russe/.pico-sdk/sdk/2.2.0/src/rp2_common/pico_stdio_usb/reset_interface.c.obj
 .text.tud_descriptor_bos_cb
                0x10001fc0        0xa CMakeFiles/door-sense-v3-code.dir/C_/Users/russe/.pico-sdk/sdk/2.2.0/src/rp2_common/pico_stdio_usb/reset_interface.c.obj
                0x10001fc0                tud_descriptor_bos_cb
 .text.tud_vendor_control_xfer_cb
                0x10001fca       0x3c CMakeFiles/door-sense-v3-code.dir/C_/Users/russe/.pico-sdk/sdk/2.2.0/src/rp2_common/pico_stdio_usb/reset_interface.c.obj
                0x10001fca                tud_vendor_control_xfer_cb
 .text.usbd_app_driver_get_cb
                0x10002006        0xe CMakeFiles/door-sense-v3-code.dir/C_/Users/russe/.pico-sdk/sdk/2.2.0/src/rp2_common/pico_stdio_usb/reset_interface.c.obj
                0x10002006                usbd_app_driver_get_cb
 .text.tud_cdc_line_coding_cb
                0x10002014       0x2c CMakeFiles/door-sense-v3-code.dir/C_/Users/russe/.pico-sdk/sdk/2.2.0/src/rp2_common/pico_stdio_usb/reset_interface.c.obj
                0x10002014                tud_cdc_line_coding_cb
 .text.stdio_usb_set_chars_available_callback
                0x10002040        0xa CMakeFiles/door-sense-v3-code.dir/C_/Users/russe/.pico-sdk/sdk/2.2.0/src/rp2_common/pico_stdio_usb/stdio_usb.c.obj
                0x10002040                stdio_usb_set_chars_available_callback
 .text.usb_irq  0x1000204a        0x8 CMakeFiles/door-sense-v3-code.dir/C_/Users/russe/.pico-sdk/sdk/2.2.0/src/rp2_common/pico_stdio_usb/stdio_usb.c.obj
 .text.timer_task
                0x10002052       0x80 CMakeFiles/door-sense-v3-code.dir/C_/Users/russe/.pico-sdk/sdk/2.2.0/src/rp2_common/pico_stdio_usb/stdio_usb.c.obj
 .text.stdio_usb_in_chars
                0x100020d2       0x9c CMakeFiles/door-sense-v3-code.dir/C_/Users/russe/.pico-sdk/sdk/2.2.0/src/rp2_common/pico_stdio_usb/stdio_usb.c.obj
                0x100020d2                stdio_usb_in_chars
 .text.stdio_usb_out_flush
                0x1000216e       0x62 CMakeFiles/door-sense-v3-code.dir/C_/Users/russe/.pico-sdk/sdk/2.2.0/src/rp2_common/pico_stdio_usb/stdio_usb.c.obj
 .text.stdio_usb_out_chars
                0x100021d0      0x122 CMakeFiles/door-sense-v3-code.dir/C_/Users/russe/.pico-sdk/sdk/2.2.0/src/rp2_common/pico_stdio_usb/stdio_usb.c.obj
 .text.low_priority_worker_irq
                0x100022f2       0xda CMakeFiles/door-sense-v3-code.dir/C_/Users/russe/.pico-sdk/sdk/2.2.0/src/rp2_common/pico_stdio_usb/stdio_usb.c.obj
 .text.stdio_usb_init
                0x100023cc       0xec CMakeFiles/door-sense-v3-code.dir/C_/Users/russe/.pico-sdk/sdk/2.2.0/src/rp2_common/pico_stdio_usb/stdio_usb.c.obj
                0x100023cc                stdio_usb_init
 .text.tud_descriptor_device_cb
                0x100024b8        0xa CMakeFiles/door-sense-v3-code.dir/C_/Users/russe/.pico-sdk/sdk/2.2.0/src/rp2_common/pico_stdio_usb/stdio_usb_descriptors.c.obj
                0x100024b8                tud_descriptor_device_cb
 .text.tud_descriptor_configuration_cb
                0x100024c2        0xa CMakeFiles/door-sense-v3-code.dir/C_/Users/russe/.pico-sdk/sdk/2.2.0/src/rp2_common/pico_stdio_usb/stdio_usb_descriptors.c.obj
                0x100024c2                tud_descriptor_configuration_cb
 .text.tud_descriptor_string_cb
                0x100024cc       0x84 CMakeFiles/door-sense-v3-code.dir/C_/Users/russe/.pico-sdk/sdk/2.2.0/src/rp2_common/pico_stdio_usb/stdio_usb_descriptors.c.obj
                0x100024cc                tud_descriptor_string_cb
 .text.startup._retrieve_unique_id_on_boot
                0x10002550       0x34 CMakeFiles/door-sense-v3-code.dir/C_/Users/russe/.pico-sdk/sdk/2.2.0/src/rp2_common/pico_unique_id/unique_id.c.obj
 .text.pico_get_unique_board_id_string
                0x10002584      0x1fa CMakeFiles/door-sense-v3-code.dir/C_/Users/russe/.pico-sdk/sdk/2.2.0/src/rp2_common/pico_unique_id/unique_id.c.obj
                0x10002584                pico_get_unique_board_id_string
 .text.dcd_init
                0x1000277e       0xa8 CMakeFiles/door-sense-v3-code.dir/C_/Users/russe/.pico-sdk/sdk/2.2.0/lib/tinyusb/src/portable/raspberrypi/rp2040/dcd_rp2040.c.obj
                0x1000277e                dcd_init
 .text.dcd_int_enable
                0x10002826        0x8 CMakeFiles/door-sense-v3-code.dir/C_/Users/russe/.pico-sdk/sdk/2.2.0/lib/tinyusb/src/portable/raspberrypi/rp2040/dcd_rp2040.c.obj
                0x10002826                dcd_int_enable
 .text.dcd_set_address
                0x1000282e        0xe CMakeFiles/door-sense-v3-code.dir/C_/Users/russe/.pico-sdk/sdk/2.2.0/lib/tinyusb/src/portable/raspberrypi/rp2040/dcd_rp2040.c.obj
                0x1000282e                dcd_set_address
 .text.dcd_sof_enable
                0x1000283c       0x14 CMakeFiles/door-sense-v3-code.dir/C_/Users/russe/.pico-sdk/sdk/2.2.0/lib/tinyusb/src/portable/raspberrypi/rp2040/dcd_rp2040.c.obj
                0x1000283c                dcd_sof_enable
 .text.dcd_edpt0_status_complete
                0x10002850       0x1c CMakeFiles/door-sense-v3-code.dir/C_/Users/russe/.pico-sdk/sdk/2.2.0/lib/tinyusb/src/portable/raspberrypi/rp2040/dcd_rp2040.c.obj
                0x10002850                dcd_edpt0_status_complete
 .text.dcd_edpt_open
                0x1000286c      0x136 CMakeFiles/door-sense-v3-code.dir/C_/Users/russe/.pico-sdk/sdk/2.2.0/lib/tinyusb/src/portable/raspberrypi/rp2040/dcd_rp2040.c.obj
                0x1000286c                dcd_edpt_open
 .text.dcd_edpt_close_all
                0x100029a2        0x8 CMakeFiles/door-sense-v3-code.dir/C_/Users/russe/.pico-sdk/sdk/2.2.0/lib/tinyusb/src/portable/raspberrypi/rp2040/dcd_rp2040.c.obj
                0x100029a2                dcd_edpt_close_all
 .text.dcd_edpt_xfer
                0x100029aa       0x28 CMakeFiles/door-sense-v3-code.dir/C_/Users/russe/.pico-sdk/sdk/2.2.0/lib/tinyusb/src/portable/raspberrypi/rp2040/dcd_rp2040.c.obj
                0x100029aa                dcd_edpt_xfer
 .text.dcd_edpt_stall
                0x100029d2       0x32 CMakeFiles/door-sense-v3-code.dir/C_/Users/russe/.pico-sdk/sdk/2.2.0/lib/tinyusb/src/portable/raspberrypi/rp2040/dcd_rp2040.c.obj
                0x100029d2                dcd_edpt_stall
 .text.dcd_edpt_clear_stall
                0x10002a04       0x2e CMakeFiles/door-sense-v3-code.dir/C_/Users/russe/.pico-sdk/sdk/2.2.0/lib/tinyusb/src/portable/raspberrypi/rp2040/dcd_rp2040.c.obj
                0x10002a04                dcd_edpt_clear_stall
 .text.rp2040_usb_init
                0x10002a32       0x3c CMakeFiles/door-sense-v3-code.dir/C_/Users/russe/.pico-sdk/sdk/2.2.0/lib/tinyusb/src/portable/raspberrypi/rp2040/rp2040_usb.c.obj
                0x10002a32                rp2040_usb_init
 .text.hw_endpoint_xfer_start
                0x10002a6e       0x58 CMakeFiles/door-sense-v3-code.dir/C_/Users/russe/.pico-sdk/sdk/2.2.0/lib/tinyusb/src/portable/raspberrypi/rp2040/rp2040_usb.c.obj
                0x10002a6e                hw_endpoint_xfer_start
 .text.configuration_reset
                0x10002ac6       0xb0 CMakeFiles/door-sense-v3-code.dir/C_/Users/russe/.pico-sdk/sdk/2.2.0/lib/tinyusb/src/device/usbd.c.obj
 .text.tud_event_hook_cb
                0x10002b76        0x2 CMakeFiles/door-sense-v3-code.dir/C_/Users/russe/.pico-sdk/sdk/2.2.0/lib/tinyusb/src/device/usbd.c.obj
                0x10002b76                tud_event_hook_cb
 .text.tud_sof_cb
                0x10002b78        0x2 CMakeFiles/door-sense-v3-code.dir/C_/Users/russe/.pico-sdk/sdk/2.2.0/lib/tinyusb/src/device/usbd.c.obj
                0x10002b78                tud_sof_cb
 .text.tud_descriptor_device_qualifier_cb
                0x10002b7a        0x4 CMakeFiles/door-sense-v3-code.dir/C_/Users/russe/.pico-sdk/sdk/2.2.0/lib/tinyusb/src/device/usbd.c.obj
                0x10002b7a                tud_descriptor_device_qualifier_cb
 .text.tud_descriptor_other_speed_configuration_cb
                0x10002b7e        0x4 CMakeFiles/door-sense-v3-code.dir/C_/Users/russe/.pico-sdk/sdk/2.2.0/lib/tinyusb/src/device/usbd.c.obj
                0x10002b7e                tud_descriptor_other_speed_configuration_cb
 .text.tud_mount_cb
                0x10002b82        0x2 CMakeFiles/door-sense-v3-code.dir/C_/Users/russe/.pico-sdk/sdk/2.2.0/lib/tinyusb/src/device/usbd.c.obj
                0x10002b82                tud_mount_cb
 .text.tud_umount_cb
                0x10002b84        0x2 CMakeFiles/door-sense-v3-code.dir/C_/Users/russe/.pico-sdk/sdk/2.2.0/lib/tinyusb/src/device/usbd.c.obj
                0x10002b84                tud_umount_cb
 .text.tud_suspend_cb
                0x10002b86        0x2 CMakeFiles/door-sense-v3-code.dir/C_/Users/russe/.pico-sdk/sdk/2.2.0/lib/tinyusb/src/device/usbd.c.obj
                0x10002b86                tud_suspend_cb
 .text.tud_resume_cb
                0x10002b88        0x2 CMakeFiles/door-sense-v3-code.dir/C_/Users/russe/.pico-sdk/sdk/2.2.0/lib/tinyusb/src/device/usbd.c.obj
                0x10002b88                tud_resume_cb
 .text.tud_mounted
                0x10002b8a       0x10 CMakeFiles/door-sense-v3-code.dir/C_/Users/russe/.pico-sdk/sdk/2.2.0/lib/tinyusb/src/device/usbd.c.obj
                0x10002b8a                tud_mounted
 .text.tud_suspended
                0x10002b9a       0x10 CMakeFiles/door-sense-v3-code.dir/C_/Users/russe/.pico-sdk/sdk/2.2.0/lib/tinyusb/src/device/usbd.c.obj
                0x10002b9a                tud_suspended
 .text.tud_rhport_init
                0x10002baa      0x10e CMakeFiles/door-sense-v3-code.dir/C_/Users/russe/.pico-sdk/sdk/2.2.0/lib/tinyusb/src/device/usbd.c.obj
                0x10002baa                tud_rhport_init
 .text.tud_task_ext
                0x10002cb8      0x77c CMakeFiles/door-sense-v3-code.dir/C_/Users/russe/.pico-sdk/sdk/2.2.0/lib/tinyusb/src/device/usbd.c.obj
                0x10002cb8                tud_task_ext
 .text.usbd_open_edpt_pair
                0x10003434       0xb8 CMakeFiles/door-sense-v3-code.dir/C_/Users/russe/.pico-sdk/sdk/2.2.0/lib/tinyusb/src/device/usbd.c.obj
                0x10003434                usbd_open_edpt_pair
 .text.usbd_edpt_open
                0x100034ec       0x4c CMakeFiles/door-sense-v3-code.dir/C_/Users/russe/.pico-sdk/sdk/2.2.0/lib/tinyusb/src/device/usbd.c.obj
                0x100034ec                usbd_edpt_open
 .text.usbd_edpt_claim
                0x10003538       0x22 CMakeFiles/door-sense-v3-code.dir/C_/Users/russe/.pico-sdk/sdk/2.2.0/lib/tinyusb/src/device/usbd.c.obj
                0x10003538                usbd_edpt_claim
 .text.usbd_edpt_release
                0x1000355a       0x22 CMakeFiles/door-sense-v3-code.dir/C_/Users/russe/.pico-sdk/sdk/2.2.0/lib/tinyusb/src/device/usbd.c.obj
                0x1000355a                usbd_edpt_release
 .text.usbd_edpt_xfer
                0x1000357c       0x64 CMakeFiles/door-sense-v3-code.dir/C_/Users/russe/.pico-sdk/sdk/2.2.0/lib/tinyusb/src/device/usbd.c.obj
                0x1000357c                usbd_edpt_xfer
 .text.tud_control_status
                0x100035e0       0x60 CMakeFiles/door-sense-v3-code.dir/C_/Users/russe/.pico-sdk/sdk/2.2.0/lib/tinyusb/src/device/usbd_control.c.obj
                0x100035e0                tud_control_status
 .text.tud_control_xfer
                0x10003640       0xe4 CMakeFiles/door-sense-v3-code.dir/C_/Users/russe/.pico-sdk/sdk/2.2.0/lib/tinyusb/src/device/usbd_control.c.obj
                0x10003640                tud_control_xfer
 .text.usbd_control_reset
                0x10003724       0x1e CMakeFiles/door-sense-v3-code.dir/C_/Users/russe/.pico-sdk/sdk/2.2.0/lib/tinyusb/src/device/usbd_control.c.obj
                0x10003724                usbd_control_reset
 .text.usbd_control_set_complete_callback
                0x10003742        0xa CMakeFiles/door-sense-v3-code.dir/C_/Users/russe/.pico-sdk/sdk/2.2.0/lib/tinyusb/src/device/usbd_control.c.obj
                0x10003742                usbd_control_set_complete_callback
 .text.usbd_control_set_request
                0x1000374c       0x4e CMakeFiles/door-sense-v3-code.dir/C_/Users/russe/.pico-sdk/sdk/2.2.0/lib/tinyusb/src/device/usbd_control.c.obj
                0x1000374c                usbd_control_set_request
 .text.usbd_control_xfer_cb
                0x1000379a      0x13a CMakeFiles/door-sense-v3-code.dir/C_/Users/russe/.pico-sdk/sdk/2.2.0/lib/tinyusb/src/device/usbd_control.c.obj
                0x1000379a                usbd_control_xfer_cb
 .text._prep_out_transaction.isra.0
                0x100038d4       0x9e CMakeFiles/door-sense-v3-code.dir/C_/Users/russe/.pico-sdk/sdk/2.2.0/lib/tinyusb/src/class/cdc/cdc_device.c.obj
 .text.tud_cdc_n_connected
                0x10003972       0x40 CMakeFiles/door-sense-v3-code.dir/C_/Users/russe/.pico-sdk/sdk/2.2.0/lib/tinyusb/src/class/cdc/cdc_device.c.obj
                0x10003972                tud_cdc_n_connected
 .text.tud_cdc_n_available
                0x100039b2       0x26 CMakeFiles/door-sense-v3-code.dir/C_/Users/russe/.pico-sdk/sdk/2.2.0/lib/tinyusb/src/class/cdc/cdc_device.c.obj
                0x100039b2                tud_cdc_n_available
 .text.tud_cdc_n_read
                0x100039d8       0xaa CMakeFiles/door-sense-v3-code.dir/C_/Users/russe/.pico-sdk/sdk/2.2.0/lib/tinyusb/src/class/cdc/cdc_device.c.obj
                0x100039d8                tud_cdc_n_read
 .text.tud_cdc_n_write_flush
                0x10003a82       0xb8 CMakeFiles/door-sense-v3-code.dir/C_/Users/russe/.pico-sdk/sdk/2.2.0/lib/tinyusb/src/class/cdc/cdc_device.c.obj
                0x10003a82                tud_cdc_n_write_flush
 .text.tud_cdc_n_write
                0x10003b3a       0x68 CMakeFiles/door-sense-v3-code.dir/C_/Users/russe/.pico-sdk/sdk/2.2.0/lib/tinyusb/src/class/cdc/cdc_device.c.obj
                0x10003b3a                tud_cdc_n_write
 .text.tud_cdc_n_write_available
                0x10003ba2       0x28 CMakeFiles/door-sense-v3-code.dir/C_/Users/russe/.pico-sdk/sdk/2.2.0/lib/tinyusb/src/class/cdc/cdc_device.c.obj
                0x10003ba2                tud_cdc_n_write_available
 .text.cdcd_init
                0x10003bca       0xa8 CMakeFiles/door-sense-v3-code.dir/C_/Users/russe/.pico-sdk/sdk/2.2.0/lib/tinyusb/src/class/cdc/cdc_device.c.obj
                0x10003bca                cdcd_init
 .text.cdcd_deinit
                0x10003c72       0x38 CMakeFiles/door-sense-v3-code.dir/C_/Users/russe/.pico-sdk/sdk/2.2.0/lib/tinyusb/src/class/cdc/cdc_device.c.obj
                0x10003c72                cdcd_deinit
 .text.cdcd_reset
                0x10003caa       0x66 CMakeFiles/door-sense-v3-code.dir/C_/Users/russe/.pico-sdk/sdk/2.2.0/lib/tinyusb/src/class/cdc/cdc_device.c.obj
                0x10003caa                cdcd_reset
 .text.cdcd_open
                0x10003d10       0xee CMakeFiles/door-sense-v3-code.dir/C_/Users/russe/.pico-sdk/sdk/2.2.0/lib/tinyusb/src/class/cdc/cdc_device.c.obj
                0x10003d10                cdcd_open
 .text.cdcd_control_xfer_cb
                0x10003dfe      0x11a CMakeFiles/door-sense-v3-code.dir/C_/Users/russe/.pico-sdk/sdk/2.2.0/lib/tinyusb/src/class/cdc/cdc_device.c.obj
                0x10003dfe                cdcd_control_xfer_cb
 .text.cdcd_xfer_cb
                0x10003f18      0x122 CMakeFiles/door-sense-v3-code.dir/C_/Users/russe/.pico-sdk/sdk/2.2.0/lib/tinyusb/src/class/cdc/cdc_device.c.obj
                0x10003f18                cdcd_xfer_cb
 .text.vendord_init
                0x1000403a       0x6a CMakeFiles/door-sense-v3-code.dir/C_/Users/russe/.pico-sdk/sdk/2.2.0/lib/tinyusb/src/class/vendor/vendor_device.c.obj
                0x1000403a                vendord_init
 .text.vendord_deinit
                0x100040a4       0x20 CMakeFiles/door-sense-v3-code.dir/C_/Users/russe/.pico-sdk/sdk/2.2.0/lib/tinyusb/src/class/vendor/vendor_device.c.obj
                0x100040a4                vendord_deinit
 .text.vendord_reset
                0x100040c4       0x3a CMakeFiles/door-sense-v3-code.dir/C_/Users/russe/.pico-sdk/sdk/2.2.0/lib/tinyusb/src/class/vendor/vendor_device.c.obj
                0x100040c4                vendord_reset
 .text.vendord_open
                0x100040fe      0x162 CMakeFiles/door-sense-v3-code.dir/C_/Users/russe/.pico-sdk/sdk/2.2.0/lib/tinyusb/src/class/vendor/vendor_device.c.obj
                0x100040fe                vendord_open
 .text.vendord_xfer_cb
                0x10004260       0xc2 CMakeFiles/door-sense-v3-code.dir/C_/Users/russe/.pico-sdk/sdk/2.2.0/lib/tinyusb/src/class/vendor/vendor_device.c.obj
                0x10004260                vendord_xfer_cb
 .text.tusb_rhport_init
                0x10004322       0x52 CMakeFiles/door-sense-v3-code.dir/C_/Users/russe/.pico-sdk/sdk/2.2.0/lib/tinyusb/src/tusb.c.obj
                0x10004322                tusb_rhport_init
 .text.tu_edpt_claim
                0x10004374       0x64 CMakeFiles/door-sense-v3-code.dir/C_/Users/russe/.pico-sdk/sdk/2.2.0/lib/tinyusb/src/tusb.c.obj
                0x10004374                tu_edpt_claim
 .text.tu_edpt_release
                0x100043d8       0x4a CMakeFiles/door-sense-v3-code.dir/C_/Users/russe/.pico-sdk/sdk/2.2.0/lib/tinyusb/src/tusb.c.obj
                0x100043d8                tu_edpt_release
 .text.tu_edpt_validate
                0x10004422       0x6c CMakeFiles/door-sense-v3-code.dir/C_/Users/russe/.pico-sdk/sdk/2.2.0/lib/tinyusb/src/tusb.c.obj
                0x10004422                tu_edpt_validate
 .text.tu_edpt_bind_driver
                0x1000448e       0x32 CMakeFiles/door-sense-v3-code.dir/C_/Users/russe/.pico-sdk/sdk/2.2.0/lib/tinyusb/src/tusb.c.obj
                0x1000448e                tu_edpt_bind_driver
 .text.tu_edpt_stream_init
                0x100044c0       0x6a CMakeFiles/door-sense-v3-code.dir/C_/Users/russe/.pico-sdk/sdk/2.2.0/lib/tinyusb/src/tusb.c.obj
                0x100044c0                tu_edpt_stream_init
 .text.tu_edpt_stream_deinit
                0x1000452a        0x4 CMakeFiles/door-sense-v3-code.dir/C_/Users/russe/.pico-sdk/sdk/2.2.0/lib/tinyusb/src/tusb.c.obj
                0x1000452a                tu_edpt_stream_deinit
 .text.tu_edpt_stream_write_zlp_if_needed
                0x1000452e       0x68 CMakeFiles/door-sense-v3-code.dir/C_/Users/russe/.pico-sdk/sdk/2.2.0/lib/tinyusb/src/tusb.c.obj
                0x1000452e                tu_edpt_stream_write_zlp_if_needed
 .text.tu_edpt_stream_write_xfer
                0x10004596       0x64 CMakeFiles/door-sense-v3-code.dir/C_/Users/russe/.pico-sdk/sdk/2.2.0/lib/tinyusb/src/tusb.c.obj
                0x10004596                tu_edpt_stream_write_xfer
 .text.tu_edpt_stream_read_xfer
                0x100045fa       0xe8 CMakeFiles/door-sense-v3-code.dir/C_/Users/russe/.pico-sdk/sdk/2.2.0/lib/tinyusb/src/tusb.c.obj
                0x100045fa                tu_edpt_stream_read_xfer
 .text.tu_fifo_config
                0x100046e2       0x88 CMakeFiles/door-sense-v3-code.dir/C_/Users/russe/.pico-sdk/sdk/2.2.0/lib/tinyusb/src/common/tusb_fifo.c.obj
                0x100046e2                tu_fifo_config
 .text.tu_fifo_count
                0x1000476a       0x26 CMakeFiles/door-sense-v3-code.dir/C_/Users/russe/.pico-sdk/sdk/2.2.0/lib/tinyusb/src/common/tusb_fifo.c.obj
                0x1000476a                tu_fifo_count
 .text.tu_fifo_empty
                0x10004790       0x12 CMakeFiles/door-sense-v3-code.dir/C_/Users/russe/.pico-sdk/sdk/2.2.0/lib/tinyusb/src/common/tusb_fifo.c.obj
                0x10004790                tu_fifo_empty
 .text.tu_fifo_remaining
                0x100047a2       0x2e CMakeFiles/door-sense-v3-code.dir/C_/Users/russe/.pico-sdk/sdk/2.2.0/lib/tinyusb/src/common/tusb_fifo.c.obj
                0x100047a2                tu_fifo_remaining
 .text.tu_fifo_read
                0x100047d0       0xce CMakeFiles/door-sense-v3-code.dir/C_/Users/russe/.pico-sdk/sdk/2.2.0/lib/tinyusb/src/common/tusb_fifo.c.obj
                0x100047d0                tu_fifo_read
 .text.tu_fifo_read_n
                0x1000489e      0x138 CMakeFiles/door-sense-v3-code.dir/C_/Users/russe/.pico-sdk/sdk/2.2.0/lib/tinyusb/src/common/tusb_fifo.c.obj
                0x1000489e                tu_fifo_read_n
 .text.tu_fifo_write
                0x100049d6       0xd4 CMakeFiles/door-sense-v3-code.dir/C_/Users/russe/.pico-sdk/sdk/2.2.0/lib/tinyusb/src/common/tusb_fifo.c.obj
                0x100049d6                tu_fifo_write
 .text.tu_fifo_write_n
                0x10004aaa      0x1b2 CMakeFiles/door-sense-v3-code.dir/C_/Users/russe/.pico-sdk/sdk/2.2.0/lib/tinyusb/src/common/tusb_fifo.c.obj
                0x10004aaa                tu_fifo_write_n
 .text.tu_fifo_clear
                0x10004c5c       0x4e CMakeFiles/door-sense-v3-code.dir/C_/Users/russe/.pico-sdk/sdk/2.2.0/lib/tinyusb/src/common/tusb_fifo.c.obj
                0x10004c5c                tu_fifo_clear
 .text.tu_fifo_set_overwritable
                0x10004caa       0x5e CMakeFiles/door-sense-v3-code.dir/C_/Users/russe/.pico-sdk/sdk/2.2.0/lib/tinyusb/src/common/tusb_fifo.c.obj
                0x10004caa                tu_fifo_set_overwritable
 .text          0x10004d08       0xa8 C:/Users/russe/.pico-sdk/toolchain/RISCV_ZCB_RPI_2_2_0_3/bin/../lib/gcc/riscv32-unknown-elf/15.1.0/../../../../riscv32-unknown-elf/lib\libc.a(libc_a-memset.o)
                0x10004d08                memset
 .text.memcpy   0x10004db0       0xe2 C:/Users/russe/.pico-sdk/toolchain/RISCV_ZCB_RPI_2_2_0_3/bin/../lib/gcc/riscv32-unknown-elf/15.1.0/../../../../riscv32-unknown-elf/lib\libc.a(libc_a-memcpy.o)
                0x10004db0                memcpy
 .text.strlen   0x10004e92       0x62 C:/Users/russe/.pico-sdk/toolchain/RISCV_ZCB_RPI_2_2_0_3/bin/../lib/gcc/riscv32-unknown-elf/15.1.0/../../../../riscv32-unknown-elf/lib\libc.a(libc_a-strlen.o)
                0x10004e92                strlen
 *(.fini)
 *crtbegin.o(.ctors)
 *crtbegin?.o(.ctors)
 *(EXCLUDE_FILE(*crtend.o *crtend?.o) .ctors)
 *(SORT_BY_NAME(.ctors.*))
 *(.ctors)
 *crtbegin.o(.dtors)
 *crtbegin?.o(.dtors)
 *(EXCLUDE_FILE(*crtend.o *crtend?.o) .dtors)
 *(SORT_BY_NAME(.dtors.*))
 *(.dtors)
                0x10004ef4                        . = ALIGN (0x4)
 *fill*         0x10004ef4        0x0 
                0x10004ef4                        PROVIDE (__preinit_array_start = .)
 *(SORT_BY_NAME(.preinit_array.*))
 .preinit_array.00050
                0x10004ef4        0x4 CMakeFiles/door-sense-v3-code.dir/C_/Users/russe/.pico-sdk/sdk/2.2.0/src/rp2_common/pico_runtime_init/runtime_init.c.obj
                0x10004ef4                __pre_init_runtime_init_bootrom_reset
 .preinit_array.00100
                0x10004ef8        0x4 CMakeFiles/door-sense-v3-code.dir/C_/Users/russe/.pico-sdk/sdk/2.2.0/src/rp2_common/pico_runtime_init/runtime_init.c.obj
                0x10004ef8                __pre_init_runtime_init_early_resets
 .preinit_array.00101
                0x10004efc        0x4 CMakeFiles/door-sense-v3-code.dir/C_/Users/russe/.pico-sdk/sdk/2.2.0/src/rp2_common/pico_runtime_init/runtime_init.c.obj
                0x10004efc                __pre_init_runtime_init_usb_power_down
 .preinit_array.00500
                0x10004f00        0x4 CMakeFiles/door-sense-v3-code.dir/C_/Users/russe/.pico-sdk/sdk/2.2.0/src/rp2_common/pico_runtime_init/runtime_init.c.obj
                0x10004f00                __pre_init_runtime_init_clocks
 .preinit_array.00600
                0x10004f04        0x4 CMakeFiles/door-sense-v3-code.dir/C_/Users/russe/.pico-sdk/sdk/2.2.0/src/rp2_common/pico_runtime_init/runtime_init.c.obj
                0x10004f04                __pre_init_runtime_init_post_clock_resets
 .preinit_array.01000
                0x10004f08        0x4 CMakeFiles/door-sense-v3-code.dir/C_/Users/russe/.pico-sdk/sdk/2.2.0/src/rp2_common/hardware_boot_lock/boot_lock.c.obj
                0x10004f08                __pre_init_runtime_init_boot_locks_reset
 .preinit_array.01000
                0x10004f0c        0x4 CMakeFiles/door-sense-v3-code.dir/C_/Users/russe/.pico-sdk/sdk/2.2.0/src/rp2_common/pico_runtime_init/runtime_init.c.obj
                0x10004f0c                __pre_init_runtime_init_spin_locks_reset
 .preinit_array.01010
                0x10004f10        0x4 CMakeFiles/door-sense-v3-code.dir/C_/Users/russe/.pico-sdk/sdk/2.2.0/src/rp2_common/pico_bootrom/bootrom_lock.c.obj
                0x10004f10                __pre_init_runtime_init_bootrom_locking_enable
 .preinit_array.01100
                0x10004f14        0x4 CMakeFiles/door-sense-v3-code.dir/C_/Users/russe/.pico-sdk/sdk/2.2.0/src/common/pico_sync/mutex.c.obj
                0x10004f14                __pre_init_runtime_init_mutex
 .preinit_array.11000
                0x10004f18        0x4 CMakeFiles/door-sense-v3-code.dir/C_/Users/russe/.pico-sdk/sdk/2.2.0/src/common/pico_time/time.c.obj
                0x10004f18                __pre_init_runtime_init_default_alarm_pool
 .preinit_array.YYYYY
                0x10004f1c        0x4 CMakeFiles/door-sense-v3-code.dir/C_/Users/russe/.pico-sdk/sdk/2.2.0/src/rp2_common/pico_runtime/runtime.c.obj
                0x10004f1c                __pre_init_first_per_core_initializer
 .preinit_array.ZZZZZ.00051
                0x10004f20        0x4 CMakeFiles/door-sense-v3-code.dir/C_/Users/russe/.pico-sdk/sdk/2.2.0/src/rp2_common/pico_runtime_init/runtime_init.c.obj
                0x10004f20                __pre_init_runtime_init_per_core_bootrom_reset
 .preinit_array.ZZZZZ.00060
                0x10004f24        0x4 CMakeFiles/door-sense-v3-code.dir/C_/Users/russe/.pico-sdk/sdk/2.2.0/src/rp2_common/pico_runtime_init/runtime_init.c.obj
                0x10004f24                __pre_init_runtime_init_per_core_h3_irq_registers
 .preinit_array.ZZZZZ.01200
                0x10004f28        0x4 CMakeFiles/door-sense-v3-code.dir/C_/Users/russe/.pico-sdk/sdk/2.2.0/src/rp2_common/hardware_irq/irq.c.obj
                0x10004f28                __pre_init_runtime_init_per_core_irq_priorities
 *(.preinit_array)
                0x10004f2c                        PROVIDE (__preinit_array_end = .)
                0x10004f2c                        . = ALIGN (0x4)
                0x10004f2c                        PROVIDE (__init_array_start = .)
 *(SORT_BY_NAME(.init_array.*))
 .init_array.01000
                0x10004f2c        0x4 CMakeFiles/door-sense-v3-code.dir/C_/Users/russe/.pico-sdk/sdk/2.2.0/src/rp2_common/pico_unique_id/unique_id.c.obj
 *(.init_array)
 .init_array    0x10004f30        0x4 C:/Users/russe/.pico-sdk/toolchain/RISCV_ZCB_RPI_2_2_0_3/bin/../lib/gcc/riscv32-unknown-elf/15.1.0/crtbegin.o
                0x10004f34                        PROVIDE (__init_array_end = .)
                0x10004f34                        . = ALIGN (0x4)
                [!provide]                        PROVIDE (__fini_array_start = .)
 *(SORT_BY_NAME(.fini_array.*))
 *(.fini_array)
                [!provide]                        PROVIDE (__fini_array_end = .)
 *(.eh_frame*)
 .eh_frame      0x10004f34        0x0 C:/Users/russe/.pico-sdk/toolchain/RISCV_ZCB_RPI_2_2_0_3/bin/../lib/gcc/riscv32-unknown-elf/15.1.0/crtbegin.o
                0x10004f34                        . = ALIGN (0x4)

.boot2          0x10004f34        0x0
                0x10004f34                        __boot2_start__ = .
 *(.boot2)
                0x10004f34                        __boot2_end__ = .
                0x00000001                        ASSERT (((__boot2_end__ - __boot2_start__) <= 0x100), ERROR: Pico second stage bootloader must be no more than 256 bytes in size)

.rodata         0x10004f34      0x438
 *(EXCLUDE_FILE(*libm.a: *libc.a:*lib_a-mem*.o *libgcc.a:) .rodata*)
 .rodata.main.str1.4
                0x10004f34      0x174 CMakeFiles/door-sense-v3-code.dir/main.c.obj
                                  0xe (size before relaxing)
 .rodata.panic.str1.4
                0x100050a8        0x0 CMakeFiles/door-sense-v3-code.dir/C_/Users/russe/.pico-sdk/sdk/2.2.0/src/rp2_common/pico_platform_panic/panic.c.obj
                                 0x12 (size before relaxing)
 .rodata.spin_lock_claim_unused.str1.4
                0x100050a8        0x0 CMakeFiles/door-sense-v3-code.dir/C_/Users/russe/.pico-sdk/sdk/2.2.0/src/rp2_common/hardware_sync/sync.c.obj
                                 0x1b (size before relaxing)
 .rodata.user_irq_claim_unused.str1.4
                0x100050a8        0x0 CMakeFiles/door-sense-v3-code.dir/C_/Users/russe/.pico-sdk/sdk/2.2.0/src/rp2_common/hardware_irq/irq.c.obj
                                 0x1b (size before relaxing)
 .rodata.timer_hardware_alarm_claim.str1.4
                0x100050a8        0x0 CMakeFiles/door-sense-v3-code.dir/C_/Users/russe/.pico-sdk/sdk/2.2.0/src/rp2_common/hardware_timer/timer.c.obj
                                 0x22 (size before relaxing)
 .rodata.hard_assertion_failure.str1.4
                0x100050a8        0x0 CMakeFiles/door-sense-v3-code.dir/C_/Users/russe/.pico-sdk/sdk/2.2.0/src/rp2_common/pico_runtime/runtime.c.obj
                                  0xc (size before relaxing)
 .rodata.str1.4
                0x100050a8        0x0 CMakeFiles/door-sense-v3-code.dir/C_/Users/russe/.pico-sdk/sdk/2.2.0/src/rp2_common/pico_standard_binary_info/standard_binary_info.c.obj
                                 0x4c (size before relaxing)
 .rodata.__bi_84
                0x100050a8        0xc CMakeFiles/door-sense-v3-code.dir/C_/Users/russe/.pico-sdk/sdk/2.2.0/src/rp2_common/pico_standard_binary_info/standard_binary_info.c.obj
 .rodata.__bi_78
                0x100050b4        0xc CMakeFiles/door-sense-v3-code.dir/C_/Users/russe/.pico-sdk/sdk/2.2.0/src/rp2_common/pico_standard_binary_info/standard_binary_info.c.obj
 .rodata.__bi_60
                0x100050c0        0xc CMakeFiles/door-sense-v3-code.dir/C_/Users/russe/.pico-sdk/sdk/2.2.0/src/rp2_common/pico_standard_binary_info/standard_binary_info.c.obj
 .rodata.__bi_54
                0x100050cc        0xc CMakeFiles/door-sense-v3-code.dir/C_/Users/russe/.pico-sdk/sdk/2.2.0/src/rp2_common/pico_standard_binary_info/standard_binary_info.c.obj
 .rodata.__bi_48
                0x100050d8        0xc CMakeFiles/door-sense-v3-code.dir/C_/Users/russe/.pico-sdk/sdk/2.2.0/src/rp2_common/pico_standard_binary_info/standard_binary_info.c.obj
 .rodata.__bi_42
                0x100050e4        0xc CMakeFiles/door-sense-v3-code.dir/C_/Users/russe/.pico-sdk/sdk/2.2.0/src/rp2_common/pico_standard_binary_info/standard_binary_info.c.obj
 .rodata.__bi_34
                0x100050f0        0xc CMakeFiles/door-sense-v3-code.dir/C_/Users/russe/.pico-sdk/sdk/2.2.0/src/rp2_common/pico_standard_binary_info/standard_binary_info.c.obj
 .rodata.__bi_26
                0x100050fc        0xc CMakeFiles/door-sense-v3-code.dir/C_/Users/russe/.pico-sdk/sdk/2.2.0/src/rp2_common/pico_standard_binary_info/standard_binary_info.c.obj
 .rodata._resetd_driver
                0x10005108       0x20 CMakeFiles/door-sense-v3-code.dir/C_/Users/russe/.pico-sdk/sdk/2.2.0/src/rp2_common/pico_stdio_usb/reset_interface.c.obj
 .rodata.desc_ms_os_20
                0x10005128       0xa6 CMakeFiles/door-sense-v3-code.dir/C_/Users/russe/.pico-sdk/sdk/2.2.0/src/rp2_common/pico_stdio_usb/reset_interface.c.obj
 *fill*         0x100051ce        0x2 
 .rodata.desc_bos
                0x100051d0       0x21 CMakeFiles/door-sense-v3-code.dir/C_/Users/russe/.pico-sdk/sdk/2.2.0/src/rp2_common/pico_stdio_usb/reset_interface.c.obj
                0x100051d0                desc_bos
 .rodata.str1.4
                0x100051f1        0x0 CMakeFiles/door-sense-v3-code.dir/C_/Users/russe/.pico-sdk/sdk/2.2.0/src/rp2_common/pico_stdio_usb/stdio_usb.c.obj
                                 0x13 (size before relaxing)
 *fill*         0x100051f1        0x3 
 .rodata.__bi_202.0
                0x100051f4        0xc CMakeFiles/door-sense-v3-code.dir/C_/Users/russe/.pico-sdk/sdk/2.2.0/src/rp2_common/pico_stdio_usb/stdio_usb.c.obj
 .rodata.str1.4
                0x10005200        0x0 CMakeFiles/door-sense-v3-code.dir/C_/Users/russe/.pico-sdk/sdk/2.2.0/src/rp2_common/pico_stdio_usb/stdio_usb_descriptors.c.obj
                                 0x2a (size before relaxing)
 .rodata.usbd_desc_str
                0x10005200       0x18 CMakeFiles/door-sense-v3-code.dir/C_/Users/russe/.pico-sdk/sdk/2.2.0/src/rp2_common/pico_stdio_usb/stdio_usb_descriptors.c.obj
 .rodata.usbd_desc_cfg
                0x10005218       0x54 CMakeFiles/door-sense-v3-code.dir/C_/Users/russe/.pico-sdk/sdk/2.2.0/src/rp2_common/pico_stdio_usb/stdio_usb_descriptors.c.obj
 .rodata.usbd_desc_device
                0x1000526c       0x12 CMakeFiles/door-sense-v3-code.dir/C_/Users/russe/.pico-sdk/sdk/2.2.0/src/rp2_common/pico_stdio_usb/stdio_usb_descriptors.c.obj
 .rodata.str1.4
                0x1000527e        0x0 CMakeFiles/door-sense-v3-code.dir/C_/Users/russe/.pico-sdk/sdk/2.2.0/lib/tinyusb/src/portable/raspberrypi/rp2040/dcd_rp2040.c.obj
                                 0x14 (size before relaxing)
 .rodata.str1.4
                0x1000527e        0x0 CMakeFiles/door-sense-v3-code.dir/C_/Users/russe/.pico-sdk/sdk/2.2.0/lib/tinyusb/src/portable/raspberrypi/rp2040/rp2040_usb.c.obj
                                 0x48 (size before relaxing)
 *fill*         0x1000527e        0x2 
 .rodata.tud_task_ext
                0x10005280       0x8c CMakeFiles/door-sense-v3-code.dir/C_/Users/russe/.pico-sdk/sdk/2.2.0/lib/tinyusb/src/device/usbd.c.obj
 .rodata        0x1000530c       0x1c CMakeFiles/door-sense-v3-code.dir/C_/Users/russe/.pico-sdk/sdk/2.2.0/lib/tinyusb/src/device/usbd.c.obj
 .rodata._usbd_driver
                0x10005328       0x40 CMakeFiles/door-sense-v3-code.dir/C_/Users/russe/.pico-sdk/sdk/2.2.0/lib/tinyusb/src/device/usbd.c.obj
 *(.srodata*)
 .srodata.crlf_str.0
                0x10005368        0x2 CMakeFiles/door-sense-v3-code.dir/C_/Users/russe/.pico-sdk/sdk/2.2.0/src/rp2_common/pico_stdio/stdio.c.obj
                0x1000536c                        . = ALIGN (0x4)
 *fill*         0x1000536a        0x2 
 *(SORT_BY_ALIGNMENT(SORT_BY_NAME(.flashdata*)))
                0x1000536c                        . = ALIGN (0x4)

.ARM.extab
 *(.ARM.extab* .gnu.linkonce.armextab.*)
                0x1000536c                        __exidx_start = .

.ARM.exidx
 *(.ARM.exidx* .gnu.linkonce.armexidx.*)
                0x1000536c                        __exidx_end = .
                0x1000536c                        . = ALIGN (0x4)
                0x1000536c                        __binary_info_start = .

.binary_info    0x1000536c       0x24
 *(.binary_info.keep.*)
 .binary_info.keep.__bi_ptr84
                0x1000536c        0x4 CMakeFiles/door-sense-v3-code.dir/C_/Users/russe/.pico-sdk/sdk/2.2.0/src/rp2_common/pico_standard_binary_info/standard_binary_info.c.obj
 .binary_info.keep.__bi_ptr78
                0x10005370        0x4 CMakeFiles/door-sense-v3-code.dir/C_/Users/russe/.pico-sdk/sdk/2.2.0/src/rp2_common/pico_standard_binary_info/standard_binary_info.c.obj
 .binary_info.keep.__bi_ptr60
                0x10005374        0x4 CMakeFiles/door-sense-v3-code.dir/C_/Users/russe/.pico-sdk/sdk/2.2.0/src/rp2_common/pico_standard_binary_info/standard_binary_info.c.obj
 .binary_info.keep.__bi_ptr54
                0x10005378        0x4 CMakeFiles/door-sense-v3-code.dir/C_/Users/russe/.pico-sdk/sdk/2.2.0/src/rp2_common/pico_standard_binary_info/standard_binary_info.c.obj
 .binary_info.keep.__bi_ptr48
                0x1000537c        0x4 CMakeFiles/door-sense-v3-code.dir/C_/Users/russe/.pico-sdk/sdk/2.2.0/src/rp2_common/pico_standard_binary_info/standard_binary_info.c.obj
 .binary_info.keep.__bi_ptr42
                0x10005380        0x4 CMakeFiles/door-sense-v3-code.dir/C_/Users/russe/.pico-sdk/sdk/2.2.0/src/rp2_common/pico_standard_binary_info/standard_binary_info.c.obj
 .binary_info.keep.__bi_ptr34
                0x10005384        0x4 CMakeFiles/door-sense-v3-code.dir/C_/Users/russe/.pico-sdk/sdk/2.2.0/src/rp2_common/pico_standard_binary_info/standard_binary_info.c.obj
 .binary_info.keep.__bi_ptr26
                0x10005388        0x4 CMakeFiles/door-sense-v3-code.dir/C_/Users/russe/.pico-sdk/sdk/2.2.0/src/rp2_common/pico_standard_binary_info/standard_binary_info.c.obj
 *(.binary_info.*)
 .binary_info.__bi_ptr202
                0x1000538c        0x4 CMakeFiles/door-sense-v3-code.dir/C_/Users/russe/.pico-sdk/sdk/2.2.0/src/rp2_common/pico_stdio_usb/stdio_usb.c.obj
                0x10005390                        __binary_info_end = .
                0x10005390                        . = ALIGN (0x4)

.ram_vector_table
 *(.ram_vector_table)

.uninitialized_data
                0x20000000        0x0
                0x20000000                        . = ALIGN (0x4)
 *(.uninitialized_data*)

.data           0x20000000     0x10a8 load address 0x10005390
                0x20000000                        __data_start__ = .
 *(vtable)
 *(.time_critical*)
 .time_critical.mutex_try_enter
                0x20000000       0x5c CMakeFiles/door-sense-v3-code.dir/C_/Users/russe/.pico-sdk/sdk/2.2.0/src/common/pico_sync/mutex.c.obj
                0x20000000                mutex_try_enter
 .time_critical.mutex_enter_block_until
                0x2000005c       0x8c CMakeFiles/door-sense-v3-code.dir/C_/Users/russe/.pico-sdk/sdk/2.2.0/src/common/pico_sync/mutex.c.obj
                0x2000005c                mutex_enter_block_until
 .time_critical.mutex_try_enter_block_until
                0x200000e8       0x6a CMakeFiles/door-sense-v3-code.dir/C_/Users/russe/.pico-sdk/sdk/2.2.0/src/common/pico_sync/mutex.c.obj
                0x200000e8                mutex_try_enter_block_until
 .time_critical.mutex_enter_timeout_ms
                0x20000152       0x44 CMakeFiles/door-sense-v3-code.dir/C_/Users/russe/.pico-sdk/sdk/2.2.0/src/common/pico_sync/mutex.c.obj
                0x20000152                mutex_enter_timeout_ms
 .time_critical.mutex_exit
                0x20000196       0x38 CMakeFiles/door-sense-v3-code.dir/C_/Users/russe/.pico-sdk/sdk/2.2.0/src/common/pico_sync/mutex.c.obj
                0x20000196                mutex_exit
 .time_critical.reset_non_control_endpoints
                0x200001ce       0xa8 CMakeFiles/door-sense-v3-code.dir/C_/Users/russe/.pico-sdk/sdk/2.2.0/lib/tinyusb/src/portable/raspberrypi/rp2040/dcd_rp2040.c.obj
 .time_critical.hw_handle_buff_status
                0x20000276       0xb4 CMakeFiles/door-sense-v3-code.dir/C_/Users/russe/.pico-sdk/sdk/2.2.0/lib/tinyusb/src/portable/raspberrypi/rp2040/dcd_rp2040.c.obj
 .time_critical.dcd_rp2040_irq
                0x2000032a      0x566 CMakeFiles/door-sense-v3-code.dir/C_/Users/russe/.pico-sdk/sdk/2.2.0/lib/tinyusb/src/portable/raspberrypi/rp2040/dcd_rp2040.c.obj
 .time_critical.prepare_ep_buffer
                0x20000890       0xe6 CMakeFiles/door-sense-v3-code.dir/C_/Users/russe/.pico-sdk/sdk/2.2.0/lib/tinyusb/src/portable/raspberrypi/rp2040/rp2040_usb.c.obj
 .time_critical.sync_ep_buffer
                0x20000976       0xc4 CMakeFiles/door-sense-v3-code.dir/C_/Users/russe/.pico-sdk/sdk/2.2.0/lib/tinyusb/src/portable/raspberrypi/rp2040/rp2040_usb.c.obj
 .time_critical._hw_endpoint_xfer_sync
                0x20000a3a       0x38 CMakeFiles/door-sense-v3-code.dir/C_/Users/russe/.pico-sdk/sdk/2.2.0/lib/tinyusb/src/portable/raspberrypi/rp2040/rp2040_usb.c.obj
 .time_critical.e15_is_bulkin_ep
                0x20000a72       0x28 CMakeFiles/door-sense-v3-code.dir/C_/Users/russe/.pico-sdk/sdk/2.2.0/lib/tinyusb/src/portable/raspberrypi/rp2040/rp2040_usb.c.obj
 .time_critical.e15_is_critical_frame_period
                0x20000a9a       0x22 CMakeFiles/door-sense-v3-code.dir/C_/Users/russe/.pico-sdk/sdk/2.2.0/lib/tinyusb/src/portable/raspberrypi/rp2040/rp2040_usb.c.obj
 .time_critical.hw_endpoint_reset_transfer
                0x20000abc        0xe CMakeFiles/door-sense-v3-code.dir/C_/Users/russe/.pico-sdk/sdk/2.2.0/lib/tinyusb/src/portable/raspberrypi/rp2040/rp2040_usb.c.obj
                0x20000abc                hw_endpoint_reset_transfer
 *fill*         0x20000aca        0x2 
 .time_critical._hw_endpoint_buffer_control_update32
                0x20000acc       0x50 CMakeFiles/door-sense-v3-code.dir/C_/Users/russe/.pico-sdk/sdk/2.2.0/lib/tinyusb/src/portable/raspberrypi/rp2040/rp2040_usb.c.obj
                0x20000acc                _hw_endpoint_buffer_control_update32
 .time_critical.hw_endpoint_start_next_buffer
                0x20000b1c       0x6a CMakeFiles/door-sense-v3-code.dir/C_/Users/russe/.pico-sdk/sdk/2.2.0/lib/tinyusb/src/portable/raspberrypi/rp2040/rp2040_usb.c.obj
                0x20000b1c                hw_endpoint_start_next_buffer
 .time_critical.hw_endpoint_xfer_continue
                0x20000b86       0x58 CMakeFiles/door-sense-v3-code.dir/C_/Users/russe/.pico-sdk/sdk/2.2.0/lib/tinyusb/src/portable/raspberrypi/rp2040/rp2040_usb.c.obj
                0x20000b86                hw_endpoint_xfer_continue
 .time_critical.tinyusb
                0x20000bde      0x244 CMakeFiles/door-sense-v3-code.dir/C_/Users/russe/.pico-sdk/sdk/2.2.0/lib/tinyusb/src/device/usbd.c.obj
                0x20000bde                dcd_event_handler
 *(.text*)
                0x20000e24                        . = ALIGN (0x4)
 *fill*         0x20000e22        0x2 
 *(.rodata*)
                0x20000e24                        . = ALIGN (0x4)
 *(.data*)
 .data.init_cmd_buf
                0x20000e24        0xa CMakeFiles/door-sense-v3-code.dir/libraries/dfplayer/dfplayer.c.obj
                0x20000e24                init_cmd_buf
 *fill*         0x20000e2e        0x2 
 .data          0x20000e30       0x4a CMakeFiles/door-sense-v3-code.dir/C_/Users/russe/.pico-sdk/sdk/2.2.0/src/rp2_common/hardware_irq/irq_handler_chain.S.obj
                0x20000e30                irq_handler_chain_slots
                0x20000e60                irq_handler_chain_first_slot
                0x20000e6c                irq_handler_chain_remove_tail
 *fill*         0x20000e7a        0x2 
 .data.default_alarm_pool
                0x20000e7c       0x18 CMakeFiles/door-sense-v3-code.dir/C_/Users/russe/.pico-sdk/sdk/2.2.0/src/common/pico_time/time.c.obj
 *fill*         0x20000e94       0x2c 
 .data          0x20000ec0      0x1a8 CMakeFiles/door-sense-v3-code.dir/C_/Users/russe/.pico-sdk/sdk/2.2.0/src/rp2_common/pico_crt0/crt0_riscv.S.obj
                0x20000ec0                __VECTOR_TABLE
                0x20000ec0                __vectors
                0x20000eec                isr_riscv_machine_external_irq
                0x20000f90                __soft_vector_table
                0x20001060                isr_riscv_machine_timer
                0x20001060                __default_isrs_start
                0x20001060                isr_riscv_machine_exception
                0x20001062                isr_riscv_machine_soft_irq
                0x20001064                isr_irqIRQN
                0x20001064                __unhandled_user_irq
                0x20001064                unhandled_user_irq_num_in_a0
                0x20001068                __default_isrs_end
 .data.stdio_usb
                0x20001068       0x18 CMakeFiles/door-sense-v3-code.dir/C_/Users/russe/.pico-sdk/sdk/2.2.0/src/rp2_common/pico_stdio_usb/stdio_usb.c.obj
                0x20001068                stdio_usb
 .data._usbd_qdef
                0x20001080       0x1c CMakeFiles/door-sense-v3-code.dir/C_/Users/russe/.pico-sdk/sdk/2.2.0/lib/tinyusb/src/device/usbd.c.obj
                0x20001080                _usbd_qdef
 *(.sdata*)
 .sdata.dfplayer_checksum_tx
                0x2000109c        0x1 CMakeFiles/door-sense-v3-code.dir/libraries/dfplayer/dfplayer.c.obj
                0x2000109c                dfplayer_checksum_tx
 .sdata.striped_spin_lock_num
                0x2000109d        0x1 CMakeFiles/door-sense-v3-code.dir/C_/Users/russe/.pico-sdk/sdk/2.2.0/src/rp2_common/hardware_sync/sync.c.obj
 .sdata._usbd_rhport
                0x2000109e        0x1 CMakeFiles/door-sense-v3-code.dir/C_/Users/russe/.pico-sdk/sdk/2.2.0/lib/tinyusb/src/device/usbd.c.obj
                0x200010a0                        . = ALIGN (0x4)
 *fill*         0x2000109f        0x1 
 *(.after_data.*)
                0x200010a0                        . = ALIGN (0x4)
                0x200010a0                        PROVIDE (__mutex_array_start = .)
 *(SORT_BY_NAME(.mutex_array.*))
 *(.mutex_array)
 .mutex_array   0x200010a0        0x8 CMakeFiles/door-sense-v3-code.dir/C_/Users/russe/.pico-sdk/sdk/2.2.0/src/rp2_common/pico_stdio/stdio.c.obj
                0x200010a8                        PROVIDE (__mutex_array_end = .)
 *(.jcr)
                0x200010a8                        . = ALIGN (0x4)

.tdata          0x200010a8        0x0 load address 0x10006438
                0x200010a8                        . = ALIGN (0x4)
 *(.tdata .tdata.* .gnu.linkonce.td.*)
                0x200010a8                        __tdata_end = .
                0x200010a8                        PROVIDE (__data_end__ = .)
                0x10005390                        __etext = LOADADDR (.data)

.tbss           0x200010a8        0x0 load address 0x10006438
                0x200010a8                        . = ALIGN (0x4)
                0x200010a8                        __bss_start__ = .
                0x200010a8                        __tls_base = .
 *(.tbss .tbss.* .gnu.linkonce.tb.*)
 *(.tcommon)
                0x200010a8                        __tls_end = .

.bss            0x200010a8      0xc50 load address 0x10006438
                0x200010a8                        . = ALIGN (0x4)
                0x200010a8                        __tbss_end = .
 *(SORT_BY_ALIGNMENT(SORT_BY_NAME(.bss*)))
 .bss.default_alarm_pool_entries
                0x200010a8      0x180 CMakeFiles/door-sense-v3-code.dir/C_/Users/russe/.pico-sdk/sdk/2.2.0/src/common/pico_time/time.c.obj
 .bss           0x20001228       0x1c C:/Users/russe/.pico-sdk/toolchain/RISCV_ZCB_RPI_2_2_0_3/bin/../lib/gcc/riscv32-unknown-elf/15.1.0/crtbegin.o
 .bss._cdcd_epbuf
                0x20001244       0x80 CMakeFiles/door-sense-v3-code.dir/C_/Users/russe/.pico-sdk/sdk/2.2.0/lib/tinyusb/src/class/cdc/cdc_device.c.obj
 .bss._cdcd_itf
                0x200012c4       0xc8 CMakeFiles/door-sense-v3-code.dir/C_/Users/russe/.pico-sdk/sdk/2.2.0/lib/tinyusb/src/class/cdc/cdc_device.c.obj
 .bss._ctrl_epbuf
                0x2000138c       0x40 CMakeFiles/door-sense-v3-code.dir/C_/Users/russe/.pico-sdk/sdk/2.2.0/lib/tinyusb/src/device/usbd_control.c.obj
 .bss._ctrl_xfer
                0x200013cc       0x14 CMakeFiles/door-sense-v3-code.dir/C_/Users/russe/.pico-sdk/sdk/2.2.0/lib/tinyusb/src/device/usbd_control.c.obj
 .bss._sw_spin_locks
                0x200013e0       0x20 CMakeFiles/door-sense-v3-code.dir/C_/Users/russe/.pico-sdk/sdk/2.2.0/src/rp2_common/hardware_sync_spin_lock/sync_spin_lock.c.obj
                0x200013e0                _sw_spin_locks
 .bss._usbd_dev
                0x20001400       0x54 CMakeFiles/door-sense-v3-code.dir/C_/Users/russe/.pico-sdk/sdk/2.2.0/lib/tinyusb/src/device/usbd.c.obj
 .bss._usbd_qdef_buf
                0x20001454       0xc0 CMakeFiles/door-sense-v3-code.dir/C_/Users/russe/.pico-sdk/sdk/2.2.0/lib/tinyusb/src/device/usbd.c.obj
                0x20001454                _usbd_qdef_buf
 .bss._vendord_epbuf
                0x20001514       0x80 CMakeFiles/door-sense-v3-code.dir/C_/Users/russe/.pico-sdk/sdk/2.2.0/lib/tinyusb/src/class/vendor/vendor_device.c.obj
 .bss._vendord_itf
                0x20001594      0x24c CMakeFiles/door-sense-v3-code.dir/C_/Users/russe/.pico-sdk/sdk/2.2.0/lib/tinyusb/src/class/vendor/vendor_device.c.obj
 .bss.configured_freq
                0x200017e0       0x28 CMakeFiles/door-sense-v3-code.dir/C_/Users/russe/.pico-sdk/sdk/2.2.0/src/rp2_common/hardware_clocks/clocks.c.obj
 .bss.desc_str.0
                0x20001808       0x28 CMakeFiles/door-sense-v3-code.dir/C_/Users/russe/.pico-sdk/sdk/2.2.0/src/rp2_common/pico_stdio_usb/stdio_usb_descriptors.c.obj
 .bss.hw_endpoints
                0x20001830      0x400 CMakeFiles/door-sense-v3-code.dir/C_/Users/russe/.pico-sdk/sdk/2.2.0/lib/tinyusb/src/portable/raspberrypi/rp2040/dcd_rp2040.c.obj
 .bss.pools     0x20001c30       0x20 CMakeFiles/door-sense-v3-code.dir/C_/Users/russe/.pico-sdk/sdk/2.2.0/src/common/pico_time/time.c.obj
 .bss.usbd_serial_str
                0x20001c50       0x11 CMakeFiles/door-sense-v3-code.dir/C_/Users/russe/.pico-sdk/sdk/2.2.0/src/rp2_common/pico_stdio_usb/stdio_usb_descriptors.c.obj
 *(COMMON)
                0x20002461                        PROVIDE (__global_pointer$ = (. + 0x800))
 *(.sbss*)
 *fill*         0x20001c61        0x3 
 .sbss.dfplayer
                0x20001c64        0x8 CMakeFiles/door-sense-v3-code.dir/main.c.obj
                0x20001c64                dfplayer
 .sbss.claimed  0x20001c6c        0x4 CMakeFiles/door-sense-v3-code.dir/C_/Users/russe/.pico-sdk/sdk/2.2.0/src/rp2_common/hardware_sync/sync.c.obj
 .sbss.irq_handler_chain_free_slot_head
                0x20001c70        0x1 CMakeFiles/door-sense-v3-code.dir/C_/Users/russe/.pico-sdk/sdk/2.2.0/src/rp2_common/hardware_irq/irq.c.obj
 .sbss.user_irq_claimed
                0x20001c71        0x1 CMakeFiles/door-sense-v3-code.dir/C_/Users/russe/.pico-sdk/sdk/2.2.0/src/rp2_common/hardware_irq/irq.c.obj
 *fill*         0x20001c72        0x2 
 .sbss.sleep_notifier
                0x20001c74        0x4 CMakeFiles/door-sense-v3-code.dir/C_/Users/russe/.pico-sdk/sdk/2.2.0/src/common/pico_time/time.c.obj
 .sbss.claimed  0x20001c78        0x2 CMakeFiles/door-sense-v3-code.dir/C_/Users/russe/.pico-sdk/sdk/2.2.0/src/rp2_common/hardware_timer/timer.c.obj
 *fill*         0x20001c7a        0x2 
 .sbss.uart_char_to_line_feed
                0x20001c7c        0x4 CMakeFiles/door-sense-v3-code.dir/C_/Users/russe/.pico-sdk/sdk/2.2.0/src/rp2_common/hardware_uart/uart.c.obj
                0x20001c7c                uart_char_to_line_feed
 .sbss.load_value
                0x20001c80        0x4 CMakeFiles/door-sense-v3-code.dir/C_/Users/russe/.pico-sdk/sdk/2.2.0/src/rp2_common/hardware_watchdog/watchdog.c.obj
 .sbss.lazy_vsnprintf
                0x20001c84        0x4 CMakeFiles/door-sense-v3-code.dir/C_/Users/russe/.pico-sdk/sdk/2.2.0/src/rp2_common/pico_printf/printf.c.obj
 .sbss.filter   0x20001c88        0x4 CMakeFiles/door-sense-v3-code.dir/C_/Users/russe/.pico-sdk/sdk/2.2.0/src/rp2_common/pico_stdio/stdio.c.obj
 .sbss.drivers  0x20001c8c        0x4 CMakeFiles/door-sense-v3-code.dir/C_/Users/russe/.pico-sdk/sdk/2.2.0/src/rp2_common/pico_stdio/stdio.c.obj
 .sbss.itf_num  0x20001c90        0x1 CMakeFiles/door-sense-v3-code.dir/C_/Users/russe/.pico-sdk/sdk/2.2.0/src/rp2_common/pico_stdio_usb/reset_interface.c.obj
 *fill*         0x20001c91        0x7 
 .sbss.last_avail_time.1
                0x20001c98        0x8 CMakeFiles/door-sense-v3-code.dir/C_/Users/russe/.pico-sdk/sdk/2.2.0/src/rp2_common/pico_stdio_usb/stdio_usb.c.obj
 .sbss.low_priority_irq_num
                0x20001ca0        0x1 CMakeFiles/door-sense-v3-code.dir/C_/Users/russe/.pico-sdk/sdk/2.2.0/src/rp2_common/pico_stdio_usb/stdio_usb.c.obj
 .sbss.one_shot_timer_pending
                0x20001ca1        0x1 CMakeFiles/door-sense-v3-code.dir/C_/Users/russe/.pico-sdk/sdk/2.2.0/src/rp2_common/pico_stdio_usb/stdio_usb.c.obj
 *fill*         0x20001ca2        0x2 
 .sbss.one_shot_timer_crit_sec
                0x20001ca4        0x8 CMakeFiles/door-sense-v3-code.dir/C_/Users/russe/.pico-sdk/sdk/2.2.0/src/rp2_common/pico_stdio_usb/stdio_usb.c.obj
 .sbss.chars_available_param
                0x20001cac        0x4 CMakeFiles/door-sense-v3-code.dir/C_/Users/russe/.pico-sdk/sdk/2.2.0/src/rp2_common/pico_stdio_usb/stdio_usb.c.obj
 .sbss.chars_available_callback
                0x20001cb0        0x4 CMakeFiles/door-sense-v3-code.dir/C_/Users/russe/.pico-sdk/sdk/2.2.0/src/rp2_common/pico_stdio_usb/stdio_usb.c.obj
 .sbss.stdio_usb_mutex
                0x20001cb4        0x8 CMakeFiles/door-sense-v3-code.dir/C_/Users/russe/.pico-sdk/sdk/2.2.0/src/rp2_common/pico_stdio_usb/stdio_usb.c.obj
 .sbss.retrieved_id
                0x20001cbc        0x8 CMakeFiles/door-sense-v3-code.dir/C_/Users/russe/.pico-sdk/sdk/2.2.0/src/rp2_common/pico_unique_id/unique_id.c.obj
 .sbss._sof_enable
                0x20001cc4        0x1 CMakeFiles/door-sense-v3-code.dir/C_/Users/russe/.pico-sdk/sdk/2.2.0/lib/tinyusb/src/portable/raspberrypi/rp2040/dcd_rp2040.c.obj
 *fill*         0x20001cc5        0x3 
 .sbss.next_buffer_ptr
                0x20001cc8        0x4 CMakeFiles/door-sense-v3-code.dir/C_/Users/russe/.pico-sdk/sdk/2.2.0/lib/tinyusb/src/portable/raspberrypi/rp2040/dcd_rp2040.c.obj
 .sbss.e15_last_sof
                0x20001ccc        0x4 CMakeFiles/door-sense-v3-code.dir/C_/Users/russe/.pico-sdk/sdk/2.2.0/lib/tinyusb/src/portable/raspberrypi/rp2040/rp2040_usb.c.obj
                0x20001ccc                e15_last_sof
 .sbss._usbd_mutex
                0x20001cd0        0x4 CMakeFiles/door-sense-v3-code.dir/C_/Users/russe/.pico-sdk/sdk/2.2.0/lib/tinyusb/src/device/usbd.c.obj
 .sbss._ubsd_mutexdef
                0x20001cd4        0x8 CMakeFiles/door-sense-v3-code.dir/C_/Users/russe/.pico-sdk/sdk/2.2.0/lib/tinyusb/src/device/usbd.c.obj
 .sbss._usbd_q  0x20001cdc        0x4 CMakeFiles/door-sense-v3-code.dir/C_/Users/russe/.pico-sdk/sdk/2.2.0/lib/tinyusb/src/device/usbd.c.obj
 .sbss._app_driver_count
                0x20001ce0        0x1 CMakeFiles/door-sense-v3-code.dir/C_/Users/russe/.pico-sdk/sdk/2.2.0/lib/tinyusb/src/device/usbd.c.obj
 *fill*         0x20001ce1        0x3 
 .sbss._app_driver
                0x20001ce4        0x4 CMakeFiles/door-sense-v3-code.dir/C_/Users/russe/.pico-sdk/sdk/2.2.0/lib/tinyusb/src/device/usbd.c.obj
 .sbss._usbd_queued_setup
                0x20001ce8        0x1 CMakeFiles/door-sense-v3-code.dir/C_/Users/russe/.pico-sdk/sdk/2.2.0/lib/tinyusb/src/device/usbd.c.obj
 *fill*         0x20001ce9        0x3 
 .sbss._cdcd_fifo_cfg
                0x20001cec        0x1 CMakeFiles/door-sense-v3-code.dir/C_/Users/russe/.pico-sdk/sdk/2.2.0/lib/tinyusb/src/class/cdc/cdc_device.c.obj
 *fill*         0x20001ced        0x3 
 .sbss._tusb_rhport_role
                0x20001cf0        0x8 CMakeFiles/door-sense-v3-code.dir/C_/Users/russe/.pico-sdk/sdk/2.2.0/lib/tinyusb/src/tusb.c.obj
                0x20001cf0                _tusb_rhport_role
                0x20001cf8                        . = ALIGN (0x4)
                0x20001cf8                        __bss_end__ = .

.heap           0x20001cf8      0x800 load address 0x10006438
                0x20001cf8                        __end__ = .
                0x20001cf8                        end = __end__
 *(.heap*)
 .heap          0x20001cf8      0x800 CMakeFiles/door-sense-v3-code.dir/C_/Users/russe/.pico-sdk/sdk/2.2.0/src/rp2_common/pico_crt0/crt0_riscv.S.obj
                0x20080000                        __HeapLimit = (ORIGIN (RAM) + LENGTH (RAM))

.scratch_x      0x20080000        0x0 load address 0x10006438
                0x20080000                        __scratch_x_start__ = .
 *(.scratch_x.*)
                0x20080000                        . = ALIGN (0x4)
                0x20080000                        __scratch_x_end__ = .
                0x10006438                        __scratch_x_source__ = LOADADDR (.scratch_x)

.scratch_y      0x20081000        0x0 load address 0x10006438
                0x20081000                        __scratch_y_start__ = .
 *(.scratch_y.*)
                0x20081000                        . = ALIGN (0x4)
                0x20081000                        __scratch_y_end__ = .
                0x10006438                        __scratch_y_source__ = LOADADDR (.scratch_y)

.stack1_dummy
 *(.stack1*)

.stack_dummy    0x20081000      0x800
 *(.stack*)
 .stack         0x20081000      0x800 CMakeFiles/door-sense-v3-code.dir/C_/Users/russe/.pico-sdk/sdk/2.2.0/src/rp2_common/pico_crt0/crt0_riscv.S.obj

.flash_end      0x10006438       0x14
 *(.embedded_end_block*)
 .embedded_end_block
                0x10006438       0x14 CMakeFiles/door-sense-v3-code.dir/C_/Users/russe/.pico-sdk/sdk/2.2.0/src/rp2_common/pico_crt0/crt0_riscv.S.obj
                0x1000644c                        PROVIDE (__flash_binary_end = .)
                0x20080000                        __StackLimit = (ORIGIN (RAM) + LENGTH (RAM))
                0x20081000                        __StackOneTop = (ORIGIN (SCRATCH_X) + LENGTH (SCRATCH_X))
                0x20082000                        __StackTop = (ORIGIN (SCRATCH_Y) + LENGTH (SCRATCH_Y))
                0x20081000                        __StackOneBottom = (__StackOneTop - SIZEOF (.stack1_dummy))
                0x20081800                        __StackBottom = (__StackTop - SIZEOF (.stack_dummy))
                [!provide]                        PROVIDE (__stack = __StackTop)
                [!provide]                        PROVIDE (__heap_start = __end__)
                [!provide]                        PROVIDE (__heap_end = __HeapLimit)
                [!provide]                        PROVIDE (__tls_align = MAX (ALIGNOF (.tdata), ALIGNOF (.tbss)))
                [!provide]                        PROVIDE (__tls_size_align = (((__tls_size + __tls_align) - 0x1) & ~ ((__tls_align - 0x1))))
                [!provide]                        PROVIDE (__arm32_tls_tcb_offset = MAX (0x8, __tls_align))
                0x20001cf8                        PROVIDE (_end = __end__)
                [!provide]                        PROVIDE (__llvm_libc_heap_limit = __HeapLimit)
                0x00000001                        ASSERT ((__StackLimit >= __HeapLimit), region RAM overflowed)
                0x00000001                        ASSERT (((__binary_info_header_end - __logical_binary_start) <= 0x400), Binary info must be in first 1024 bytes of the binary)
                0x00000001                        ASSERT (((__embedded_block_end - __logical_binary_start) <= 0x1000), Embedded block must be in first 4096 bytes of the binary)
LOAD CMakeFiles/door-sense-v3-code.dir/main.c.obj
LOAD CMakeFiles/door-sense-v3-code.dir/communication/src/doorsense_uart.c.obj
LOAD CMakeFiles/door-sense-v3-code.dir/libraries/lcd/src/charlcd.c.obj
LOAD CMakeFiles/door-sense-v3-code.dir/libraries/lcd/src/functions.c.obj
LOAD CMakeFiles/door-sense-v3-code.dir/libraries/dfplayer/dfplayer.c.obj
LOAD CMakeFiles/door-sense-v3-code.dir/peripherals/src/audio.c.obj
LOAD CMakeFiles/door-sense-v3-code.dir/peripherals/src/lcd.c.obj
LOAD CMakeFiles/door-sense-v3-code.dir/peripherals/src/leds.c.obj
LOAD CMakeFiles/door-sense-v3-code.dir/C_/Users/russe/.pico-sdk/sdk/2.2.0/src/rp2_common/pico_stdlib/stdlib.c.obj
LOAD CMakeFiles/door-sense-v3-code.dir/C_/Users/russe/.pico-sdk/sdk/2.2.0/src/rp2_common/hardware_gpio/gpio.c.obj
LOAD CMakeFiles/door-sense-v3-code.dir/C_/Users/russe/.pico-sdk/sdk/2.2.0/src/rp2350/pico_platform/platform.c.obj
LOAD CMakeFiles/door-sense-v3-code.dir/C_/Users/russe/.pico-sdk/sdk/2.2.0/src/rp2_common/pico_platform_common/common.c.obj
LOAD CMakeFiles/door-sense-v3-code.dir/C_/Users/russe/.pico-sdk/sdk/2.2.0/src/rp2_common/pico_platform_panic/panic.c.obj
LOAD CMakeFiles/door-sense-v3-code.dir/C_/Users/russe/.pico-sdk/sdk/2.2.0/src/common/hardware_claim/claim.c.obj
LOAD CMakeFiles/door-sense-v3-code.dir/C_/Users/russe/.pico-sdk/sdk/2.2.0/src/rp2_common/hardware_sync/sync.c.obj
LOAD CMakeFiles/door-sense-v3-code.dir/C_/Users/russe/.pico-sdk/sdk/2.2.0/src/rp2_common/hardware_sync_spin_lock/sync_spin_lock.c.obj
LOAD CMakeFiles/door-sense-v3-code.dir/C_/Users/russe/.pico-sdk/sdk/2.2.0/src/rp2_common/hardware_irq/irq.c.obj
LOAD CMakeFiles/door-sense-v3-code.dir/C_/Users/russe/.pico-sdk/sdk/2.2.0/src/rp2_common/hardware_irq/irq_handler_chain.S.obj
LOAD CMakeFiles/door-sense-v3-code.dir/C_/Users/russe/.pico-sdk/sdk/2.2.0/src/common/pico_sync/sem.c.obj
LOAD CMakeFiles/door-sense-v3-code.dir/C_/Users/russe/.pico-sdk/sdk/2.2.0/src/common/pico_sync/lock_core.c.obj
LOAD CMakeFiles/door-sense-v3-code.dir/C_/Users/russe/.pico-sdk/sdk/2.2.0/src/common/pico_sync/mutex.c.obj
LOAD CMakeFiles/door-sense-v3-code.dir/C_/Users/russe/.pico-sdk/sdk/2.2.0/src/common/pico_sync/critical_section.c.obj
LOAD CMakeFiles/door-sense-v3-code.dir/C_/Users/russe/.pico-sdk/sdk/2.2.0/src/common/pico_time/time.c.obj
LOAD CMakeFiles/door-sense-v3-code.dir/C_/Users/russe/.pico-sdk/sdk/2.2.0/src/common/pico_time/timeout_helper.c.obj
LOAD CMakeFiles/door-sense-v3-code.dir/C_/Users/russe/.pico-sdk/sdk/2.2.0/src/rp2_common/hardware_timer/timer.c.obj
LOAD CMakeFiles/door-sense-v3-code.dir/C_/Users/russe/.pico-sdk/sdk/2.2.0/src/common/pico_util/datetime.c.obj
LOAD CMakeFiles/door-sense-v3-code.dir/C_/Users/russe/.pico-sdk/sdk/2.2.0/src/common/pico_util/pheap.c.obj
LOAD CMakeFiles/door-sense-v3-code.dir/C_/Users/russe/.pico-sdk/sdk/2.2.0/src/common/pico_util/queue.c.obj
LOAD CMakeFiles/door-sense-v3-code.dir/C_/Users/russe/.pico-sdk/sdk/2.2.0/src/rp2_common/hardware_uart/uart.c.obj
LOAD CMakeFiles/door-sense-v3-code.dir/C_/Users/russe/.pico-sdk/sdk/2.2.0/src/rp2_common/hardware_clocks/clocks.c.obj
LOAD CMakeFiles/door-sense-v3-code.dir/C_/Users/russe/.pico-sdk/sdk/2.2.0/src/rp2_common/hardware_pll/pll.c.obj
LOAD CMakeFiles/door-sense-v3-code.dir/C_/Users/russe/.pico-sdk/sdk/2.2.0/src/rp2_common/hardware_vreg/vreg.c.obj
LOAD CMakeFiles/door-sense-v3-code.dir/C_/Users/russe/.pico-sdk/sdk/2.2.0/src/rp2_common/hardware_watchdog/watchdog.c.obj
LOAD CMakeFiles/door-sense-v3-code.dir/C_/Users/russe/.pico-sdk/sdk/2.2.0/src/rp2_common/hardware_ticks/ticks.c.obj
LOAD CMakeFiles/door-sense-v3-code.dir/C_/Users/russe/.pico-sdk/sdk/2.2.0/src/rp2_common/pico_bootrom/bootrom.c.obj
LOAD CMakeFiles/door-sense-v3-code.dir/C_/Users/russe/.pico-sdk/sdk/2.2.0/src/rp2_common/pico_bootrom/bootrom_lock.c.obj
LOAD CMakeFiles/door-sense-v3-code.dir/C_/Users/russe/.pico-sdk/sdk/2.2.0/src/rp2_common/hardware_boot_lock/boot_lock.c.obj
LOAD CMakeFiles/door-sense-v3-code.dir/C_/Users/russe/.pico-sdk/sdk/2.2.0/src/rp2_common/pico_flash/flash.c.obj
LOAD CMakeFiles/door-sense-v3-code.dir/C_/Users/russe/.pico-sdk/sdk/2.2.0/src/rp2_common/hardware_xosc/xosc.c.obj
LOAD CMakeFiles/door-sense-v3-code.dir/C_/Users/russe/.pico-sdk/sdk/2.2.0/src/rp2_common/hardware_divider/divider.c.obj
LOAD CMakeFiles/door-sense-v3-code.dir/C_/Users/russe/.pico-sdk/sdk/2.2.0/src/rp2_common/pico_runtime/runtime.c.obj
LOAD CMakeFiles/door-sense-v3-code.dir/C_/Users/russe/.pico-sdk/sdk/2.2.0/src/rp2_common/pico_runtime_init/runtime_init.c.obj
LOAD CMakeFiles/door-sense-v3-code.dir/C_/Users/russe/.pico-sdk/sdk/2.2.0/src/rp2_common/pico_runtime_init/runtime_init_clocks.c.obj
LOAD CMakeFiles/door-sense-v3-code.dir/C_/Users/russe/.pico-sdk/sdk/2.2.0/src/rp2_common/pico_runtime_init/runtime_init_stack_guard.c.obj
LOAD CMakeFiles/door-sense-v3-code.dir/C_/Users/russe/.pico-sdk/sdk/2.2.0/src/rp2_common/pico_bit_ops/bit_ops_aeabi.S.obj
LOAD CMakeFiles/door-sense-v3-code.dir/C_/Users/russe/.pico-sdk/sdk/2.2.0/src/rp2_common/pico_divider/divider_compiler.c.obj
LOAD CMakeFiles/door-sense-v3-code.dir/C_/Users/russe/.pico-sdk/sdk/2.2.0/src/rp2_common/pico_float/float_single_hazard3.S.obj
LOAD CMakeFiles/door-sense-v3-code.dir/C_/Users/russe/.pico-sdk/sdk/2.2.0/src/rp2_common/pico_malloc/malloc.c.obj
LOAD CMakeFiles/door-sense-v3-code.dir/C_/Users/russe/.pico-sdk/sdk/2.2.0/src/rp2_common/pico_atomic/atomic.c.obj
LOAD CMakeFiles/door-sense-v3-code.dir/C_/Users/russe/.pico-sdk/sdk/2.2.0/src/rp2_common/pico_cxx_options/new_delete.cpp.obj
LOAD CMakeFiles/door-sense-v3-code.dir/C_/Users/russe/.pico-sdk/sdk/2.2.0/src/rp2_common/pico_standard_binary_info/standard_binary_info.c.obj
LOAD CMakeFiles/door-sense-v3-code.dir/C_/Users/russe/.pico-sdk/sdk/2.2.0/src/rp2_common/pico_printf/printf.c.obj
LOAD CMakeFiles/door-sense-v3-code.dir/C_/Users/russe/.pico-sdk/sdk/2.2.0/src/rp2_common/pico_crt0/crt0_riscv.S.obj
LOAD CMakeFiles/door-sense-v3-code.dir/C_/Users/russe/.pico-sdk/sdk/2.2.0/src/rp2_common/pico_clib_interface/newlib_interface.c.obj
LOAD CMakeFiles/door-sense-v3-code.dir/C_/Users/russe/.pico-sdk/sdk/2.2.0/src/rp2_common/pico_stdio/stdio.c.obj
LOAD CMakeFiles/door-sense-v3-code.dir/C_/Users/russe/.pico-sdk/sdk/2.2.0/src/rp2_common/pico_stdio_usb/reset_interface.c.obj
LOAD CMakeFiles/door-sense-v3-code.dir/C_/Users/russe/.pico-sdk/sdk/2.2.0/src/rp2_common/pico_stdio_usb/stdio_usb.c.obj
LOAD CMakeFiles/door-sense-v3-code.dir/C_/Users/russe/.pico-sdk/sdk/2.2.0/src/rp2_common/pico_stdio_usb/stdio_usb_descriptors.c.obj
LOAD CMakeFiles/door-sense-v3-code.dir/C_/Users/russe/.pico-sdk/sdk/2.2.0/src/rp2_common/pico_unique_id/unique_id.c.obj
LOAD CMakeFiles/door-sense-v3-code.dir/C_/Users/russe/.pico-sdk/sdk/2.2.0/src/rp2_common/hardware_flash/flash.c.obj
LOAD CMakeFiles/door-sense-v3-code.dir/C_/Users/russe/.pico-sdk/sdk/2.2.0/src/rp2_common/hardware_xip_cache/xip_cache.c.obj
LOAD CMakeFiles/door-sense-v3-code.dir/C_/Users/russe/.pico-sdk/sdk/2.2.0/lib/tinyusb/src/portable/raspberrypi/rp2040/dcd_rp2040.c.obj
LOAD CMakeFiles/door-sense-v3-code.dir/C_/Users/russe/.pico-sdk/sdk/2.2.0/lib/tinyusb/src/portable/raspberrypi/rp2040/rp2040_usb.c.obj
LOAD CMakeFiles/door-sense-v3-code.dir/C_/Users/russe/.pico-sdk/sdk/2.2.0/lib/tinyusb/src/device/usbd.c.obj
LOAD CMakeFiles/door-sense-v3-code.dir/C_/Users/russe/.pico-sdk/sdk/2.2.0/lib/tinyusb/src/device/usbd_control.c.obj
LOAD CMakeFiles/door-sense-v3-code.dir/C_/Users/russe/.pico-sdk/sdk/2.2.0/lib/tinyusb/src/class/audio/audio_device.c.obj
LOAD CMakeFiles/door-sense-v3-code.dir/C_/Users/russe/.pico-sdk/sdk/2.2.0/lib/tinyusb/src/class/cdc/cdc_device.c.obj
LOAD CMakeFiles/door-sense-v3-code.dir/C_/Users/russe/.pico-sdk/sdk/2.2.0/lib/tinyusb/src/class/dfu/dfu_device.c.obj
LOAD CMakeFiles/door-sense-v3-code.dir/C_/Users/russe/.pico-sdk/sdk/2.2.0/lib/tinyusb/src/class/dfu/dfu_rt_device.c.obj
LOAD CMakeFiles/door-sense-v3-code.dir/C_/Users/russe/.pico-sdk/sdk/2.2.0/lib/tinyusb/src/class/hid/hid_device.c.obj
LOAD CMakeFiles/door-sense-v3-code.dir/C_/Users/russe/.pico-sdk/sdk/2.2.0/lib/tinyusb/src/class/midi/midi_device.c.obj
LOAD CMakeFiles/door-sense-v3-code.dir/C_/Users/russe/.pico-sdk/sdk/2.2.0/lib/tinyusb/src/class/msc/msc_device.c.obj
LOAD CMakeFiles/door-sense-v3-code.dir/C_/Users/russe/.pico-sdk/sdk/2.2.0/lib/tinyusb/src/class/net/ecm_rndis_device.c.obj
LOAD CMakeFiles/door-sense-v3-code.dir/C_/Users/russe/.pico-sdk/sdk/2.2.0/lib/tinyusb/src/class/net/ncm_device.c.obj
LOAD CMakeFiles/door-sense-v3-code.dir/C_/Users/russe/.pico-sdk/sdk/2.2.0/lib/tinyusb/src/class/usbtmc/usbtmc_device.c.obj
LOAD CMakeFiles/door-sense-v3-code.dir/C_/Users/russe/.pico-sdk/sdk/2.2.0/lib/tinyusb/src/class/vendor/vendor_device.c.obj
LOAD CMakeFiles/door-sense-v3-code.dir/C_/Users/russe/.pico-sdk/sdk/2.2.0/lib/tinyusb/src/class/video/video_device.c.obj
LOAD CMakeFiles/door-sense-v3-code.dir/C_/Users/russe/.pico-sdk/sdk/2.2.0/lib/tinyusb/src/tusb.c.obj
LOAD CMakeFiles/door-sense-v3-code.dir/C_/Users/russe/.pico-sdk/sdk/2.2.0/lib/tinyusb/src/common/tusb_fifo.c.obj
LOAD CMakeFiles/door-sense-v3-code.dir/18d24cdcbfe0f25314b5fb64f106d5b5/src/rp2_common/pico_fix/rp2040_usb_device_enumeration/rp2040_usb_device_enumeration.c.obj
LOAD CMakeFiles/door-sense-v3-code.dir/C_/Users/russe/.pico-sdk/sdk/2.2.0/src/rp2_common/hardware_adc/adc.c.obj
LOAD CMakeFiles/door-sense-v3-code.dir/C_/Users/russe/.pico-sdk/sdk/2.2.0/src/rp2_common/hardware_spi/spi.c.obj
LOAD CMakeFiles/door-sense-v3-code.dir/C_/Users/russe/.pico-sdk/sdk/2.2.0/src/rp2_common/hardware_i2c/i2c.c.obj
LOAD CMakeFiles/door-sense-v3-code.dir/C_/Users/russe/.pico-sdk/sdk/2.2.0/src/rp2_common/hardware_dma/dma.c.obj
LOAD CMakeFiles/door-sense-v3-code.dir/C_/Users/russe/.pico-sdk/sdk/2.2.0/src/rp2_common/pico_rand/rand.c.obj
LOAD pico-sdk/src/rp2350/boot_stage2/CMakeFiles/bs2_default_library.dir/./bs2_default_padded_checksummed.S.obj
LOAD C:/Users/russe/.pico-sdk/toolchain/RISCV_ZCB_RPI_2_2_0_3/bin/../lib/gcc/riscv32-unknown-elf/15.1.0/../../../../riscv32-unknown-elf/lib\libstdc++.a
LOAD C:/Users/russe/.pico-sdk/toolchain/RISCV_ZCB_RPI_2_2_0_3/bin/../lib/gcc/riscv32-unknown-elf/15.1.0/../../../../riscv32-unknown-elf/lib\libm.a
LOAD C:/Users/russe/.pico-sdk/toolchain/RISCV_ZCB_RPI_2_2_0_3/bin/../lib/gcc/riscv32-unknown-elf/15.1.0\libgcc.a
START GROUP
LOAD C:/Users/russe/.pico-sdk/toolchain/RISCV_ZCB_RPI_2_2_0_3/bin/../lib/gcc/riscv32-unknown-elf/15.1.0/../../../../riscv32-unknown-elf/lib\libc.a
END GROUP
LOAD C:/Users/russe/.pico-sdk/toolchain/RISCV_ZCB_RPI_2_2_0_3/bin/../lib/gcc/riscv32-unknown-elf/15.1.0\libgcc.a
START GROUP
LOAD C:/Users/russe/.pico-sdk/toolchain/RISCV_ZCB_RPI_2_2_0_3/bin/../lib/gcc/riscv32-unknown-elf/15.1.0\libgcc.a
LOAD C:/Users/russe/.pico-sdk/toolchain/RISCV_ZCB_RPI_2_2_0_3/bin/../lib/gcc/riscv32-unknown-elf/15.1.0/../../../../riscv32-unknown-elf/lib\libc.a
LOAD C:/Users/russe/.pico-sdk/toolchain/RISCV_ZCB_RPI_2_2_0_3/bin/../lib/gcc/riscv32-unknown-elf/15.1.0/../../../../riscv32-unknown-elf/lib\libnosys.a
END GROUP
LOAD C:/Users/russe/.pico-sdk/toolchain/RISCV_ZCB_RPI_2_2_0_3/bin/../lib/gcc/riscv32-unknown-elf/15.1.0/crtend.o
OUTPUT(door-sense-v3-code.elf elf32-littleriscv)

.rela.dyn       0x1000644c        0x0
 .rela.text     0x1000644c        0x0 C:/Users/russe/.pico-sdk/toolchain/RISCV_ZCB_RPI_2_2_0_3/bin/../lib/gcc/riscv32-unknown-elf/15.1.0/crtbegin.o
 .rela.preinit_array.ZZZZZ.01200
                0x1000644c        0x0 C:/Users/russe/.pico-sdk/toolchain/RISCV_ZCB_RPI_2_2_0_3/bin/../lib/gcc/riscv32-unknown-elf/15.1.0/crtbegin.o
 .rela.text.runtime_init_mutex
                0x1000644c        0x0 C:/Users/russe/.pico-sdk/toolchain/RISCV_ZCB_RPI_2_2_0_3/bin/../lib/gcc/riscv32-unknown-elf/15.1.0/crtbegin.o
 .rela.preinit_array.01100
                0x1000644c        0x0 C:/Users/russe/.pico-sdk/toolchain/RISCV_ZCB_RPI_2_2_0_3/bin/../lib/gcc/riscv32-unknown-elf/15.1.0/crtbegin.o
 .rela.preinit_array.11000
                0x1000644c        0x0 C:/Users/russe/.pico-sdk/toolchain/RISCV_ZCB_RPI_2_2_0_3/bin/../lib/gcc/riscv32-unknown-elf/15.1.0/crtbegin.o
 .rela.preinit_array.01010
                0x1000644c        0x0 C:/Users/russe/.pico-sdk/toolchain/RISCV_ZCB_RPI_2_2_0_3/bin/../lib/gcc/riscv32-unknown-elf/15.1.0/crtbegin.o
 .rela.preinit_array.01000
                0x1000644c        0x0 C:/Users/russe/.pico-sdk/toolchain/RISCV_ZCB_RPI_2_2_0_3/bin/../lib/gcc/riscv32-unknown-elf/15.1.0/crtbegin.o
 .rela.text.runtime_run_initializers
                0x1000644c        0x0 C:/Users/russe/.pico-sdk/toolchain/RISCV_ZCB_RPI_2_2_0_3/bin/../lib/gcc/riscv32-unknown-elf/15.1.0/crtbegin.o
 .rela.preinit_array.00600
                0x1000644c        0x0 C:/Users/russe/.pico-sdk/toolchain/RISCV_ZCB_RPI_2_2_0_3/bin/../lib/gcc/riscv32-unknown-elf/15.1.0/crtbegin.o
 .rela.preinit_array.00500
                0x1000644c        0x0 C:/Users/russe/.pico-sdk/toolchain/RISCV_ZCB_RPI_2_2_0_3/bin/../lib/gcc/riscv32-unknown-elf/15.1.0/crtbegin.o
 .rela.preinit_array.00101
                0x1000644c        0x0 C:/Users/russe/.pico-sdk/toolchain/RISCV_ZCB_RPI_2_2_0_3/bin/../lib/gcc/riscv32-unknown-elf/15.1.0/crtbegin.o
 .rela.preinit_array.00100
                0x1000644c        0x0 C:/Users/russe/.pico-sdk/toolchain/RISCV_ZCB_RPI_2_2_0_3/bin/../lib/gcc/riscv32-unknown-elf/15.1.0/crtbegin.o
 .rela.preinit_array.ZZZZZ.00051
                0x1000644c        0x0 C:/Users/russe/.pico-sdk/toolchain/RISCV_ZCB_RPI_2_2_0_3/bin/../lib/gcc/riscv32-unknown-elf/15.1.0/crtbegin.o
 .rela.preinit_array.00050
                0x1000644c        0x0 C:/Users/russe/.pico-sdk/toolchain/RISCV_ZCB_RPI_2_2_0_3/bin/../lib/gcc/riscv32-unknown-elf/15.1.0/crtbegin.o
 .rela.rodata.__bi_26
                0x1000644c        0x0 C:/Users/russe/.pico-sdk/toolchain/RISCV_ZCB_RPI_2_2_0_3/bin/../lib/gcc/riscv32-unknown-elf/15.1.0/crtbegin.o
 .rela.data     0x1000644c        0x0 C:/Users/russe/.pico-sdk/toolchain/RISCV_ZCB_RPI_2_2_0_3/bin/../lib/gcc/riscv32-unknown-elf/15.1.0/crtbegin.o
 .rela.binary_info_header
                0x1000644c        0x0 C:/Users/russe/.pico-sdk/toolchain/RISCV_ZCB_RPI_2_2_0_3/bin/../lib/gcc/riscv32-unknown-elf/15.1.0/crtbegin.o
 .rela.reset    0x1000644c        0x0 C:/Users/russe/.pico-sdk/toolchain/RISCV_ZCB_RPI_2_2_0_3/bin/../lib/gcc/riscv32-unknown-elf/15.1.0/crtbegin.o
 .rela.text.runtime_init
                0x1000644c        0x0 C:/Users/russe/.pico-sdk/toolchain/RISCV_ZCB_RPI_2_2_0_3/bin/../lib/gcc/riscv32-unknown-elf/15.1.0/crtbegin.o
 .rela.text.tud_rhport_init
                0x1000644c        0x0 C:/Users/russe/.pico-sdk/toolchain/RISCV_ZCB_RPI_2_2_0_3/bin/../lib/gcc/riscv32-unknown-elf/15.1.0/crtbegin.o
 .rela.text.cdcd_control_xfer_cb
                0x1000644c        0x0 C:/Users/russe/.pico-sdk/toolchain/RISCV_ZCB_RPI_2_2_0_3/bin/../lib/gcc/riscv32-unknown-elf/15.1.0/crtbegin.o
 .rela.text.cdcd_xfer_cb
                0x1000644c        0x0 C:/Users/russe/.pico-sdk/toolchain/RISCV_ZCB_RPI_2_2_0_3/bin/../lib/gcc/riscv32-unknown-elf/15.1.0/crtbegin.o
 .rela.text.vendord_xfer_cb
                0x1000644c        0x0 C:/Users/russe/.pico-sdk/toolchain/RISCV_ZCB_RPI_2_2_0_3/bin/../lib/gcc/riscv32-unknown-elf/15.1.0/crtbegin.o

.comment        0x00000000       0x21
 .comment       0x00000000       0x21 C:/Users/russe/.pico-sdk/toolchain/RISCV_ZCB_RPI_2_2_0_3/bin/../lib/gcc/riscv32-unknown-elf/15.1.0/crtbegin.o
                                 0x10 (size before relaxing)
 .comment       0x00000021        0x0 CMakeFiles/door-sense-v3-code.dir/main.c.obj
                                 0x10 (size before relaxing)
 .comment       0x00000021        0x0 CMakeFiles/door-sense-v3-code.dir/libraries/dfplayer/dfplayer.c.obj
                                 0x10 (size before relaxing)
 .comment       0x00000021        0x0 CMakeFiles/door-sense-v3-code.dir/C_/Users/russe/.pico-sdk/sdk/2.2.0/src/rp2_common/hardware_gpio/gpio.c.obj
                                 0x10 (size before relaxing)
 .comment       0x00000021        0x0 CMakeFiles/door-sense-v3-code.dir/C_/Users/russe/.pico-sdk/sdk/2.2.0/src/rp2_common/pico_platform_panic/panic.c.obj
                                 0x10 (size before relaxing)
 .comment       0x00000021        0x0 CMakeFiles/door-sense-v3-code.dir/C_/Users/russe/.pico-sdk/sdk/2.2.0/src/common/hardware_claim/claim.c.obj
                                 0x10 (size before relaxing)
 .comment       0x00000021        0x0 CMakeFiles/door-sense-v3-code.dir/C_/Users/russe/.pico-sdk/sdk/2.2.0/src/rp2_common/hardware_sync/sync.c.obj
                                 0x10 (size before relaxing)
 .comment       0x00000021        0x0 CMakeFiles/door-sense-v3-code.dir/C_/Users/russe/.pico-sdk/sdk/2.2.0/src/rp2_common/hardware_sync_spin_lock/sync_spin_lock.c.obj
                                 0x10 (size before relaxing)