
There are no discarded input sections

Memory Configuration

Name             Origin             Length             Attributes
SRAM             0x20081f00         0x000000fc         xr
*default*        0x00000000         0xffffffff

Linker script and memory map

                0x20081f00                        . = ORIGIN (SRAM)

.text           0x20081f00       0xa0
                0x20081f00                        _start = .
 *(.entry)
 *(.text)
 .text          0x20081f00       0xa0 pico-sdk/src/rp2350/boot_stage2/CMakeFiles/bs2_default.dir/compile_time_choice.S.obj
                0x20081f00                _stage2_boot
                0x20081f92                read_flash_sreg
LOAD pico-sdk/src/rp2350/boot_stage2/CMakeFiles/bs2_default.dir/compile_time_choice.S.obj
LOAD C:/Users/russe/.pico-sdk/toolchain/RISCV_ZCB_RPI_2_2_0_3/bin/../lib/gcc/riscv32-unknown-elf/15.1.0\libgcc.a
START GROUP
LOAD C:/Users/russe/.pico-sdk/toolchain/RISCV_ZCB_RPI_2_2_0_3/bin/../lib/gcc/riscv32-unknown-elf/15.1.0/../../../../riscv32-unknown-elf/lib\libc.a
END GROUP
LOAD C:/Users/russe/.pico-sdk/toolchain/RISCV_ZCB_RPI_2_2_0_3/bin/../lib/gcc/riscv32-unknown-elf/15.1.0\libgcc.a
START GROUP
LOAD C:/Users/russe/.pico-sdk/toolchain/RISCV_ZCB_RPI_2_2_0_3/bin/../lib/gcc/riscv32-unknown-elf/15.1.0\libgcc.a
LOAD C:/Users/russe/.pico-sdk/toolchain/RISCV_ZCB_RPI_2_2_0_3/bin/../lib/gcc/riscv32-unknown-elf/15.1.0/../../../../riscv32-unknown-elf/lib\libc.a
LOAD C:/Users/russe/.pico-sdk/toolchain/RISCV_ZCB_RPI_2_2_0_3/bin/../lib/gcc/riscv32-unknown-elf/15.1.0/../../../../riscv32-unknown-elf/lib\libnosys.a
END GROUP
OUTPUT(pico-sdk\src\rp2350\boot_stage2\bs2_default.elf elf32-littleriscv)

.data           0x20081fa0        0x0
 .data          0x20081fa0        0x0 pico-sdk/src/rp2350/boot_stage2/CMakeFiles/bs2_default.dir/compile_time_choice.S.obj

.bss            0x20081fa0        0x0
 .bss           0x20081fa0        0x0 pico-sdk/src/rp2350/boot_stage2/CMakeFiles/bs2_default.dir/compile_time_choice.S.obj

.riscv.attributes
                0x00000000       0x8d
 .riscv.attributes
                0x00000000       0x8d pico-sdk/src/rp2350/boot_stage2/CMakeFiles/bs2_default.dir/compile_time_choice.S.obj

.debug_line     0x00000000      0x1cd
 .debug_line    0x00000000      0x1cd pico-sdk/src/rp2350/boot_stage2/CMakeFiles/bs2_default.dir/compile_time_choice.S.obj

.debug_line_str
                0x00000000      0x12d
 .debug_line_str
                0x00000000      0x12d pico-sdk/src/rp2350/boot_stage2/CMakeFiles/bs2_default.dir/compile_time_choice.S.obj

.debug_info     0x00000000       0x25
 .debug_info    0x00000000       0x25 pico-sdk/src/rp2350/boot_stage2/CMakeFiles/bs2_default.dir/compile_time_choice.S.obj

.debug_abbrev   0x00000000       0x14
 .debug_abbrev  0x00000000       0x14 pico-sdk/src/rp2350/boot_stage2/CMakeFiles/bs2_default.dir/compile_time_choice.S.obj

.debug_aranges  0x00000000       0x20
 .debug_aranges
                0x00000000       0x20 pico-sdk/src/rp2350/boot_stage2/CMakeFiles/bs2_default.dir/compile_time_choice.S.obj

.debug_str      0x00000000       0xb1
 .debug_str     0x00000000       0xb1 pico-sdk/src/rp2350/boot_stage2/CMakeFiles/bs2_default.dir/compile_time_choice.S.obj
