Archive member included to satisfy reference by file (symbol)

C:/Users/russe/.pico-sdk/toolchain/RISCV_ZCB_RPI_2_2_0_3/bin/../lib/gcc/riscv32-unknown-elf/15.1.0\libgcc.a(_divdi3.o)
                              CMakeFiles/lab6-code.dir/C_/Users/russe/.pico-sdk/sdk/2.2.0/src/common/pico_time/time.c.obj (__divdi3)
C:/Users/russe/.pico-sdk/toolchain/RISCV_ZCB_RPI_2_2_0_3/bin/../lib/gcc/riscv32-unknown-elf/15.1.0\libgcc.a(_moddi3.o)
                              CMakeFiles/lab6-code.dir/C_/Users/russe/.pico-sdk/sdk/2.2.0/src/common/pico_util/datetime.c.obj (__moddi3)
C:/Users/russe/.pico-sdk/toolchain/RISCV_ZCB_RPI_2_2_0_3/bin/../lib/gcc/riscv32-unknown-elf/15.1.0\libgcc.a(_udivdi3.o)
                              CMakeFiles/lab6-code.dir/C_/Users/russe/.pico-sdk/sdk/2.2.0/src/rp2_common/hardware_clocks/clocks.c.obj (__udivdi3)
C:/Users/russe/.pico-sdk/toolchain/RISCV_ZCB_RPI_2_2_0_3/bin/../lib/gcc/riscv32-unknown-elf/15.1.0\libgcc.a(_umoddi3.o)
                              CMakeFiles/lab6-code.dir/C_/Users/russe/.pico-sdk/sdk/2.2.0/src/rp2_common/pico_divider/divider_compiler.c.obj (__umoddi3)
C:/Users/russe/.pico-sdk/toolchain/RISCV_ZCB_RPI_2_2_0_3/bin/../lib/gcc/riscv32-unknown-elf/15.1.0\libgcc.a(adddf3.o)
                              CMakeFiles/lab6-code.dir/C_/Users/russe/.pico-sdk/sdk/2.2.0/src/rp2_common/pico_printf/printf.c.obj (__adddf3)
C:/Users/russe/.pico-sdk/toolchain/RISCV_ZCB_RPI_2_2_0_3/bin/../lib/gcc/riscv32-unknown-elf/15.1.0\libgcc.a(divdf3.o)
                              CMakeFiles/lab6-code.dir/C_/Users/russe/.pico-sdk/sdk/2.2.0/src/rp2_common/pico_printf/printf.c.obj (__divdf3)
C:/Users/russe/.pico-sdk/toolchain/RISCV_ZCB_RPI_2_2_0_3/bin/../lib/gcc/riscv32-unknown-elf/15.1.0\libgcc.a(gedf2.o)
                              CMakeFiles/lab6-code.dir/C_/Users/russe/.pico-sdk/sdk/2.2.0/src/rp2_common/pico_printf/printf.c.obj (__gedf2)
C:/Users/russe/.pico-sdk/toolchain/RISCV_ZCB_RPI_2_2_0_3/bin/../lib/gcc/riscv32-unknown-elf/15.1.0\libgcc.a(ledf2.o)
                              CMakeFiles/lab6-code.dir/C_/Users/russe/.pico-sdk/sdk/2.2.0/src/rp2_common/pico_printf/printf.c.obj (__ltdf2)
C:/Users/russe/.pico-sdk/toolchain/RISCV_ZCB_RPI_2_2_0_3/bin/../lib/gcc/riscv32-unknown-elf/15.1.0\libgcc.a(muldf3.o)
                              CMakeFiles/lab6-code.dir/C_/Users/russe/.pico-sdk/sdk/2.2.0/src/rp2_common/pico_printf/printf.c.obj (__muldf3)
C:/Users/russe/.pico-sdk/toolchain/RISCV_ZCB_RPI_2_2_0_3/bin/../lib/gcc/riscv32-unknown-elf/15.1.0\libgcc.a(subdf3.o)
                              CMakeFiles/lab6-code.dir/C_/Users/russe/.pico-sdk/sdk/2.2.0/src/rp2_common/pico_printf/printf.c.obj (__subdf3)
C:/Users/russe/.pico-sdk/toolchain/RISCV_ZCB_RPI_2_2_0_3/bin/../lib/gcc/riscv32-unknown-elf/15.1.0\libgcc.a(unorddf2.o)
                              CMakeFiles/lab6-code.dir/C_/Users/russe/.pico-sdk/sdk/2.2.0/src/rp2_common/pico_printf/printf.c.obj (__unorddf2)
C:/Users/russe/.pico-sdk/toolchain/RISCV_ZCB_RPI_2_2_0_3/bin/../lib/gcc/riscv32-unknown-elf/15.1.0\libgcc.a(fixdfsi.o)
                              CMakeFiles/lab6-code.dir/C_/Users/russe/.pico-sdk/sdk/2.2.0/src/rp2_common/pico_printf/printf.c.obj (__fixdfsi)
C:/Users/russe/.pico-sdk/toolchain/RISCV_ZCB_RPI_2_2_0_3/bin/../lib/gcc/riscv32-unknown-elf/15.1.0\libgcc.a(fixunsdfsi.o)
                              CMakeFiles/lab6-code.dir/C_/Users/russe/.pico-sdk/sdk/2.2.0/src/rp2_common/pico_printf/printf.c.obj (__fixunsdfsi)
C:/Users/russe/.pico-sdk/toolchain/RISCV_ZCB_RPI_2_2_0_3/bin/../lib/gcc/riscv32-unknown-elf/15.1.0\libgcc.a(floatsidf.o)
                              CMakeFiles/lab6-code.dir/C_/Users/russe/.pico-sdk/sdk/2.2.0/src/rp2_common/pico_printf/printf.c.obj (__floatsidf)
C:/Users/russe/.pico-sdk/toolchain/RISCV_ZCB_RPI_2_2_0_3/bin/../lib/gcc/riscv32-unknown-elf/15.1.0\libgcc.a(floatunsidf.o)
                              CMakeFiles/lab6-code.dir/C_/Users/russe/.pico-sdk/sdk/2.2.0/src/rp2_common/pico_printf/printf.c.obj (__floatunsidf)
C:/Users/russe/.pico-sdk/toolchain/RISCV_ZCB_RPI_2_2_0_3/bin/../lib/gcc/riscv32-unknown-elf/15.1.0\libgcc.a(fixunssfsi.o)
                              CMakeFiles/lab6-code.dir/peripherals/src/lab6_dac.c.obj (__fixunssfsi)
C:/Users/russe/.pico-sdk/toolchain/RISCV_ZCB_RPI_2_2_0_3/bin/../lib/gcc/riscv32-unknown-elf/15.1.0\libgcc.a(floatsisf.o)
                              CMakeFiles/lab6-code.dir/peripherals/src/lab6_dac.c.obj (__floatsisf)
C:/Users/russe/.pico-sdk/toolchain/RISCV_ZCB_RPI_2_2_0_3/bin/../lib/gcc/riscv32-unknown-elf/15.1.0\libgcc.a(_clz.o)
                              C:/Users/russe/.pico-sdk/toolchain/RISCV_ZCB_RPI_2_2_0_3/bin/../lib/gcc/riscv32-unknown-elf/15.1.0\libgcc.a(_divdi3.o) (__clz_tab)
C:/Users/russe/.pico-sdk/toolchain/RISCV_ZCB_RPI_2_2_0_3/bin/../lib/gcc/riscv32-unknown-elf/15.1.0/../../../../riscv32-unknown-elf/lib\libc.a(libc_a-calloc.o)
[...]
Memory Configuration

Name             Origin             Length             Attributes
FLASH            0x10000000         0x00400000         xr
RAM              0x20000000         0x00080000         xrw
SCRATCH_X        0x20080000         0x00001000         xrw
SCRATCH_Y        0x20081000         0x00001000         xrw
*default*        0x00000000         0xffffffff

Linker script and memory map

LOAD C:/Users/russe/.pico-sdk/toolchain/RISCV_ZCB_RPI_2_2_0_3/bin/../lib/gcc/riscv32-unknown-elf/15.1.0/../../../../riscv32-unknown-elf/lib/crt0.o
LOAD C:/Users/russe/.pico-sdk/toolchain/RISCV_ZCB_RPI_2_2_0_3/bin/../lib/gcc/riscv32-unknown-elf/15.1.0/crtbegin.o

.flash_begin    0x10000000        0x0
                0x10000000                        __flash_binary_start = .

.text           0x10000000     0x6938
                0x10000000                        __logical_binary_start = .
 *(.vectors)
 *(.binary_info_header)
 .binary_info_header
                0x10000000       0x14 CMakeFiles/lab6-code.dir/C_/Users/russe/.pico-sdk/sdk/2.2.0/src/rp2_common/pico_crt0/crt0_riscv.S.obj
                0x10000014                        __binary_info_header_end = .
 *(.embedded_block)
 .embedded_block
                0x10000014       0x20 CMakeFiles/lab6-code.dir/C_/Users/russe/.pico-sdk/sdk/2.2.0/src/rp2_common/pico_crt0/crt0_riscv.S.obj
                0x10000034                        __embedded_block_end = .
 *(.reset)
 .reset         0x10000034       0xa6 CMakeFiles/lab6-code.dir/C_/Users/russe/.pico-sdk/sdk/2.2.0/src/rp2_common/pico_crt0/crt0_riscv.S.obj
                0x10000034                _entry_point
 *(.init)
 *libgcc.a:cmse_nonsecure_call.o()
 *(EXCLUDE_FILE(*libm.a: *libc.a:*lib_a-mem*.o *libgcc.a:) .text*)
 .text          0x100000da       0x4a C:/Users/russe/.pico-sdk/toolchain/RISCV_ZCB_RPI_2_2_0_3/bin/../lib/gcc/riscv32-unknown-elf/15.1.0/crtbegin.o
 .text.startup.main
                0x10000124       0x70 CMakeFiles/lab6-code.dir/main.c.obj
                0x10000124                main
 .text.dfplayer_write
                0x10000194       0xaa CMakeFiles/lab6-code.dir/dfplayer.c.obj
                0x10000194                dfplayer_write
 .text.dfplayer_query
                0x1000023e       0xce CMakeFiles/lab6-code.dir/dfplayer.c.obj
                0x1000023e                dfplayer_query
 .text.dfplayer_get_track_id
                0x1000030c       0x1e CMakeFiles/lab6-code.dir/dfplayer.c.obj
                0x1000030c                dfplayer_get_track_id
 .text.dfplayer_init
                0x1000032a       0x3c CMakeFiles/lab6-code.dir/dfplayer.c.obj
                0x1000032a                dfplayer_init
 .text.dfplayer_next
                0x10000366        0xa CMakeFiles/lab6-code.dir/dfplayer.c.obj
                0x10000366                dfplayer_next
 .text.dfplayer_play
                0x10000370        0xa CMakeFiles/lab6-code.dir/dfplayer.c.obj
                0x10000370                dfplayer_play
 .text.dfplayer_set_volume
                0x1000037a       0x10 CMakeFiles/lab6-code.dir/dfplayer.c.obj
                0x1000037a                dfplayer_set_volume
 .text.gpio_set_function
                0x1000038a       0x30 CMakeFiles/lab6-code.dir/C_/Users/russe/.pico-sdk/sdk/2.2.0/src/rp2_common/hardware_gpio/gpio.c.obj
                0x1000038a                gpio_set_function
 .text.panic    0x100003ba       0x40 CMakeFiles/lab6-code.dir/C_/Users/russe/.pico-sdk/sdk/2.2.0/src/rp2_common/pico_platform_panic/panic.c.obj
                0x100003ba                panic
 .text.hw_claim_or_assert
                0x100003fa       0x62 CMakeFiles/lab6-code.dir/C_/Users/russe/.pico-sdk/sdk/2.2.0/src/common/hardware_claim/claim.c.obj
                0x100003fa                hw_claim_or_assert
 .text.hw_claim_unused_from_range
                0x1000045c       0x84 CMakeFiles/lab6-code.dir/C_/Users/russe/.pico-sdk/sdk/2.2.0/src/common/hardware_claim/claim.c.obj
                0x1000045c                hw_claim_unused_from_range
 .text.next_striped_spin_lock_num
                0x100004e0       0x1c CMakeFiles/lab6-code.dir/C_/Users/russe/.pico-sdk/sdk/2.2.0/src/rp2_common/hardware_sync/sync.c.obj
                0x100004e0                next_striped_spin_lock_num
 .text.spin_lock_claim_unused
                0x100004fc       0x14 CMakeFiles/lab6-code.dir/C_/Users/russe/.pico-sdk/sdk/2.2.0/src/rp2_common/hardware_sync/sync.c.obj
                0x100004fc                spin_lock_claim_unused
 .text.spin_locks_reset
                0x10000510       0x22 CMakeFiles/lab6-code.dir/C_/Users/russe/.pico-sdk/sdk/2.2.0/src/rp2_common/hardware_sync_spin_lock/sync_spin_lock.c.obj
                0x10000510                spin_locks_reset
 .text.runtime_init_per_core_irq_priorities
                0x10000532       0x38 CMakeFiles/lab6-code.dir/C_/Users/russe/.pico-sdk/sdk/2.2.0/src/rp2_common/hardware_irq/irq.c.obj
                0x10000532                runtime_init_per_core_irq_priorities
 .text.irq_set_enabled
                0x1000056a       0x36 CMakeFiles/lab6-code.dir/C_/Users/russe/.pico-sdk/sdk/2.2.0/src/rp2_common/hardware_irq/irq.c.obj
                0x1000056a                irq_set_enabled
 .text.irq_is_enabled
                0x100005a0       0x12 CMakeFiles/lab6-code.dir/C_/Users/russe/.pico-sdk/sdk/2.2.0/src/rp2_common/hardware_irq/irq.c.obj
                0x100005a0                irq_is_enabled
 .text.irq_set_pending
                0x100005b2       0x14 CMakeFiles/lab6-code.dir/C_/Users/russe/.pico-sdk/sdk/2.2.0/src/rp2_common/hardware_irq/irq.c.obj
                0x100005b2                irq_set_pending
 .text.irq_has_shared_handler
                0x100005c6       0x1e CMakeFiles/lab6-code.dir/C_/Users/russe/.pico-sdk/sdk/2.2.0/src/rp2_common/hardware_irq/irq.c.obj
                0x100005c6                irq_has_shared_handler
 .text.irq_set_exclusive_handler
                0x100005e4       0x82 CMakeFiles/lab6-code.dir/C_/Users/russe/.pico-sdk/sdk/2.2.0/src/rp2_common/hardware_irq/irq.c.obj
                0x100005e4                irq_set_exclusive_handler
 .text.irq_add_shared_handler
                0x10000666      0x40a CMakeFiles/lab6-code.dir/C_/Users/russe/.pico-sdk/sdk/2.2.0/src/rp2_common/hardware_irq/irq.c.obj
                0x10000666                irq_add_shared_handler
 .text.irq_add_tail_to_free_list
                0x10000a70       0xe6 CMakeFiles/lab6-code.dir/C_/Users/russe/.pico-sdk/sdk/2.2.0/src/rp2_common/hardware_irq/irq.c.obj
                0x10000a70                irq_add_tail_to_free_list
 .text.user_irq_claim_unused
                0x10000b56       0x2a CMakeFiles/lab6-code.dir/C_/Users/russe/.pico-sdk/sdk/2.2.0/src/rp2_common/hardware_irq/irq.c.obj
                0x10000b56                user_irq_claim_unused
 .text.lock_init
                0x10000b80        0xe CMakeFiles/lab6-code.dir/C_/Users/russe/.pico-sdk/sdk/2.2.0/src/common/pico_sync/lock_core.c.obj
                0x10000b80                lock_init
 .text.runtime_init_mutex
                0x10000b8e       0x66 CMakeFiles/lab6-code.dir/C_/Users/russe/.pico-sdk/sdk/2.2.0/src/common/pico_sync/mutex.c.obj
                0x10000b8e                runtime_init_mutex
 .text.mutex_init
                0x10000bf4       0x24 CMakeFiles/lab6-code.dir/C_/Users/russe/.pico-sdk/sdk/2.2.0/src/common/pico_sync/mutex.c.obj
                0x10000bf4                mutex_init
 .text.critical_section_init
                0x10000c18       0x26 CMakeFiles/lab6-code.dir/C_/Users/russe/.pico-sdk/sdk/2.2.0/src/common/pico_sync/critical_section.c.obj
                0x10000c18                critical_section_init
 .text.critical_section_init_with_lock_num
                0x10000c3e       0x12 CMakeFiles/lab6-code.dir/C_/Users/russe/.pico-sdk/sdk/2.2.0/src/common/pico_sync/critical_section.c.obj
                0x10000c3e                critical_section_init_with_lock_num
 .text.sleep_until_callback
                0x10000c50       0x3c CMakeFiles/lab6-code.dir/C_/Users/russe/.pico-sdk/sdk/2.2.0/src/common/pico_time/time.c.obj
 .text.alarm_pool_irq_handler
                0x10000c8c      0x384 CMakeFiles/lab6-code.dir/C_/Users/russe/.pico-sdk/sdk/2.2.0/src/common/pico_time/time.c.obj
 .text.runtime_init_default_alarm_pool
                0x10001010      0x100 CMakeFiles/lab6-code.dir/C_/Users/russe/.pico-sdk/sdk/2.2.0/src/common/pico_time/time.c.obj
                0x10001010                runtime_init_default_alarm_pool
 .text.alarm_pool_get_default
                0x10001110        0xa CMakeFiles/lab6-code.dir/C_/Users/russe/.pico-sdk/sdk/2.2.0/src/common/pico_time/time.c.obj
                0x10001110                alarm_pool_get_default
 .text.alarm_pool_add_alarm_at
                0x1000111a      0x110 CMakeFiles/lab6-code.dir/C_/Users/russe/.pico-sdk/sdk/2.2.0/src/common/pico_time/time.c.obj
                0x1000111a                alarm_pool_add_alarm_at
 .text.alarm_pool_add_alarm_at_force_in_context
                0x1000122a       0xd8 CMakeFiles/lab6-code.dir/C_/Users/russe/.pico-sdk/sdk/2.2.0/src/common/pico_time/time.c.obj
                0x1000122a                alarm_pool_add_alarm_at_force_in_context
 .text.alarm_pool_cancel_alarm
                0x10001302       0x88 CMakeFiles/lab6-code.dir/C_/Users/russe/.pico-sdk/sdk/2.2.0/src/common/pico_time/time.c.obj
                0x10001302                alarm_pool_cancel_alarm
 .text.alarm_pool_core_num
                0x1000138a        0x4 CMakeFiles/lab6-code.dir/C_/Users/russe/.pico-sdk/sdk/2.2.0/src/common/pico_time/time.c.obj
                0x1000138a                alarm_pool_core_num
 .text.sleep_ms
                0x1000138e      0x110 CMakeFiles/lab6-code.dir/C_/Users/russe/.pico-sdk/sdk/2.2.0/src/common/pico_time/time.c.obj
                0x1000138e                sleep_ms
 .text.best_effort_wfe_or_timeout
                0x1000149e      0x124 CMakeFiles/lab6-code.dir/C_/Users/russe/.pico-sdk/sdk/2.2.0/src/common/pico_time/time.c.obj
                0x1000149e                best_effort_wfe_or_timeout
 .text.timer_hardware_alarm_claim
                0x100015c2       0x1c CMakeFiles/lab6-code.dir/C_/Users/russe/.pico-sdk/sdk/2.2.0/src/rp2_common/hardware_timer/timer.c.obj
                0x100015c2                timer_hardware_alarm_claim
 .text.timer_time_us_64
                0x100015de       0x10 CMakeFiles/lab6-code.dir/C_/Users/russe/.pico-sdk/sdk/2.2.0/src/rp2_common/hardware_timer/timer.c.obj
                0x100015de                timer_time_us_64
 .text.time_us_64
                0x100015ee       0x12 CMakeFiles/lab6-code.dir/C_/Users/russe/.pico-sdk/sdk/2.2.0/src/rp2_common/hardware_timer/timer.c.obj
                0x100015ee                time_us_64
 .text.busy_wait_us
                0x10001600       0x66 CMakeFiles/lab6-code.dir/C_/Users/russe/.pico-sdk/sdk/2.2.0/src/rp2_common/hardware_timer/timer.c.obj
                0x10001600                busy_wait_us
 .text.busy_wait_until
                0x10001666       0x22 CMakeFiles/lab6-code.dir/C_/Users/russe/.pico-sdk/sdk/2.2.0/src/rp2_common/hardware_timer/timer.c.obj
                0x10001666                busy_wait_until
 .text.uart_init
                0x10001688      0x12c CMakeFiles/lab6-code.dir/C_/Users/russe/.pico-sdk/sdk/2.2.0/src/rp2_common/hardware_uart/uart.c.obj
                0x10001688                uart_init
 .text.clock_configure_undivided
                0x100017b4       0xdc CMakeFiles/lab6-code.dir/C_/Users/russe/.pico-sdk/sdk/2.2.0/src/rp2_common/hardware_clocks/clocks.c.obj
                0x100017b4                clock_configure_undivided
 .text.clock_get_hz
                0x10001890       0x10 CMakeFiles/lab6-code.dir/C_/Users/russe/.pico-sdk/sdk/2.2.0/src/rp2_common/hardware_clocks/clocks.c.obj
                0x10001890                clock_get_hz
 .text.pll_init
                0x100018a0       0x8a CMakeFiles/lab6-code.dir/C_/Users/russe/.pico-sdk/sdk/2.2.0/src/rp2_common/hardware_pll/pll.c.obj
                0x100018a0                pll_init
 .text.watchdog_reboot
                0x1000192a       0x92 CMakeFiles/lab6-code.dir/C_/Users/russe/.pico-sdk/sdk/2.2.0/src/rp2_common/hardware_watchdog/watchdog.c.obj
                0x1000192a                watchdog_reboot
 .text.tick_start
                0x100019bc       0x14 CMakeFiles/lab6-code.dir/C_/Users/russe/.pico-sdk/sdk/2.2.0/src/rp2_common/hardware_ticks/ticks.c.obj
                0x100019bc                tick_start
 .text.rom_func_lookup
                0x100019d0        0xc CMakeFiles/lab6-code.dir/C_/Users/russe/.pico-sdk/sdk/2.2.0/src/rp2_common/pico_bootrom/bootrom.c.obj
                0x100019d0                rom_func_lookup
 .text.rom_reset_usb_boot_extra
                0x100019dc       0x3a CMakeFiles/lab6-code.dir/C_/Users/russe/.pico-sdk/sdk/2.2.0/src/rp2_common/pico_bootrom/bootrom.c.obj
                0x100019dc                rom_reset_usb_boot_extra
 .text.runtime_init_bootrom_locking_enable
                0x10001a16       0x12 CMakeFiles/lab6-code.dir/C_/Users/russe/.pico-sdk/sdk/2.2.0/src/rp2_common/pico_bootrom/bootrom_lock.c.obj
                0x10001a16                runtime_init_bootrom_locking_enable
 .text.runtime_init_boot_locks_reset
                0x10001a28       0x20 CMakeFiles/lab6-code.dir/C_/Users/russe/.pico-sdk/sdk/2.2.0/src/rp2_common/hardware_boot_lock/boot_lock.c.obj
                0x10001a28                runtime_init_boot_locks_reset
 .text.xosc_init
                0x10001a48       0x24 CMakeFiles/lab6-code.dir/C_/Users/russe/.pico-sdk/sdk/2.2.0/src/rp2_common/hardware_xosc/xosc.c.obj
                0x10001a48                xosc_init
 .text.first_per_core_initializer
                0x10001a6c        0x2 CMakeFiles/lab6-code.dir/C_/Users/russe/.pico-sdk/sdk/2.2.0/src/rp2_common/pico_runtime/runtime.c.obj
 .text.hard_assertion_failure
                0x10001a6e       0x10 CMakeFiles/lab6-code.dir/C_/Users/russe/.pico-sdk/sdk/2.2.0/src/rp2_common/pico_runtime/runtime.c.obj
                0x10001a6e                hard_assertion_failure
 .text.runtime_run_initializers
                0x10001a7e       0x30 CMakeFiles/lab6-code.dir/C_/Users/russe/.pico-sdk/sdk/2.2.0/src/rp2_common/pico_runtime/runtime.c.obj
                0x10001a7e                runtime_run_initializers
 .text.runtime_init_early_resets
                0x10001aae       0x2a CMakeFiles/lab6-code.dir/C_/Users/russe/.pico-sdk/sdk/2.2.0/src/rp2_common/pico_runtime_init/runtime_init.c.obj
                0x10001aae                runtime_init_early_resets
 .text.runtime_init_usb_power_down
                0x10001ad8       0x1a CMakeFiles/lab6-code.dir/C_/Users/russe/.pico-sdk/sdk/2.2.0/src/rp2_common/pico_runtime_init/runtime_init.c.obj
                0x10001ad8                runtime_init_usb_power_down
 .text.runtime_init_post_clock_resets
                0x10001af2       0x1c CMakeFiles/lab6-code.dir/C_/Users/russe/.pico-sdk/sdk/2.2.0/src/rp2_common/pico_runtime_init/runtime_init.c.obj
                0x10001af2                runtime_init_post_clock_resets
 .text.runtime_init_bootrom_reset
                0x10001b0e       0x16 CMakeFiles/lab6-code.dir/C_/Users/russe/.pico-sdk/sdk/2.2.0/src/rp2_common/pico_runtime_init/runtime_init.c.obj
                0x10001b0e                runtime_init_bootrom_reset
 .text.runtime_init_per_core_bootrom_reset
                0x10001b24       0x16 CMakeFiles/lab6-code.dir/C_/Users/russe/.pico-sdk/sdk/2.2.0/src/rp2_common/pico_runtime_init/runtime_init.c.obj
                0x10001b24                runtime_init_per_core_bootrom_reset
 .text.runtime_init_spin_locks_reset
                0x10001b3a        0x4 CMakeFiles/lab6-code.dir/C_/Users/russe/.pico-sdk/sdk/2.2.0/src/rp2_common/pico_runtime_init/runtime_init.c.obj
                0x10001b3a                runtime_init_spin_locks_reset
 .text.runtime_init_clocks
                0x10001b3e       0xea CMakeFiles/lab6-code.dir/C_/Users/russe/.pico-sdk/sdk/2.2.0/src/rp2_common/pico_runtime_init/runtime_init_clocks.c.obj
                0x10001b3e                runtime_init_clocks
 .text._out_null
                0x10001c28        0x2 CMakeFiles/lab6-code.dir/C_/Users/russe/.pico-sdk/sdk/2.2.0/src/rp2_common/pico_printf/printf.c.obj
 .text._out_rev
                0x10001c2a       0xc2 CMakeFiles/lab6-code.dir/C_/Users/russe/.pico-sdk/sdk/2.2.0/src/rp2_common/pico_printf/printf.c.obj
 .text._ntoa_format
                0x10001cec      0x206 CMakeFiles/lab6-code.dir/C_/Users/russe/.pico-sdk/sdk/2.2.0/src/rp2_common/pico_printf/printf.c.obj
 .text._out_char
                0x10001ef2        0x8 CMakeFiles/lab6-code.dir/C_/Users/russe/.pico-sdk/sdk/2.2.0/src/rp2_common/pico_printf/printf.c.obj
 .text._out_fct
                0x10001efa        0xa CMakeFiles/lab6-code.dir/C_/Users/russe/.pico-sdk/sdk/2.2.0/src/rp2_common/pico_printf/printf.c.obj
 .text._ftoa    0x10001f04      0x574 CMakeFiles/lab6-code.dir/C_/Users/russe/.pico-sdk/sdk/2.2.0/src/rp2_common/pico_printf/printf.c.obj
 .text._etoa    0x10002478      0x582 CMakeFiles/lab6-code.dir/C_/Users/russe/.pico-sdk/sdk/2.2.0/src/rp2_common/pico_printf/printf.c.obj
 .text._vsnprintf
                0x100029fa      0xa38 CMakeFiles/lab6-code.dir/C_/Users/russe/.pico-sdk/sdk/2.2.0/src/rp2_common/pico_printf/printf.c.obj
 .text.vfctprintf
                0x10003432       0x24 CMakeFiles/lab6-code.dir/C_/Users/russe/.pico-sdk/sdk/2.2.0/src/rp2_common/pico_printf/printf.c.obj
                0x10003432                vfctprintf
 .text.weak_raw_vprintf
                0x10003456       0x2e CMakeFiles/lab6-code.dir/C_/Users/russe/.pico-sdk/sdk/2.2.0/src/rp2_common/pico_printf/printf.c.obj
                0x10003456                weak_raw_vprintf
 .text          0x10003484       0x20 CMakeFiles/lab6-code.dir/C_/Users/russe/.pico-sdk/sdk/2.2.0/src/rp2_common/pico_crt0/crt0_riscv.S.obj
                0x10003484                runtime_init_per_core_h3_irq_registers
 .text._exit    0x100034a4        0x4 CMakeFiles/lab6-code.dir/C_/Users/russe/.pico-sdk/sdk/2.2.0/src/rp2_common/pico_clib_interface/newlib_interface.c.obj
                0x100034a4                _exit
 .text.exit     0x100034a8        0x6 CMakeFiles/lab6-code.dir/C_/Users/russe/.pico-sdk/sdk/2.2.0/src/rp2_common/pico_clib_interface/newlib_interface.c.obj
                0x100034a8                exit
 .text.runtime_init
                0x100034ae       0x34 CMakeFiles/lab6-code.dir/C_/Users/russe/.pico-sdk/sdk/2.2.0/src/rp2_common/pico_clib_interface/newlib_interface.c.obj
                0x100034ae                runtime_init
 .text.stdio_out_chars_no_crlf
                0x100034e2        0x8 CMakeFiles/lab6-code.dir/C_/Users/russe/.pico-sdk/sdk/2.2.0/src/rp2_common/pico_stdio/stdio.c.obj
 .text.stdio_out_chars_crlf
                0x100034ea       0xd0 CMakeFiles/lab6-code.dir/C_/Users/russe/.pico-sdk/sdk/2.2.0/src/rp2_common/pico_stdio/stdio.c.obj
 .text.stdio_buffered_printer
                0x100035ba       0x6a CMakeFiles/lab6-code.dir/C_/Users/russe/.pico-sdk/sdk/2.2.0/src/rp2_common/pico_stdio/stdio.c.obj
 .text.stdio_put_string
                0x10003624       0xf8 CMakeFiles/lab6-code.dir/C_/Users/russe/.pico-sdk/sdk/2.2.0/src/rp2_common/pico_stdio/stdio.c.obj
                0x10003624                stdio_put_string
 .text.stdio_set_driver_enabled
                0x1000371c       0x28 CMakeFiles/lab6-code.dir/C_/Users/russe/.pico-sdk/sdk/2.2.0/src/rp2_common/pico_stdio/stdio.c.obj
                0x1000371c                stdio_set_driver_enabled
 .text.stdio_init_all
                0x10003744        0x2 CMakeFiles/lab6-code.dir/C_/Users/russe/.pico-sdk/sdk/2.2.0/src/rp2_common/pico_stdio/stdio.c.obj
                0x10003744                stdio_init_all
 .text.__wrap_putchar
                0x10003746       0xa4 CMakeFiles/lab6-code.dir/C_/Users/russe/.pico-sdk/sdk/2.2.0/src/rp2_common/pico_stdio/stdio.c.obj
                0x10003746                __wrap_putchar
                0x10003746                stdio_putchar
 .text.__wrap_puts
                0x100037ea       0x44 CMakeFiles/lab6-code.dir/C_/Users/russe/.pico-sdk/sdk/2.2.0/src/rp2_common/pico_stdio/stdio.c.obj
                0x100037ea                stdio_puts
                0x100037ea                __wrap_puts
 .text.__wrap_vprintf
                0x1000382e       0xc6 CMakeFiles/lab6-code.dir/C_/Users/russe/.pico-sdk/sdk/2.2.0/src/rp2_common/pico_stdio/stdio.c.obj
                0x1000382e                stdio_vprintf
                0x1000382e                __wrap_vprintf
 .text.__wrap_printf
                0x100038f4       0x22 CMakeFiles/lab6-code.dir/C_/Users/russe/.pico-sdk/sdk/2.2.0/src/rp2_common/pico_stdio/stdio.c.obj
                0x100038f4                __wrap_printf
                0x100038f4                stdio_printf
 .text.resetd_init
                0x10003916        0x2 CMakeFiles/lab6-code.dir/C_/Users/russe/.pico-sdk/sdk/2.2.0/src/rp2_common/pico_stdio_usb/reset_interface.c.obj
 .text.resetd_reset
                0x10003918        0x6 CMakeFiles/lab6-code.dir/C_/Users/russe/.pico-sdk/sdk/2.2.0/src/rp2_common/pico_stdio_usb/reset_interface.c.obj
 .text.resetd_open
                0x1000391e       0x30 CMakeFiles/lab6-code.dir/C_/Users/russe/.pico-sdk/sdk/2.2.0/src/rp2_common/pico_stdio_usb/reset_interface.c.obj
 .text.resetd_xfer_cb
                0x1000394e        0x4 CMakeFiles/lab6-code.dir/C_/Users/russe/.pico-sdk/sdk/2.2.0/src/rp2_common/pico_stdio_usb/reset_interface.c.obj
 .text.resetd_control_xfer_cb
                0x10003952       0x6e CMakeFiles/lab6-code.dir/C_/Users/russe/.pico-sdk/sdk/2.2.0/src/rp2_common/pico_stdio_usb/reset_interface.c.obj
 .text.tud_descriptor_bos_cb
                0x100039c0        0xa CMakeFiles/lab6-code.dir/C_/Users/russe/.pico-sdk/sdk/2.2.0/src/rp2_common/pico_stdio_usb/reset_interface.c.obj
                0x100039c0                tud_descriptor_bos_cb
 .text.tud_vendor_control_xfer_cb
                0x100039ca       0x3c CMakeFiles/lab6-code.dir/C_/Users/russe/.pico-sdk/sdk/2.2.0/src/rp2_common/pico_stdio_usb/reset_interface.c.obj
                0x100039ca                tud_vendor_control_xfer_cb
 .text.usbd_app_driver_get_cb
                0x10003a06        0xe CMakeFiles/lab6-code.dir/C_/Users/russe/.pico-sdk/sdk/2.2.0/src/rp2_common/pico_stdio_usb/reset_interface.c.obj
                0x10003a06                usbd_app_driver_get_cb
 .text.tud_cdc_line_coding_cb
                0x10003a14       0x2c CMakeFiles/lab6-code.dir/C_/Users/russe/.pico-sdk/sdk/2.2.0/src/rp2_common/pico_stdio_usb/reset_interface.c.obj
                0x10003a14                tud_cdc_line_coding_cb
 .text.stdio_usb_set_chars_available_callback
                0x10003a40        0xa CMakeFiles/lab6-code.dir/C_/Users/russe/.pico-sdk/sdk/2.2.0/src/rp2_common/pico_stdio_usb/stdio_usb.c.obj
                0x10003a40                stdio_usb_set_chars_available_callback
 .text.usb_irq  0x10003a4a        0x8 CMakeFiles/lab6-code.dir/C_/Users/russe/.pico-sdk/sdk/2.2.0/src/rp2_common/pico_stdio_usb/stdio_usb.c.obj
 .text.timer_task
                0x10003a52       0x80 CMakeFiles/lab6-code.dir/C_/Users/russe/.pico-sdk/sdk/2.2.0/src/rp2_common/pico_stdio_usb/stdio_usb.c.obj
 .text.stdio_usb_in_chars
                0x10003ad2       0x9c CMakeFiles/lab6-code.dir/C_/Users/russe/.pico-sdk/sdk/2.2.0/src/rp2_common/pico_stdio_usb/stdio_usb.c.obj
                0x10003ad2                stdio_usb_in_chars
 .text.stdio_usb_out_flush
                0x10003b6e       0x62 CMakeFiles/lab6-code.dir/C_/Users/russe/.pico-sdk/sdk/2.2.0/src/rp2_common/pico_stdio_usb/stdio_usb.c.obj
 .text.stdio_usb_out_chars
                0x10003bd0      0x122 CMakeFiles/lab6-code.dir/C_/Users/russe/.pico-sdk/sdk/2.2.0/src/rp2_common/pico_stdio_usb/stdio_usb.c.obj
 .text.low_priority_worker_irq
                0x10003cf2       0xda CMakeFiles/lab6-code.dir/C_/Users/russe/.pico-sdk/sdk/2.2.0/src/rp2_common/pico_stdio_usb/stdio_usb.c.obj
 .text.stdio_usb_init
                0x10003dcc       0xec CMakeFiles/lab6-code.dir/C_/Users/russe/.pico-sdk/sdk/2.2.0/src/rp2_common/pico_stdio_usb/stdio_usb.c.obj
                0x10003dcc                stdio_usb_init
 .text.tud_descriptor_device_cb
                0x10003eb8        0xa CMakeFiles/lab6-code.dir/C_/Users/russe/.pico-sdk/sdk/2.2.0/src/rp2_common/pico_stdio_usb/stdio_usb_descriptors.c.obj
                0x10003eb8                tud_descriptor_device_cb
 .text.tud_descriptor_configuration_cb
                0x10003ec2        0xa CMakeFiles/lab6-code.dir/C_/Users/russe/.pico-sdk/sdk/2.2.0/src/rp2_common/pico_stdio_usb/stdio_usb_descriptors.c.obj
                0x10003ec2                tud_descriptor_configuration_cb
 .text.tud_descriptor_string_cb
                0x10003ecc       0x84 CMakeFiles/lab6-code.dir/C_/Users/russe/.pico-sdk/sdk/2.2.0/src/rp2_common/pico_stdio_usb/stdio_usb_descriptors.c.obj
                0x10003ecc                tud_descriptor_string_cb
 .text.startup._retrieve_unique_id_on_boot
                0x10003f50       0x34 CMakeFiles/lab6-code.dir/C_/Users/russe/.pico-sdk/sdk/2.2.0/src/rp2_common/pico_unique_id/unique_id.c.obj
 .text.pico_get_unique_board_id_string
                0x10003f84      0x1fa CMakeFiles/lab6-code.dir/C_/Users/russe/.pico-sdk/sdk/2.2.0/src/rp2_common/pico_unique_id/unique_id.c.obj
                0x10003f84                pico_get_unique_board_id_string
 .text.dcd_init
                0x1000417e       0xa8 CMakeFiles/lab6-code.dir/C_/Users/russe/.pico-sdk/sdk/2.2.0/lib/tinyusb/src/portable/raspberrypi/rp2040/dcd_rp2040.c.obj
                0x1000417e                dcd_init
 .text.dcd_int_enable
                0x10004226        0x8 CMakeFiles/lab6-code.dir/C_/Users/russe/.pico-sdk/sdk/2.2.0/lib/tinyusb/src/portable/raspberrypi/rp2040/dcd_rp2040.c.obj
                0x10004226                dcd_int_enable
 .text.dcd_set_address
                0x1000422e        0xe CMakeFiles/lab6-code.dir/C_/Users/russe/.pico-sdk/sdk/2.2.0/lib/tinyusb/src/portable/raspberrypi/rp2040/dcd_rp2040.c.obj
                0x1000422e                dcd_set_address
 .text.dcd_sof_enable
                0x1000423c       0x14 CMakeFiles/lab6-code.dir/C_/Users/russe/.pico-sdk/sdk/2.2.0/lib/tinyusb/src/portable/raspberrypi/rp2040/dcd_rp2040.c.obj
                0x1000423c                dcd_sof_enable
 .text.dcd_edpt0_status_complete
                0x10004250       0x1c CMakeFiles/lab6-code.dir/C_/Users/russe/.pico-sdk/sdk/2.2.0/lib/tinyusb/src/portable/raspberrypi/rp2040/dcd_rp2040.c.obj
                0x10004250                dcd_edpt0_status_complete
 .text.dcd_edpt_open
                0x1000426c      0x136 CMakeFiles/lab6-code.dir/C_/Users/russe/.pico-sdk/sdk/2.2.0/lib/tinyusb/src/portable/raspberrypi/rp2040/dcd_rp2040.c.obj
                0x1000426c                dcd_edpt_open
 .text.dcd_edpt_close_all
                0x100043a2        0x8 CMakeFiles/lab6-code.dir/C_/Users/russe/.pico-sdk/sdk/2.2.0/lib/tinyusb/src/portable/raspberrypi/rp2040/dcd_rp2040.c.obj
                0x100043a2                dcd_edpt_close_all
 .text.dcd_edpt_xfer
                0x100043aa       0x28 CMakeFiles/lab6-code.dir/C_/Users/russe/.pico-sdk/sdk/2.2.0/lib/tinyusb/src/portable/raspberrypi/rp2040/dcd_rp2040.c.obj
                0x100043aa                dcd_edpt_xfer
 .text.dcd_edpt_stall
                0x100043d2       0x32 CMakeFiles/lab6-code.dir/C_/Users/russe/.pico-sdk/sdk/2.2.0/lib/tinyusb/src/portable/raspberrypi/rp2040/dcd_rp2040.c.obj
                0x100043d2                dcd_edpt_stall
 .text.dcd_edpt_clear_stall
                0x10004404       0x2e CMakeFiles/lab6-code.dir/C_/Users/russe/.pico-sdk/sdk/2.2.0/lib/tinyusb/src/portable/raspberrypi/rp2040/dcd_rp2040.c.obj
                0x10004404                dcd_edpt_clear_stall
 .text.rp2040_usb_init
                0x10004432       0x3c CMakeFiles/lab6-code.dir/C_/Users/russe/.pico-sdk/sdk/2.2.0/lib/tinyusb/src/portable/raspberrypi/rp2040/rp2040_usb.c.obj
                0x10004432                rp2040_usb_init
 .text.hw_endpoint_xfer_start
                0x1000446e       0x58 CMakeFiles/lab6-code.dir/C_/Users/russe/.pico-sdk/sdk/2.2.0/lib/tinyusb/src/portable/raspberrypi/rp2040/rp2040_usb.c.obj
                0x1000446e                hw_endpoint_xfer_start
 .text.configuration_reset
                0x100044c6       0xb0 CMakeFiles/lab6-code.dir/C_/Users/russe/.pico-sdk/sdk/2.2.0/lib/tinyusb/src/device/usbd.c.obj
 .text.tud_event_hook_cb
                0x10004576        0x2 CMakeFiles/lab6-code.dir/C_/Users/russe/.pico-sdk/sdk/2.2.0/lib/tinyusb/src/device/usbd.c.obj
                0x10004576                tud_event_hook_cb
 .text.tud_sof_cb
                0x10004578        0x2 CMakeFiles/lab6-code.dir/C_/Users/russe/.pico-sdk/sdk/2.2.0/lib/tinyusb/src/device/usbd.c.obj
                0x10004578                tud_sof_cb
 .text.tud_descriptor_device_qualifier_cb
                0x1000457a        0x4 CMakeFiles/lab6-code.dir/C_/Users/russe/.pico-sdk/sdk/2.2.0/lib/tinyusb/src/device/usbd.c.obj
                0x1000457a                tud_descriptor_device_qualifier_cb
 .text.tud_descriptor_other_speed_configuration_cb
                0x1000457e        0x4 CMakeFiles/lab6-code.dir/C_/Users/russe/.pico-sdk/sdk/2.2.0/lib/tinyusb/src/device/usbd.c.obj
                0x1000457e                tud_descriptor_other_speed_configuration_cb
 .text.tud_mount_cb
                0x10004582        0x2 CMakeFiles/lab6-code.dir/C_/Users/russe/.pico-sdk/sdk/2.2.0/lib/tinyusb/src/device/usbd.c.obj
                0x10004582                tud_mount_cb
 .text.tud_umount_cb
                0x10004584        0x2 CMakeFiles/lab6-code.dir/C_/Users/russe/.pico-sdk/sdk/2.2.0/lib/tinyusb/src/device/usbd.c.obj
                0x10004584                tud_umount_cb
 .text.tud_suspend_cb
                0x10004586        0x2 CMakeFiles/lab6-code.dir/C_/Users/russe/.pico-sdk/sdk/2.2.0/lib/tinyusb/src/device/usbd.c.obj
                0x10004586                tud_suspend_cb
 .text.tud_resume_cb
                0x10004588        0x2 CMakeFiles/lab6-code.dir/C_/Users/russe/.pico-sdk/sdk/2.2.0/lib/tinyusb/src/device/usbd.c.obj
                0x10004588                tud_resume_cb
 .text.tud_mounted
                0x1000458a       0x10 CMakeFiles/lab6-code.dir/C_/Users/russe/.pico-sdk/sdk/2.2.0/lib/tinyusb/src/device/usbd.c.obj
                0x1000458a                tud_mounted
 .text.tud_suspended
                0x1000459a       0x10 CMakeFiles/lab6-code.dir/C_/Users/russe/.pico-sdk/sdk/2.2.0/lib/tinyusb/src/device/usbd.c.obj
                0x1000459a                tud_suspended
 .text.tud_rhport_init
                0x100045aa      0x10e CMakeFiles/lab6-code.dir/C_/Users/russe/.pico-sdk/sdk/2.2.0/lib/tinyusb/src/device/usbd.c.obj
                0x100045aa                tud_rhport_init
 .text.tud_task_ext
                0x100046b8      0x780 CMakeFiles/lab6-code.dir/C_/Users/russe/.pico-sdk/sdk/2.2.0/lib/tinyusb/src/device/usbd.c.obj
                0x100046b8                tud_task_ext
 .text.usbd_open_edpt_pair
                0x10004e38       0xb8 CMakeFiles/lab6-code.dir/C_/Users/russe/.pico-sdk/sdk/2.2.0/lib/tinyusb/src/device/usbd.c.obj
                0x10004e38                usbd_open_edpt_pair
 .text.usbd_edpt_open
                0x10004ef0       0x4c CMakeFiles/lab6-code.dir/C_/Users/russe/.pico-sdk/sdk/2.2.0/lib/tinyusb/src/device/usbd.c.obj
                0x10004ef0                usbd_edpt_open
 .text.usbd_edpt_claim
                0x10004f3c       0x22 CMakeFiles/lab6-code.dir/C_/Users/russe/.pico-sdk/sdk/2.2.0/lib/tinyusb/src/device/usbd.c.obj
                0x10004f3c                usbd_edpt_claim
 .text.usbd_edpt_release
                0x10004f5e       0x22 CMakeFiles/lab6-code.dir/C_/Users/russe/.pico-sdk/sdk/2.2.0/lib/tinyusb/src/device/usbd.c.obj
                0x10004f5e                usbd_edpt_release
 .text.usbd_edpt_xfer
                0x10004f80       0x64 CMakeFiles/lab6-code.dir/C_/Users/russe/.pico-sdk/sdk/2.2.0/lib/tinyusb/src/device/usbd.c.obj
                0x10004f80                usbd_edpt_xfer
 .text.tud_control_status
                0x10004fe4       0x60 CMakeFiles/lab6-code.dir/C_/Users/russe/.pico-sdk/sdk/2.2.0/lib/tinyusb/src/device/usbd_control.c.obj
                0x10004fe4                tud_control_status
 .text.tud_control_xfer
                0x10005044       0xe4 CMakeFiles/lab6-code.dir/C_/Users/russe/.pico-sdk/sdk/2.2.0/lib/tinyusb/src/device/usbd_control.c.obj
                0x10005044                tud_control_xfer
 .text.usbd_control_reset
                0x10005128       0x1e CMakeFiles/lab6-code.dir/C_/Users/russe/.pico-sdk/sdk/2.2.0/lib/tinyusb/src/device/usbd_control.c.obj
                0x10005128                usbd_control_reset
 .text.usbd_control_set_complete_callback
                0x10005146        0xa CMakeFiles/lab6-code.dir/C_/Users/russe/.pico-sdk/sdk/2.2.0/lib/tinyusb/src/device/usbd_control.c.obj
                0x10005146                usbd_control_set_complete_callback
 .text.usbd_control_set_request
                0x10005150       0x4e CMakeFiles/lab6-code.dir/C_/Users/russe/.pico-sdk/sdk/2.2.0/lib/tinyusb/src/device/usbd_control.c.obj
                0x10005150                usbd_control_set_request
 .text.usbd_control_xfer_cb
                0x1000519e      0x13a CMakeFiles/lab6-code.dir/C_/Users/russe/.pico-sdk/sdk/2.2.0/lib/tinyusb/src/device/usbd_control.c.obj
                0x1000519e                usbd_control_xfer_cb
 .text._prep_out_transaction.isra.0
                0x100052d8       0x9e CMakeFiles/lab6-code.dir/C_/Users/russe/.pico-sdk/sdk/2.2.0/lib/tinyusb/src/class/cdc/cdc_device.c.obj
 .text.tud_cdc_n_connected
                0x10005376       0x40 CMakeFiles/lab6-code.dir/C_/Users/russe/.pico-sdk/sdk/2.2.0/lib/tinyusb/src/class/cdc/cdc_device.c.obj
                0x10005376                tud_cdc_n_connected
 .text.tud_cdc_n_available
                0x100053b6       0x26 CMakeFiles/lab6-code.dir/C_/Users/russe/.pico-sdk/sdk/2.2.0/lib/tinyusb/src/class/cdc/cdc_device.c.obj
                0x100053b6                tud_cdc_n_available
 .text.tud_cdc_n_read
                0x100053dc       0xaa CMakeFiles/lab6-code.dir/C_/Users/russe/.pico-sdk/sdk/2.2.0/lib/tinyusb/src/class/cdc/cdc_device.c.obj
                0x100053dc                tud_cdc_n_read
 .text.tud_cdc_n_write_flush
                0x10005486       0xb8 CMakeFiles/lab6-code.dir/C_/Users/russe/.pico-sdk/sdk/2.2.0/lib/tinyusb/src/class/cdc/cdc_device.c.obj
                0x10005486                tud_cdc_n_write_flush
 .text.tud_cdc_n_write
                0x1000553e       0x68 CMakeFiles/lab6-code.dir/C_/Users/russe/.pico-sdk/sdk/2.2.0/lib/tinyusb/src/class/cdc/cdc_device.c.obj
                0x1000553e                tud_cdc_n_write
 .text.tud_cdc_n_write_available
                0x100055a6       0x28 CMakeFiles/lab6-code.dir/C_/Users/russe/.pico-sdk/sdk/2.2.0/lib/tinyusb/src/class/cdc/cdc_device.c.obj
                0x100055a6                tud_cdc_n_write_available
 .text.cdcd_init
                0x100055ce       0xa8 CMakeFiles/lab6-code.dir/C_/Users/russe/.pico-sdk/sdk/2.2.0/lib/tinyusb/src/class/cdc/cdc_device.c.obj
                0x100055ce                cdcd_init
 .text.cdcd_deinit
                0x10005676       0x38 CMakeFiles/lab6-code.dir/C_/Users/russe/.pico-sdk/sdk/2.2.0/lib/tinyusb/src/class/cdc/cdc_device.c.obj
                0x10005676                cdcd_deinit
 .text.cdcd_reset
                0x100056ae       0x66 CMakeFiles/lab6-code.dir/C_/Users/russe/.pico-sdk/sdk/2.2.0/lib/tinyusb/src/class/cdc/cdc_device.c.obj
                0x100056ae                cdcd_reset
 .text.cdcd_open
                0x10005714       0xee CMakeFiles/lab6-code.dir/C_/Users/russe/.pico-sdk/sdk/2.2.0/lib/tinyusb/src/class/cdc/cdc_device.c.obj
                0x10005714                cdcd_open
 .text.cdcd_control_xfer_cb
                0x10005802      0x11a CMakeFiles/lab6-code.dir/C_/Users/russe/.pico-sdk/sdk/2.2.0/lib/tinyusb/src/class/cdc/cdc_device.c.obj
                0x10005802                cdcd_control_xfer_cb
 .text.cdcd_xfer_cb
                0x1000591c      0x122 CMakeFiles/lab6-code.dir/C_/Users/russe/.pico-sdk/sdk/2.2.0/lib/tinyusb/src/class/cdc/cdc_device.c.obj
                0x1000591c                cdcd_xfer_cb
 .text.vendord_init
                0x10005a3e       0x6a CMakeFiles/lab6-code.dir/C_/Users/russe/.pico-sdk/sdk/2.2.0/lib/tinyusb/src/class/vendor/vendor_device.c.obj
                0x10005a3e                vendord_init
 .text.vendord_deinit
                0x10005aa8       0x20 CMakeFiles/lab6-code.dir/C_/Users/russe/.pico-sdk/sdk/2.2.0/lib/tinyusb/src/class/vendor/vendor_device.c.obj
                0x10005aa8                vendord_deinit
 .text.vendord_reset
                0x10005ac8       0x3a CMakeFiles/lab6-code.dir/C_/Users/russe/.pico-sdk/sdk/2.2.0/lib/tinyusb/src/class/vendor/vendor_device.c.obj
                0x10005ac8                vendord_reset
 .text.vendord_open
                0x10005b02      0x162 CMakeFiles/lab6-code.dir/C_/Users/russe/.pico-sdk/sdk/2.2.0/lib/tinyusb/src/class/vendor/vendor_device.c.obj
                0x10005b02                vendord_open
 .text.vendord_xfer_cb
                0x10005c64       0xc2 CMakeFiles/lab6-code.dir/C_/Users/russe/.pico-sdk/sdk/2.2.0/lib/tinyusb/src/class/vendor/vendor_device.c.obj
                0x10005c64                vendord_xfer_cb
 .text.tusb_rhport_init
                0x10005d26       0x52 CMakeFiles/lab6-code.dir/C_/Users/russe/.pico-sdk/sdk/2.2.0/lib/tinyusb/src/tusb.c.obj
                0x10005d26                tusb_rhport_init
 .text.tu_edpt_claim
                0x10005d78       0x64 CMakeFiles/lab6-code.dir/C_/Users/russe/.pico-sdk/sdk/2.2.0/lib/tinyusb/src/tusb.c.obj
                0x10005d78                tu_edpt_claim
 .text.tu_edpt_release
                0x10005ddc       0x4a CMakeFiles/lab6-code.dir/C_/Users/russe/.pico-sdk/sdk/2.2.0/lib/tinyusb/src/tusb.c.obj
                0x10005ddc                tu_edpt_release
 .text.tu_edpt_validate
                0x10005e26       0x6c CMakeFiles/lab6-code.dir/C_/Users/russe/.pico-sdk/sdk/2.2.0/lib/tinyusb/src/tusb.c.obj
                0x10005e26                tu_edpt_validate
 .text.tu_edpt_bind_driver
                0x10005e92       0x32 CMakeFiles/lab6-code.dir/C_/Users/russe/.pico-sdk/sdk/2.2.0/lib/tinyusb/src/tusb.c.obj
                0x10005e92                tu_edpt_bind_driver
 .text.tu_edpt_stream_init
                0x10005ec4       0x6a CMakeFiles/lab6-code.dir/C_/Users/russe/.pico-sdk/sdk/2.2.0/lib/tinyusb/src/tusb.c.obj
                0x10005ec4                tu_edpt_stream_init
 .text.tu_edpt_stream_deinit
                0x10005f2e        0x4 CMakeFiles/lab6-code.dir/C_/Users/russe/.pico-sdk/sdk/2.2.0/lib/tinyusb/src/tusb.c.obj
                0x10005f2e                tu_edpt_stream_deinit
 .text.tu_edpt_stream_write_zlp_if_needed
                0x10005f32       0x68 CMakeFiles/lab6-code.dir/C_/Users/russe/.pico-sdk/sdk/2.2.0/lib/tinyusb/src/tusb.c.obj
                0x10005f32                tu_edpt_stream_write_zlp_if_needed
 .text.tu_edpt_stream_write_xfer
                0x10005f9a       0x64 CMakeFiles/lab6-code.dir/C_/Users/russe/.pico-sdk/sdk/2.2.0/lib/tinyusb/src/tusb.c.obj
                0x10005f9a                tu_edpt_stream_write_xfer
 .text.tu_edpt_stream_read_xfer
                0x10005ffe       0xe8 CMakeFiles/lab6-code.dir/C_/Users/russe/.pico-sdk/sdk/2.2.0/lib/tinyusb/src/tusb.c.obj
                0x10005ffe                tu_edpt_stream_read_xfer
 .text.tu_fifo_config
                0x100060e6       0x88 CMakeFiles/lab6-code.dir/C_/Users/russe/.pico-sdk/sdk/2.2.0/lib/tinyusb/src/common/tusb_fifo.c.obj
                0x100060e6                tu_fifo_config
 .text.tu_fifo_count
                0x1000616e       0x26 CMakeFiles/lab6-code.dir/C_/Users/russe/.pico-sdk/sdk/2.2.0/lib/tinyusb/src/common/tusb_fifo.c.obj
                0x1000616e                tu_fifo_count
 .text.tu_fifo_empty
                0x10006194       0x12 CMakeFiles/lab6-code.dir/C_/Users/russe/.pico-sdk/sdk/2.2.0/lib/tinyusb/src/common/tusb_fifo.c.obj
                0x10006194                tu_fifo_empty
 .text.tu_fifo_remaining
                0x100061a6       0x2e CMakeFiles/lab6-code.dir/C_/Users/russe/.pico-sdk/sdk/2.2.0/lib/tinyusb/src/common/tusb_fifo.c.obj
                0x100061a6                tu_fifo_remaining
 .text.tu_fifo_read
                0x100061d4       0xce CMakeFiles/lab6-code.dir/C_/Users/russe/.pico-sdk/sdk/2.2.0/lib/tinyusb/src/common/tusb_fifo.c.obj
                0x100061d4                tu_fifo_read
 .text.tu_fifo_read_n
                0x100062a2      0x138 CMakeFiles/lab6-code.dir/C_/Users/russe/.pico-sdk/sdk/2.2.0/lib/tinyusb/src/common/tusb_fifo.c.obj
                0x100062a2                tu_fifo_read_n
 .text.tu_fifo_write
                0x100063da       0xd4 CMakeFiles/lab6-code.dir/C_/Users/russe/.pico-sdk/sdk/2.2.0/lib/tinyusb/src/common/tusb_fifo.c.obj
                0x100063da                tu_fifo_write
 .text.tu_fifo_write_n
                0x100064ae      0x1b2 CMakeFiles/lab6-code.dir/C_/Users/russe/.pico-sdk/sdk/2.2.0/lib/tinyusb/src/common/tusb_fifo.c.obj
                0x100064ae                tu_fifo_write_n
 .text.tu_fifo_clear
                0x10006660       0x4e CMakeFiles/lab6-code.dir/C_/Users/russe/.pico-sdk/sdk/2.2.0/lib/tinyusb/src/common/tusb_fifo.c.obj
                0x10006660                tu_fifo_clear
 .text.tu_fifo_set_overwritable
                0x100066ae       0x5e CMakeFiles/lab6-code.dir/C_/Users/russe/.pico-sdk/sdk/2.2.0/lib/tinyusb/src/common/tusb_fifo.c.obj
                0x100066ae                tu_fifo_set_overwritable
 .text          0x1000670c       0xa8 C:/Users/russe/.pico-sdk/toolchain/RISCV_ZCB_RPI_2_2_0_3/bin/../lib/gcc/riscv32-unknown-elf/15.1.0/../../../../riscv32-unknown-elf/lib\libc.a(libc_a-memset.o)
                0x1000670c                memset
 .text.memcpy   0x100067b4       0xe2 C:/Users/russe/.pico-sdk/toolchain/RISCV_ZCB_RPI_2_2_0_3/bin/../lib/gcc/riscv32-unknown-elf/15.1.0/../../../../riscv32-unknown-elf/lib\libc.a(libc_a-memcpy.o)
                0x100067b4                memcpy
 .text.strlen   0x10006896       0x62 C:/Users/russe/.pico-sdk/toolchain/RISCV_ZCB_RPI_2_2_0_3/bin/../lib/gcc/riscv32-unknown-elf/15.1.0/../../../../riscv32-unknown-elf/lib\libc.a(libc_a-strlen.o)
                0x10006896                strlen
 *(.fini)
 *crtbegin.o(.ctors)
 *crtbegin?.o(.ctors)
 *(EXCLUDE_FILE(*crtend.o *crtend?.o) .ctors)
 *(SORT_BY_NAME(.ctors.*))
 *(.ctors)
 *crtbegin.o(.dtors)
 *crtbegin?.o(.dtors)
 *(EXCLUDE_FILE(*crtend.o *crtend?.o) .dtors)
 *(SORT_BY_NAME(.dtors.*))
 *(.dtors)
                0x100068f8                        . = ALIGN (0x4)
 *fill*         0x100068f8        0x0 
                0x100068f8                        PROVIDE (__preinit_array_start = .)
 *(SORT_BY_NAME(.preinit_array.*))
 .preinit_array.00050
                0x100068f8        0x4 CMakeFiles/lab6-code.dir/C_/Users/russe/.pico-sdk/sdk/2.2.0/src/rp2_common/pico_runtime_init/runtime_init.c.obj
                0x100068f8                __pre_init_runtime_init_bootrom_reset
 .preinit_array.00100
                0x100068fc        0x4 CMakeFiles/lab6-code.dir/C_/Users/russe/.pico-sdk/sdk/2.2.0/src/rp2_common/pico_runtime_init/runtime_init.c.obj
                0x100068fc                __pre_init_runtime_init_early_resets
 .preinit_array.00101
                0x10006900        0x4 CMakeFiles/lab6-code.dir/C_/Users/russe/.pico-sdk/sdk/2.2.0/src/rp2_common/pico_runtime_init/runtime_init.c.obj
                0x10006900                __pre_init_runtime_init_usb_power_down
 .preinit_array.00500
                0x10006904        0x4 CMakeFiles/lab6-code.dir/C_/Users/russe/.pico-sdk/sdk/2.2.0/src/rp2_common/pico_runtime_init/runtime_init.c.obj
                0x10006904                __pre_init_runtime_init_clocks
 .preinit_array.00600
                0x10006908        0x4 CMakeFiles/lab6-code.dir/C_/Users/russe/.pico-sdk/sdk/2.2.0/src/rp2_common/pico_runtime_init/runtime_init.c.obj
                0x10006908                __pre_init_runtime_init_post_clock_resets
 .preinit_array.01000
                0x1000690c        0x4 CMakeFiles/lab6-code.dir/C_/Users/russe/.pico-sdk/sdk/2.2.0/src/rp2_common/hardware_boot_lock/boot_lock.c.obj
                0x1000690c                __pre_init_runtime_init_boot_locks_reset
 .preinit_array.01000
                0x10006910        0x4 CMakeFiles/lab6-code.dir/C_/Users/russe/.pico-sdk/sdk/2.2.0/src/rp2_common/pico_runtime_init/runtime_init.c.obj
                0x10006910                __pre_init_runtime_init_spin_locks_reset
 .preinit_array.01010
                0x10006914        0x4 CMakeFiles/lab6-code.dir/C_/Users/russe/.pico-sdk/sdk/2.2.0/src/rp2_common/pico_bootrom/bootrom_lock.c.obj
                0x10006914                __pre_init_runtime_init_bootrom_locking_enable
 .preinit_array.01100
                0x10006918        0x4 CMakeFiles/lab6-code.dir/C_/Users/russe/.pico-sdk/sdk/2.2.0/src/common/pico_sync/mutex.c.obj
                0x10006918                __pre_init_runtime_init_mutex
 .preinit_array.11000
                0x1000691c        0x4 CMakeFiles/lab6-code.dir/C_/Users/russe/.pico-sdk/sdk/2.2.0/src/common/pico_time/time.c.obj
                0x1000691c                __pre_init_runtime_init_default_alarm_pool
 .preinit_array.YYYYY
                0x10006920        0x4 CMakeFiles/lab6-code.dir/C_/Users/russe/.pico-sdk/sdk/2.2.0/src/rp2_common/pico_runtime/runtime.c.obj
                0x10006920                __pre_init_first_per_core_initializer
 .preinit_array.ZZZZZ.00051
                0x10006924        0x4 CMakeFiles/lab6-code.dir/C_/Users/russe/.pico-sdk/sdk/2.2.0/src/rp2_common/pico_runtime_init/runtime_init.c.obj
                0x10006924                __pre_init_runtime_init_per_core_bootrom_reset
 .preinit_array.ZZZZZ.00060
                0x10006928        0x4 CMakeFiles/lab6-code.dir/C_/Users/russe/.pico-sdk/sdk/2.2.0/src/rp2_common/pico_runtime_init/runtime_init.c.obj
                0x10006928                __pre_init_runtime_init_per_core_h3_irq_registers
 .preinit_array.ZZZZZ.01200
                0x1000692c        0x4 CMakeFiles/lab6-code.dir/C_/Users/russe/.pico-sdk/sdk/2.2.0/src/rp2_common/hardware_irq/irq.c.obj
                0x1000692c                __pre_init_runtime_init_per_core_irq_priorities
 *(.preinit_array)
                0x10006930                        PROVIDE (__preinit_array_end = .)
                0x10006930                        . = ALIGN (0x4)
                0x10006930                        PROVIDE (__init_array_start = .)
 *(SORT_BY_NAME(.init_array.*))
 .init_array.01000
                0x10006930        0x4 CMakeFiles/lab6-code.dir/C_/Users/russe/.pico-sdk/sdk/2.2.0/src/rp2_common/pico_unique_id/unique_id.c.obj
 *(.init_array)
 .init_array    0x10006934        0x4 C:/Users/russe/.pico-sdk/toolchain/RISCV_ZCB_RPI_2_2_0_3/bin/../lib/gcc/riscv32-unknown-elf/15.1.0/crtbegin.o
                0x10006938                        PROVIDE (__init_array_end = .)
                0x10006938                        . = ALIGN (0x4)
                [!provide]                        PROVIDE (__fini_array_start = .)
 *(SORT_BY_NAME(.fini_array.*))
 *(.fini_array)
                [!provide]                        PROVIDE (__fini_array_end = .)
 *(.eh_frame*)
 .eh_frame      0x10006938        0x0 C:/Users/russe/.pico-sdk/toolchain/RISCV_ZCB_RPI_2_2_0_3/bin/../lib/gcc/riscv32-unknown-elf/15.1.0/crtbegin.o
                0x10006938                        . = ALIGN (0x4)

.boot2          0x10006938        0x0
                0x10006938                        __boot2_start__ = .
 *(.boot2)
                0x10006938                        __boot2_end__ = .
                0x00000001                        ASSERT (((__boot2_end__ - __boot2_start__) <= 0x100), ERROR: Pico second stage bootloader must be no more than 256 bytes in size)

.rodata         0x10006938      0x6d4
 *(EXCLUDE_FILE(*libm.a: *libc.a:*lib_a-mem*.o *libgcc.a:) .rodata*)
 .rodata.main.str1.4
                0x10006938      0x188 CMakeFiles/lab6-code.dir/main.c.obj
                                 0x13 (size before relaxing)
 .rodata.panic.str1.4
                0x10006ac0        0x0 CMakeFiles/lab6-code.dir/C_/Users/russe/.pico-sdk/sdk/2.2.0/src/rp2_common/pico_platform_panic/panic.c.obj
                                 0x12 (size before relaxing)
 .rodata.spin_lock_claim_unused.str1.4
                0x10006ac0        0x0 CMakeFiles/lab6-code.dir/C_/Users/russe/.pico-sdk/sdk/2.2.0/src/rp2_common/hardware_sync/sync.c.obj
                                 0x1b (size before relaxing)
 .rodata.user_irq_claim_unused.str1.4
                0x10006ac0        0x0 CMakeFiles/lab6-code.dir/C_/Users/russe/.pico-sdk/sdk/2.2.0/src/rp2_common/hardware_irq/irq.c.obj
                                 0x1b (size before relaxing)
 .rodata.timer_hardware_alarm_claim.str1.4
                0x10006ac0        0x0 CMakeFiles/lab6-code.dir/C_/Users/russe/.pico-sdk/sdk/2.2.0/src/rp2_common/hardware_timer/timer.c.obj
                                 0x22 (size before relaxing)
 .rodata.hard_assertion_failure.str1.4
                0x10006ac0        0x0 CMakeFiles/lab6-code.dir/C_/Users/russe/.pico-sdk/sdk/2.2.0/src/rp2_common/pico_runtime/runtime.c.obj
                                  0xc (size before relaxing)
 .rodata.str1.4
                0x10006ac0        0x0 CMakeFiles/lab6-code.dir/C_/Users/russe/.pico-sdk/sdk/2.2.0/src/rp2_common/pico_standard_binary_info/standard_binary_info.c.obj
                                 0x44 (size before relaxing)
 .rodata.__bi_84
                0x10006ac0        0xc CMakeFiles/lab6-code.dir/C_/Users/russe/.pico-sdk/sdk/2.2.0/src/rp2_common/pico_standard_binary_info/standard_binary_info.c.obj
 .rodata.__bi_78
                0x10006acc        0xc CMakeFiles/lab6-code.dir/C_/Users/russe/.pico-sdk/sdk/2.2.0/src/rp2_common/pico_standard_binary_info/standard_binary_info.c.obj
 .rodata.__bi_60
                0x10006ad8        0xc CMakeFiles/lab6-code.dir/C_/Users/russe/.pico-sdk/sdk/2.2.0/src/rp2_common/pico_standard_binary_info/standard_binary_info.c.obj
 .rodata.__bi_54
                0x10006ae4        0xc CMakeFiles/lab6-code.dir/C_/Users/russe/.pico-sdk/sdk/2.2.0/src/rp2_common/pico_standard_binary_info/standard_binary_info.c.obj
 .rodata.__bi_48
                0x10006af0        0xc CMakeFiles/lab6-code.dir/C_/Users/russe/.pico-sdk/sdk/2.2.0/src/rp2_common/pico_standard_binary_info/standard_binary_info.c.obj
 .rodata.__bi_42
                0x10006afc        0xc CMakeFiles/lab6-code.dir/C_/Users/russe/.pico-sdk/sdk/2.2.0/src/rp2_common/pico_standard_binary_info/standard_binary_info.c.obj
 .rodata.__bi_34
                0x10006b08        0xc CMakeFiles/lab6-code.dir/C_/Users/russe/.pico-sdk/sdk/2.2.0/src/rp2_common/pico_standard_binary_info/standard_binary_info.c.obj
 .rodata.__bi_26
                0x10006b14        0xc CMakeFiles/lab6-code.dir/C_/Users/russe/.pico-sdk/sdk/2.2.0/src/rp2_common/pico_standard_binary_info/standard_binary_info.c.obj
 .rodata._ftoa.str1.4
                0x10006b20        0x0 CMakeFiles/lab6-code.dir/C_/Users/russe/.pico-sdk/sdk/2.2.0/src/rp2_common/pico_printf/printf.c.obj
                                 0x15 (size before relaxing)
 .rodata._vsnprintf
                0x10006b20      0x19c CMakeFiles/lab6-code.dir/C_/Users/russe/.pico-sdk/sdk/2.2.0/src/rp2_common/pico_printf/printf.c.obj
 *fill*         0x10006cbc        0x4 
 .rodata.pow10.0
                0x10006cc0       0x50 CMakeFiles/lab6-code.dir/C_/Users/russe/.pico-sdk/sdk/2.2.0/src/rp2_common/pico_printf/printf.c.obj
 .rodata._resetd_driver
                0x10006d10       0x20 CMakeFiles/lab6-code.dir/C_/Users/russe/.pico-sdk/sdk/2.2.0/src/rp2_common/pico_stdio_usb/reset_interface.c.obj
 .rodata.desc_ms_os_20
                0x10006d30       0xa6 CMakeFiles/lab6-code.dir/C_/Users/russe/.pico-sdk/sdk/2.2.0/src/rp2_common/pico_stdio_usb/reset_interface.c.obj
 *fill*         0x10006dd6        0x2 
 .rodata.desc_bos
                0x10006dd8       0x21 CMakeFiles/lab6-code.dir/C_/Users/russe/.pico-sdk/sdk/2.2.0/src/rp2_common/pico_stdio_usb/reset_interface.c.obj
                0x10006dd8                desc_bos
 .rodata.str1.4
                0x10006df9        0x0 CMakeFiles/lab6-code.dir/C_/Users/russe/.pico-sdk/sdk/2.2.0/src/rp2_common/pico_stdio_usb/stdio_usb.c.obj
                                 0x13 (size before relaxing)
 *fill*         0x10006df9        0x3 
 .rodata.__bi_202.0
                0x10006dfc        0xc CMakeFiles/lab6-code.dir/C_/Users/russe/.pico-sdk/sdk/2.2.0/src/rp2_common/pico_stdio_usb/stdio_usb.c.obj
 .rodata.str1.4
                0x10006e08        0x0 CMakeFiles/lab6-code.dir/C_/Users/russe/.pico-sdk/sdk/2.2.0/src/rp2_common/pico_stdio_usb/stdio_usb_descriptors.c.obj
                                 0x2a (size before relaxing)
 .rodata.usbd_desc_str
                0x10006e08       0x18 CMakeFiles/lab6-code.dir/C_/Users/russe/.pico-sdk/sdk/2.2.0/src/rp2_common/pico_stdio_usb/stdio_usb_descriptors.c.obj
 .rodata.usbd_desc_cfg
                0x10006e20       0x54 CMakeFiles/lab6-code.dir/C_/Users/russe/.pico-sdk/sdk/2.2.0/src/rp2_common/pico_stdio_usb/stdio_usb_descriptors.c.obj
 .rodata.usbd_desc_device
                0x10006e74       0x12 CMakeFiles/lab6-code.dir/C_/Users/russe/.pico-sdk/sdk/2.2.0/src/rp2_common/pico_stdio_usb/stdio_usb_descriptors.c.obj
 .rodata.str1.4
                0x10006e86        0x0 CMakeFiles/lab6-code.dir/C_/Users/russe/.pico-sdk/sdk/2.2.0/lib/tinyusb/src/portable/raspberrypi/rp2040/dcd_rp2040.c.obj
                                 0x14 (size before relaxing)
 .rodata.str1.4
                0x10006e86        0x0 CMakeFiles/lab6-code.dir/C_/Users/russe/.pico-sdk/sdk/2.2.0/lib/tinyusb/src/portable/raspberrypi/rp2040/rp2040_usb.c.obj
                                 0x48 (size before relaxing)
 *fill*         0x10006e86        0x2 
 .rodata.tud_task_ext
                0x10006e88       0x8c CMakeFiles/lab6-code.dir/C_/Users/russe/.pico-sdk/sdk/2.2.0/lib/tinyusb/src/device/usbd.c.obj
 .rodata        0x10006f14       0x1c CMakeFiles/lab6-code.dir/C_/Users/russe/.pico-sdk/sdk/2.2.0/lib/tinyusb/src/device/usbd.c.obj
 .rodata._usbd_driver
                0x10006f30       0x40 CMakeFiles/lab6-code.dir/C_/Users/russe/.pico-sdk/sdk/2.2.0/lib/tinyusb/src/device/usbd.c.obj
 *(.srodata*)
 .srodata.cst8  0x10006f70       0x98 CMakeFiles/lab6-code.dir/C_/Users/russe/.pico-sdk/sdk/2.2.0/src/rp2_common/pico_printf/printf.c.obj
 .srodata.crlf_str.0
                0x10007008        0x2 CMakeFiles/lab6-code.dir/C_/Users/russe/.pico-sdk/sdk/2.2.0/src/rp2_common/pico_stdio/stdio.c.obj
                0x1000700c                        . = ALIGN (0x4)
 *fill*         0x1000700a        0x2 
 *(SORT_BY_ALIGNMENT(SORT_BY_NAME(.flashdata*)))
                0x1000700c                        . = ALIGN (0x4)

.ARM.extab
 *(.ARM.extab* .gnu.linkonce.armextab.*)
                0x1000700c                        __exidx_start = .

.ARM.exidx
 *(.ARM.exidx* .gnu.linkonce.armexidx.*)
                0x1000700c                        __exidx_end = .
                0x1000700c                        . = ALIGN (0x4)
                0x1000700c                        __binary_info_start = .

.binary_info    0x1000700c       0x24
 *(.binary_info.keep.*)
 .binary_info.keep.__bi_ptr84
                0x1000700c        0x4 CMakeFiles/lab6-code.dir/C_/Users/russe/.pico-sdk/sdk/2.2.0/src/rp2_common/pico_standard_binary_info/standard_binary_info.c.obj
 .binary_info.keep.__bi_ptr78
                0x10007010        0x4 CMakeFiles/lab6-code.dir/C_/Users/russe/.pico-sdk/sdk/2.2.0/src/rp2_common/pico_standard_binary_info/standard_binary_info.c.obj
 .binary_info.keep.__bi_ptr60
                0x10007014        0x4 CMakeFiles/lab6-code.dir/C_/Users/russe/.pico-sdk/sdk/2.2.0/src/rp2_common/pico_standard_binary_info/standard_binary_info.c.obj
 .binary_info.keep.__bi_ptr54
                0x10007018        0x4 CMakeFiles/lab6-code.dir/C_/Users/russe/.pico-sdk/sdk/2.2.0/src/rp2_common/pico_standard_binary_info/standard_binary_info.c.obj
 .binary_info.keep.__bi_ptr48
                0x1000701c        0x4 CMakeFiles/lab6-code.dir/C_/Users/russe/.pico-sdk/sdk/2.2.0/src/rp2_common/pico_standard_binary_info/standard_binary_info.c.obj
 .binary_info.keep.__bi_ptr42
                0x10007020        0x4 CMakeFiles/lab6-code.dir/C_/Users/russe/.pico-sdk/sdk/2.2.0/src/rp2_common/pico_standard_binary_info/standard_binary_info.c.obj
 .binary_info.keep.__bi_ptr34
                0x10007024        0x4 CMakeFiles/lab6-code.dir/C_/Users/russe/.pico-sdk/sdk/2.2.0/src/rp2_common/pico_standard_binary_info/standard_binary_info.c.obj
 .binary_info.keep.__bi_ptr26
                0x10007028        0x4 CMakeFiles/lab6-code.dir/C_/Users/russe/.pico-sdk/sdk/2.2.0/src/rp2_common/pico_standard_binary_info/standard_binary_info.c.obj
 *(.binary_info.*)
 .binary_info.__bi_ptr202
                0x1000702c        0x4 CMakeFiles/lab6-code.dir/C_/Users/russe/.pico-sdk/sdk/2.2.0/src/rp2_common/pico_stdio_usb/stdio_usb.c.obj
                0x10007030                        __binary_info_end = .
                0x10007030                        . = ALIGN (0x4)

.ram_vector_table
 *(.ram_vector_table)

.uninitialized_data
                0x20000000        0x0
                0x20000000                        . = ALIGN (0x4)
 *(.uninitialized_data*)

.data           0x20000000     0x2e68 load address 0x10007030
                0x20000000                        __data_start__ = .
 *(vtable)
 *(.time_critical*)
 .time_critical.mutex_try_enter
                0x20000000       0x5c CMakeFiles/lab6-code.dir/C_/Users/russe/.pico-sdk/sdk/2.2.0/src/common/pico_sync/mutex.c.obj
                0x20000000                mutex_try_enter
 .time_critical.mutex_enter_block_until
                0x2000005c       0x8c CMakeFiles/lab6-code.dir/C_/Users/russe/.pico-sdk/sdk/2.2.0/src/common/pico_sync/mutex.c.obj
                0x2000005c                mutex_enter_block_until
 .time_critical.mutex_try_enter_block_until
                0x200000e8       0x6a CMakeFiles/lab6-code.dir/C_/Users/russe/.pico-sdk/sdk/2.2.0/src/common/pico_sync/mutex.c.obj
                0x200000e8                mutex_try_enter_block_until
 .time_critical.mutex_enter_timeout_ms
                0x20000152       0x44 CMakeFiles/lab6-code.dir/C_/Users/russe/.pico-sdk/sdk/2.2.0/src/common/pico_sync/mutex.c.obj
                0x20000152                mutex_enter_timeout_ms
 .time_critical.mutex_exit
                0x20000196       0x38 CMakeFiles/lab6-code.dir/C_/Users/russe/.pico-sdk/sdk/2.2.0/src/common/pico_sync/mutex.c.obj
                0x20000196                mutex_exit
 .time_critical.reset_non_control_endpoints
                0x200001ce       0xa8 CMakeFiles/lab6-code.dir/C_/Users/russe/.pico-sdk/sdk/2.2.0/lib/tinyusb/src/portable/raspberrypi/rp2040/dcd_rp2040.c.obj
 .time_critical.hw_handle_buff_status
                0x20000276       0xb4 CMakeFiles/lab6-code.dir/C_/Users/russe/.pico-sdk/sdk/2.2.0/lib/tinyusb/src/portable/raspberrypi/rp2040/dcd_rp2040.c.obj
 .time_critical.dcd_rp2040_irq
                0x2000032a      0x566 CMakeFiles/lab6-code.dir/C_/Users/russe/.pico-sdk/sdk/2.2.0/lib/tinyusb/src/portable/raspberrypi/rp2040/dcd_rp2040.c.obj
 .time_critical.prepare_ep_buffer
                0x20000890       0xe6 CMakeFiles/lab6-code.dir/C_/Users/russe/.pico-sdk/sdk/2.2.0/lib/tinyusb/src/portable/raspberrypi/rp2040/rp2040_usb.c.obj
 .time_critical.sync_ep_buffer
                0x20000976       0xc4 CMakeFiles/lab6-code.dir/C_/Users/russe/.pico-sdk/sdk/2.2.0/lib/tinyusb/src/portable/raspberrypi/rp2040/rp2040_usb.c.obj
 .time_critical._hw_endpoint_xfer_sync
                0x20000a3a       0x38 CMakeFiles/lab6-code.dir/C_/Users/russe/.pico-sdk/sdk/2.2.0/lib/tinyusb/src/portable/raspberrypi/rp2040/rp2040_usb.c.obj
 .time_critical.e15_is_bulkin_ep
                0x20000a72       0x28 CMakeFiles/lab6-code.dir/C_/Users/russe/.pico-sdk/sdk/2.2.0/lib/tinyusb/src/portable/raspberrypi/rp2040/rp2040_usb.c.obj
 .time_critical.e15_is_critical_frame_period
                0x20000a9a       0x22 CMakeFiles/lab6-code.dir/C_/Users/russe/.pico-sdk/sdk/2.2.0/lib/tinyusb/src/portable/raspberrypi/rp2040/rp2040_usb.c.obj
 .time_critical.hw_endpoint_reset_transfer
                0x20000abc        0xe CMakeFiles/lab6-code.dir/C_/Users/russe/.pico-sdk/sdk/2.2.0/lib/tinyusb/src/portable/raspberrypi/rp2040/rp2040_usb.c.obj
                0x20000abc                hw_endpoint_reset_transfer
 *fill*         0x20000aca        0x2 
 .time_critical._hw_endpoint_buffer_control_update32
                0x20000acc       0x50 CMakeFiles/lab6-code.dir/C_/Users/russe/.pico-sdk/sdk/2.2.0/lib/tinyusb/src/portable/raspberrypi/rp2040/rp2040_usb.c.obj
                0x20000acc                _hw_endpoint_buffer_control_update32
 .time_critical.hw_endpoint_start_next_buffer
                0x20000b1c       0x6a CMakeFiles/lab6-code.dir/C_/Users/russe/.pico-sdk/sdk/2.2.0/lib/tinyusb/src/portable/raspberrypi/rp2040/rp2040_usb.c.obj
                0x20000b1c                hw_endpoint_start_next_buffer
 .time_critical.hw_endpoint_xfer_continue
                0x20000b86       0x58 CMakeFiles/lab6-code.dir/C_/Users/russe/.pico-sdk/sdk/2.2.0/lib/tinyusb/src/portable/raspberrypi/rp2040/rp2040_usb.c.obj
                0x20000b86                hw_endpoint_xfer_continue
 .time_critical.tinyusb
                0x20000bde      0x244 CMakeFiles/lab6-code.dir/C_/Users/russe/.pico-sdk/sdk/2.2.0/lib/tinyusb/src/device/usbd.c.obj
                0x20000bde                dcd_event_handler
 *(.text*)
 .text          0x20000e22      0x2d6 C:/Users/russe/.pico-sdk/toolchain/RISCV_ZCB_RPI_2_2_0_3/bin/../lib/gcc/riscv32-unknown-elf/15.1.0\libgcc.a(_udivdi3.o)
                0x20000e22                __udivdi3
 .text          0x200010f8      0x326 C:/Users/russe/.pico-sdk/toolchain/RISCV_ZCB_RPI_2_2_0_3/bin/../lib/gcc/riscv32-unknown-elf/15.1.0\libgcc.a(_umoddi3.o)
                0x200010f8                __umoddi3
 .text          0x2000141e      0x57e C:/Users/russe/.pico-sdk/toolchain/RISCV_ZCB_RPI_2_2_0_3/bin/../lib/gcc/riscv32-unknown-elf/15.1.0\libgcc.a(adddf3.o)
                0x2000141e                __adddf3
 .text          0x2000199c      0x4b0 C:/Users/russe/.pico-sdk/toolchain/RISCV_ZCB_RPI_2_2_0_3/bin/../lib/gcc/riscv32-unknown-elf/15.1.0\libgcc.a(divdf3.o)
                0x2000199c                __divdf3
 .text          0x20001e4c       0xb6 C:/Users/russe/.pico-sdk/toolchain/RISCV_ZCB_RPI_2_2_0_3/bin/../lib/gcc/riscv32-unknown-elf/15.1.0\libgcc.a(gedf2.o)
                0x20001e4c                __gedf2
                0x20001e4c                __gtdf2
 .text          0x20001f02       0xb6 C:/Users/russe/.pico-sdk/toolchain/RISCV_ZCB_RPI_2_2_0_3/bin/../lib/gcc/riscv32-unknown-elf/15.1.0\libgcc.a(ledf2.o)
                0x20001f02                __ledf2
                0x20001f02                __ltdf2
 .text          0x20001fb8      0x40c C:/Users/russe/.pico-sdk/toolchain/RISCV_ZCB_RPI_2_2_0_3/bin/../lib/gcc/riscv32-unknown-elf/15.1.0\libgcc.a(muldf3.o)
                0x20001fb8                __muldf3
 .text          0x200023c4      0x592 C:/Users/russe/.pico-sdk/toolchain/RISCV_ZCB_RPI_2_2_0_3/bin/../lib/gcc/riscv32-unknown-elf/15.1.0\libgcc.a(subdf3.o)
                0x200023c4                __subdf3
 .text          0x20002956       0x34 C:/Users/russe/.pico-sdk/toolchain/RISCV_ZCB_RPI_2_2_0_3/bin/../lib/gcc/riscv32-unknown-elf/15.1.0\libgcc.a(unorddf2.o)
                0x20002956                __unorddf2
 .text          0x2000298a       0x60 C:/Users/russe/.pico-sdk/toolchain/RISCV_ZCB_RPI_2_2_0_3/bin/../lib/gcc/riscv32-unknown-elf/15.1.0\libgcc.a(fixdfsi.o)
                0x2000298a                __fixdfsi
 .text          0x200029ea       0x5e C:/Users/russe/.pico-sdk/toolchain/RISCV_ZCB_RPI_2_2_0_3/bin/../lib/gcc/riscv32-unknown-elf/15.1.0\libgcc.a(fixunsdfsi.o)
                0x200029ea                __fixunsdfsi
 .text          0x20002a48       0x50 C:/Users/russe/.pico-sdk/toolchain/RISCV_ZCB_RPI_2_2_0_3/bin/../lib/gcc/riscv32-unknown-elf/15.1.0\libgcc.a(floatsidf.o)
                0x20002a48                __floatsidf
 .text          0x20002a98       0x3c C:/Users/russe/.pico-sdk/toolchain/RISCV_ZCB_RPI_2_2_0_3/bin/../lib/gcc/riscv32-unknown-elf/15.1.0\libgcc.a(floatunsidf.o)
                0x20002a98                __floatunsidf
                0x20002ad4                        . = ALIGN (0x4)
 *(.rodata*)
 .rodata        0x20002ad4       0x3c C:/Users/russe/.pico-sdk/toolchain/RISCV_ZCB_RPI_2_2_0_3/bin/../lib/gcc/riscv32-unknown-elf/15.1.0\libgcc.a(divdf3.o)
 .rodata        0x20002b10      0x100 C:/Users/russe/.pico-sdk/toolchain/RISCV_ZCB_RPI_2_2_0_3/bin/../lib/gcc/riscv32-unknown-elf/15.1.0\libgcc.a(_clz.o)
                0x20002b10                __clz_tab
                0x20002c10                        . = ALIGN (0x4)
 *(.data*)
 .data.init_cmd_buf
                0x20002c10        0xa CMakeFiles/lab6-code.dir/dfplayer.c.obj
                0x20002c10                init_cmd_buf
 *fill*         0x20002c1a        0x2 
 .data          0x20002c1c       0x4a CMakeFiles/lab6-code.dir/C_/Users/russe/.pico-sdk/sdk/2.2.0/src/rp2_common/hardware_irq/irq_handler_chain.S.obj
                0x20002c1c                irq_handler_chain_slots
                0x20002c4c                irq_handler_chain_first_slot
                0x20002c58                irq_handler_chain_remove_tail
 *fill*         0x20002c66        0x2 
 .data.default_alarm_pool
                0x20002c68       0x18 CMakeFiles/lab6-code.dir/C_/Users/russe/.pico-sdk/sdk/2.2.0/src/common/pico_time/time.c.obj
 *fill*         0x20002c80        0x0 
 .data          0x20002c80      0x1a8 CMakeFiles/lab6-code.dir/C_/Users/russe/.pico-sdk/sdk/2.2.0/src/rp2_common/pico_crt0/crt0_riscv.S.obj
                0x20002c80                __VECTOR_TABLE
                0x20002c80                __vectors
                0x20002cac                isr_riscv_machine_external_irq
                0x20002d50                __soft_vector_table
                0x20002e20                isr_riscv_machine_timer
                0x20002e20                __default_isrs_start
                0x20002e20                isr_riscv_machine_exception
                0x20002e22                isr_riscv_machine_soft_irq
                0x20002e24                isr_irqIRQN
                0x20002e24                __unhandled_user_irq
                0x20002e24                unhandled_user_irq_num_in_a0
                0x20002e28                __default_isrs_end
 .data.stdio_usb
                0x20002e28       0x18 CMakeFiles/lab6-code.dir/C_/Users/russe/.pico-sdk/sdk/2.2.0/src/rp2_common/pico_stdio_usb/stdio_usb.c.obj
                0x20002e28                stdio_usb
 .data._usbd_qdef
                0x20002e40       0x1c CMakeFiles/lab6-code.dir/C_/Users/russe/.pico-sdk/sdk/2.2.0/lib/tinyusb/src/device/usbd.c.obj
                0x20002e40                _usbd_qdef
 *(.sdata*)
 .sdata.dfplayer_checksum_tx
                0x20002e5c        0x1 CMakeFiles/lab6-code.dir/dfplayer.c.obj
                0x20002e5c                dfplayer_checksum_tx
 .sdata.striped_spin_lock_num
                0x20002e5d        0x1 CMakeFiles/lab6-code.dir/C_/Users/russe/.pico-sdk/sdk/2.2.0/src/rp2_common/hardware_sync/sync.c.obj
 .sdata._usbd_rhport
                0x20002e5e        0x1 CMakeFiles/lab6-code.dir/C_/Users/russe/.pico-sdk/sdk/2.2.0/lib/tinyusb/src/device/usbd.c.obj
                0x20002e60                        . = ALIGN (0x4)
 *fill*         0x20002e5f        0x1 
 *(.after_data.*)
                0x20002e60                        . = ALIGN (0x4)
                0x20002e60                        PROVIDE (__mutex_array_start = .)
 *(SORT_BY_NAME(.mutex_array.*))
 *(.mutex_array)
 .mutex_array   0x20002e60        0x8 CMakeFiles/lab6-code.dir/C_/Users/russe/.pico-sdk/sdk/2.2.0/src/rp2_common/pico_stdio/stdio.c.obj
                0x20002e68                        PROVIDE (__mutex_array_end = .)
 *(.jcr)
                0x20002e68                        . = ALIGN (0x4)

.tdata          0x20002e68        0x0 load address 0x10009e98
                0x20002e68                        . = ALIGN (0x4)
 *(.tdata .tdata.* .gnu.linkonce.td.*)
                0x20002e68                        __tdata_end = .
                0x20002e68                        PROVIDE (__data_end__ = .)
                0x10007030                        __etext = LOADADDR (.data)

.tbss           0x20002e68        0x0 load address 0x10009e98
                0x20002e68                        . = ALIGN (0x4)
                0x20002e68                        __bss_start__ = .
                0x20002e68                        __tls_base = .
 *(.tbss .tbss.* .gnu.linkonce.tb.*)
 *(.tcommon)
                0x20002e68                        __tls_end = .

.bss            0x20002e68      0xc58 load address 0x10009e98
                0x20002e68                        . = ALIGN (0x4)
                0x20002e68                        __tbss_end = .
 *(SORT_BY_ALIGNMENT(SORT_BY_NAME(.bss*)))
 .bss.default_alarm_pool_entries
                0x20002e68      0x180 CMakeFiles/lab6-code.dir/C_/Users/russe/.pico-sdk/sdk/2.2.0/src/common/pico_time/time.c.obj
 .bss           0x20002fe8       0x1c C:/Users/russe/.pico-sdk/toolchain/RISCV_ZCB_RPI_2_2_0_3/bin/../lib/gcc/riscv32-unknown-elf/15.1.0/crtbegin.o
 .bss._cdcd_epbuf
                0x20003004       0x80 CMakeFiles/lab6-code.dir/C_/Users/russe/.pico-sdk/sdk/2.2.0/lib/tinyusb/src/class/cdc/cdc_device.c.obj
 .bss._cdcd_itf
                0x20003084       0xc8 CMakeFiles/lab6-code.dir/C_/Users/russe/.pico-sdk/sdk/2.2.0/lib/tinyusb/src/class/cdc/cdc_device.c.obj
 .bss._ctrl_epbuf
                0x2000314c       0x40 CMakeFiles/lab6-code.dir/C_/Users/russe/.pico-sdk/sdk/2.2.0/lib/tinyusb/src/device/usbd_control.c.obj
 .bss._ctrl_xfer
                0x2000318c       0x14 CMakeFiles/lab6-code.dir/C_/Users/russe/.pico-sdk/sdk/2.2.0/lib/tinyusb/src/device/usbd_control.c.obj
 .bss._sw_spin_locks
                0x200031a0       0x20 CMakeFiles/lab6-code.dir/C_/Users/russe/.pico-sdk/sdk/2.2.0/src/rp2_common/hardware_sync_spin_lock/sync_spin_lock.c.obj
                0x200031a0                _sw_spin_locks
 .bss._usbd_dev
                0x200031c0       0x54 CMakeFiles/lab6-code.dir/C_/Users/russe/.pico-sdk/sdk/2.2.0/lib/tinyusb/src/device/usbd.c.obj
 .bss._usbd_qdef_buf
                0x20003214       0xc0 CMakeFiles/lab6-code.dir/C_/Users/russe/.pico-sdk/sdk/2.2.0/lib/tinyusb/src/device/usbd.c.obj
                0x20003214                _usbd_qdef_buf
 .bss._vendord_epbuf
                0x200032d4       0x80 CMakeFiles/lab6-code.dir/C_/Users/russe/.pico-sdk/sdk/2.2.0/lib/tinyusb/src/class/vendor/vendor_device.c.obj
 .bss._vendord_itf
                0x20003354      0x24c CMakeFiles/lab6-code.dir/C_/Users/russe/.pico-sdk/sdk/2.2.0/lib/tinyusb/src/class/vendor/vendor_device.c.obj
 .bss.configured_freq
                0x200035a0       0x28 CMakeFiles/lab6-code.dir/C_/Users/russe/.pico-sdk/sdk/2.2.0/src/rp2_common/hardware_clocks/clocks.c.obj
 .bss.desc_str.0
                0x200035c8       0x28 CMakeFiles/lab6-code.dir/C_/Users/russe/.pico-sdk/sdk/2.2.0/src/rp2_common/pico_stdio_usb/stdio_usb_descriptors.c.obj
 .bss.hw_endpoints
                0x200035f0      0x400 CMakeFiles/lab6-code.dir/C_/Users/russe/.pico-sdk/sdk/2.2.0/lib/tinyusb/src/portable/raspberrypi/rp2040/dcd_rp2040.c.obj
 .bss.pools     0x200039f0       0x20 CMakeFiles/lab6-code.dir/C_/Users/russe/.pico-sdk/sdk/2.2.0/src/common/pico_time/time.c.obj
 .bss.usbd_serial_str
                0x20003a10       0x11 CMakeFiles/lab6-code.dir/C_/Users/russe/.pico-sdk/sdk/2.2.0/src/rp2_common/pico_stdio_usb/stdio_usb_descriptors.c.obj
 *(COMMON)
                0x20004221                        PROVIDE (__global_pointer$ = (. + 0x800))
 *(.sbss*)
 *fill*         0x20003a21        0x3 
 .sbss.dfplayer
                0x20003a24        0x8 CMakeFiles/lab6-code.dir/main.c.obj
                0x20003a24                dfplayer
 .sbss.dfplayer_num_tracks
                0x20003a2c        0x2 CMakeFiles/lab6-code.dir/dfplayer.c.obj
                0x20003a2c                dfplayer_num_tracks
 .sbss.dfplayer_current_track
                0x20003a2e        0x2 CMakeFiles/lab6-code.dir/dfplayer.c.obj
                0x20003a2e                dfplayer_current_track
 .sbss.dfplayer_volume
                0x20003a30        0x1 CMakeFiles/lab6-code.dir/dfplayer.c.obj
                0x20003a30                dfplayer_volume
 .sbss.dfplayer_status
                0x20003a31        0x1 CMakeFiles/lab6-code.dir/dfplayer.c.obj
                0x20003a31                dfplayer_status
 *fill*         0x20003a32        0x2 
 .sbss.claimed  0x20003a34        0x4 CMakeFiles/lab6-code.dir/C_/Users/russe/.pico-sdk/sdk/2.2.0/src/rp2_common/hardware_sync/sync.c.obj
 .sbss.irq_handler_chain_free_slot_head
                0x20003a38        0x1 CMakeFiles/lab6-code.dir/C_/Users/russe/.pico-sdk/sdk/2.2.0/src/rp2_common/hardware_irq/irq.c.obj
 .sbss.user_irq_claimed
                0x20003a39        0x1 CMakeFiles/lab6-code.dir/C_/Users/russe/.pico-sdk/sdk/2.2.0/src/rp2_common/hardware_irq/irq.c.obj
 *fill*         0x20003a3a        0x2 
 .sbss.sleep_notifier
                0x20003a3c        0x4 CMakeFiles/lab6-code.dir/C_/Users/russe/.pico-sdk/sdk/2.2.0/src/common/pico_time/time.c.obj
 .sbss.claimed  0x20003a40        0x2 CMakeFiles/lab6-code.dir/C_/Users/russe/.pico-sdk/sdk/2.2.0/src/rp2_common/hardware_timer/timer.c.obj
 *fill*         0x20003a42        0x2 
 .sbss.uart_char_to_line_feed
                0x20003a44        0x4 CMakeFiles/lab6-code.dir/C_/Users/russe/.pico-sdk/sdk/2.2.0/src/rp2_common/hardware_uart/uart.c.obj
                0x20003a44                uart_char_to_line_feed
 .sbss.load_value
                0x20003a48        0x4 CMakeFiles/lab6-code.dir/C_/Users/russe/.pico-sdk/sdk/2.2.0/src/rp2_common/hardware_watchdog/watchdog.c.obj
 .sbss.lazy_vsnprintf
                0x20003a4c        0x4 CMakeFiles/lab6-code.dir/C_/Users/russe/.pico-sdk/sdk/2.2.0/src/rp2_common/pico_printf/printf.c.obj
 .sbss.filter   0x20003a50        0x4 CMakeFiles/lab6-code.dir/C_/Users/russe/.pico-sdk/sdk/2.2.0/src/rp2_common/pico_stdio/stdio.c.obj
 .sbss.drivers  0x20003a54        0x4 CMakeFiles/lab6-code.dir/C_/Users/russe/.pico-sdk/sdk/2.2.0/src/rp2_common/pico_stdio/stdio.c.obj
 .sbss.itf_num  0x20003a58        0x1 CMakeFiles/lab6-code.dir/C_/Users/russe/.pico-sdk/sdk/2.2.0/src/rp2_common/pico_stdio_usb/reset_interface.c.obj
 *fill*         0x20003a59        0x7 
 .sbss.last_avail_time.1
                0x20003a60        0x8 CMakeFiles/lab6-code.dir/C_/Users/russe/.pico-sdk/sdk/2.2.0/src/rp2_common/pico_stdio_usb/stdio_usb.c.obj
 .sbss.low_priority_irq_num
                0x20003a68        0x1 CMakeFiles/lab6-code.dir/C_/Users/russe/.pico-sdk/sdk/2.2.0/src/rp2_common/pico_stdio_usb/stdio_usb.c.obj
 .sbss.one_shot_timer_pending
                0x20003a69        0x1 CMakeFiles/lab6-code.dir/C_/Users/russe/.pico-sdk/sdk/2.2.0/src/rp2_common/pico_stdio_usb/stdio_usb.c.obj
 *fill*         0x20003a6a        0x2 
 .sbss.one_shot_timer_crit_sec
                0x20003a6c        0x8 CMakeFiles/lab6-code.dir/C_/Users/russe/.pico-sdk/sdk/2.2.0/src/rp2_common/pico_stdio_usb/stdio_usb.c.obj
 .sbss.chars_available_param
                0x20003a74        0x4 CMakeFiles/lab6-code.dir/C_/Users/russe/.pico-sdk/sdk/2.2.0/src/rp2_common/pico_stdio_usb/stdio_usb.c.obj
 .sbss.chars_available_callback
                0x20003a78        0x4 CMakeFiles/lab6-code.dir/C_/Users/russe/.pico-sdk/sdk/2.2.0/src/rp2_common/pico_stdio_usb/stdio_usb.c.obj
 .sbss.stdio_usb_mutex
                0x20003a7c        0x8 CMakeFiles/lab6-code.dir/C_/Users/russe/.pico-sdk/sdk/2.2.0/src/rp2_common/pico_stdio_usb/stdio_usb.c.obj
 .sbss.retrieved_id
                0x20003a84        0x8 CMakeFiles/lab6-code.dir/C_/Users/russe/.pico-sdk/sdk/2.2.0/src/rp2_common/pico_unique_id/unique_id.c.obj
 .sbss._sof_enable
                0x20003a8c        0x1 CMakeFiles/lab6-code.dir/C_/Users/russe/.pico-sdk/sdk/2.2.0/lib/tinyusb/src/portable/raspberrypi/rp2040/dcd_rp2040.c.obj
 *fill*         0x20003a8d        0x3 
 .sbss.next_buffer_ptr
                0x20003a90        0x4 CMakeFiles/lab6-code.dir/C_/Users/russe/.pico-sdk/sdk/2.2.0/lib/tinyusb/src/portable/raspberrypi/rp2040/dcd_rp2040.c.obj
 .sbss.e15_last_sof
                0x20003a94        0x4 CMakeFiles/lab6-code.dir/C_/Users/russe/.pico-sdk/sdk/2.2.0/lib/tinyusb/src/portable/raspberrypi/rp2040/rp2040_usb.c.obj
                0x20003a94                e15_last_sof
 .sbss._usbd_mutex
                0x20003a98        0x4 CMakeFiles/lab6-code.dir/C_/Users/russe/.pico-sdk/sdk/2.2.0/lib/tinyusb/src/device/usbd.c.obj
 .sbss._ubsd_mutexdef
                0x20003a9c        0x8 CMakeFiles/lab6-code.dir/C_/Users/russe/.pico-sdk/sdk/2.2.0/lib/tinyusb/src/device/usbd.c.obj
 .sbss._usbd_q  0x20003aa4        0x4 CMakeFiles/lab6-code.dir/C_/Users/russe/.pico-sdk/sdk/2.2.0/lib/tinyusb/src/device/usbd.c.obj
 .sbss._app_driver_count
                0x20003aa8        0x1 CMakeFiles/lab6-code.dir/C_/Users/russe/.pico-sdk/sdk/2.2.0/lib/tinyusb/src/device/usbd.c.obj
 *fill*         0x20003aa9        0x3 
 .sbss._app_driver
                0x20003aac        0x4 CMakeFiles/lab6-code.dir/C_/Users/russe/.pico-sdk/sdk/2.2.0/lib/tinyusb/src/device/usbd.c.obj
 .sbss._usbd_queued_setup
                0x20003ab0        0x1 CMakeFiles/lab6-code.dir/C_/Users/russe/.pico-sdk/sdk/2.2.0/lib/tinyusb/src/device/usbd.c.obj
 *fill*         0x20003ab1        0x3 
 .sbss._cdcd_fifo_cfg
                0x20003ab4        0x1 CMakeFiles/lab6-code.dir/C_/Users/russe/.pico-sdk/sdk/2.2.0/lib/tinyusb/src/class/cdc/cdc_device.c.obj
 *fill*         0x20003ab5        0x3 
 .sbss._tusb_rhport_role
                0x20003ab8        0x8 CMakeFiles/lab6-code.dir/C_/Users/russe/.pico-sdk/sdk/2.2.0/lib/tinyusb/src/tusb.c.obj
                0x20003ab8                _tusb_rhport_role
                0x20003ac0                        . = ALIGN (0x4)
                0x20003ac0                        __bss_end__ = .

.heap           0x20003ac0      0x800 load address 0x10009e98
                0x20003ac0                        __end__ = .
                0x20003ac0                        end = __end__
 *(.heap*)
 .heap          0x20003ac0      0x800 CMakeFiles/lab6-code.dir/C_/Users/russe/.pico-sdk/sdk/2.2.0/src/rp2_common/pico_crt0/crt0_riscv.S.obj
                0x20080000                        __HeapLimit = (ORIGIN (RAM) + LENGTH (RAM))

.scratch_x      0x20080000        0x0 load address 0x10009e98
                0x20080000                        __scratch_x_start__ = .
 *(.scratch_x.*)
                0x20080000                        . = ALIGN (0x4)
                0x20080000                        __scratch_x_end__ = .
                0x10009e98                        __scratch_x_source__ = LOADADDR (.scratch_x)

.scratch_y      0x20081000        0x0 load address 0x10009e98
                0x20081000                        __scratch_y_start__ = .
 *(.scratch_y.*)
                0x20081000                        . = ALIGN (0x4)
                0x20081000                        __scratch_y_end__ = .
                0x10009e98                        __scratch_y_source__ = LOADADDR (.scratch_y)

.stack1_dummy
 *(.stack1*)

.stack_dummy    0x20081000      0x800
 *(.stack*)
 .stack         0x20081000      0x800 CMakeFiles/lab6-code.dir/C_/Users/russe/.pico-sdk/sdk/2.2.0/src/rp2_common/pico_crt0/crt0_riscv.S.obj

.flash_end      0x10009e98       0x14
 *(.embedded_end_block*)
 .embedded_end_block
                0x10009e98       0x14 CMakeFiles/lab6-code.dir/C_/Users/russe/.pico-sdk/sdk/2.2.0/src/rp2_common/pico_crt0/crt0_riscv.S.obj
                0x10009eac                        PROVIDE (__flash_binary_end = .)
                0x20080000                        __StackLimit = (ORIGIN (RAM) + LENGTH (RAM))
                0x20081000                        __StackOneTop = (ORIGIN (SCRATCH_X) + LENGTH (SCRATCH_X))
                0x20082000                        __StackTop = (ORIGIN (SCRATCH_Y) + LENGTH (SCRATCH_Y))
                0x20081000                        __StackOneBottom = (__StackOneTop - SIZEOF (.stack1_dummy))
                0x20081800                        __StackBottom = (__StackTop - SIZEOF (.stack_dummy))
                [!provide]                        PROVIDE (__stack = __StackTop)
                [!provide]                        PROVIDE (__heap_start = __end__)
                [!provide]                        PROVIDE (__heap_end = __HeapLimit)
                [!provide]                        PROVIDE (__tls_align = MAX (ALIGNOF (.tdata), ALIGNOF (.tbss)))
                [!provide]                        PROVIDE (__tls_size_align = (((__tls_size + __tls_align) - 0x1) & ~ ((__tls_align - 0x1))))
                [!provide]                        PROVIDE (__arm32_tls_tcb_offset = MAX (0x8, __tls_align))
                0x20003ac0                        PROVIDE (_end = __end__)
                [!provide]                        PROVIDE (__llvm_libc_heap_limit = __HeapLimit)
                0x00000001                        ASSERT ((__StackLimit >= __HeapLimit), region RAM overflowed)
                0x00000001                        ASSERT (((__binary_info_header_end - __logical_binary_start) <= 0x400), Binary info must be in first 1024 bytes of the binary)
                0x00000001                        ASSERT (((__embedded_block_end - __logical_binary_start) <= 0x1000), Embedded block must be in first 4096 bytes of the binary)
LOAD CMakeFiles/lab6-code.dir/main.c.obj
LOAD CMakeFiles/lab6-code.dir/peripherals/src/lab6_spi.c.obj
LOAD CMakeFiles/lab6-code.dir/peripherals/src/lab6_dac.c.obj
LOAD CMakeFiles/lab6-code.dir/dfplayer.c.obj
LOAD CMakeFiles/lab6-code.dir/C_/Users/russe/.pico-sdk/sdk/2.2.0/src/rp2_common/pico_stdlib/stdlib.c.obj
LOAD CMakeFiles/lab6-code.dir/C_/Users/russe/.pico-sdk/sdk/2.2.0/src/rp2_common/hardware_gpio/gpio.c.obj
LOAD CMakeFiles/lab6-code.dir/C_/Users/russe/.pico-sdk/sdk/2.2.0/src/rp2350/pico_platform/platform.c.obj
LOAD CMakeFiles/lab6-code.dir/C_/Users/russe/.pico-sdk/sdk/2.2.0/src/rp2_common/pico_platform_common/common.c.obj
LOAD CMakeFiles/lab6-code.dir/C_/Users/russe/.pico-sdk/sdk/2.2.0/src/rp2_common/pico_platform_panic/panic.c.obj
LOAD CMakeFiles/lab6-code.dir/C_/Users/russe/.pico-sdk/sdk/2.2.0/src/common/hardware_claim/claim.c.obj
LOAD CMakeFiles/lab6-code.dir/C_/Users/russe/.pico-sdk/sdk/2.2.0/src/rp2_common/hardware_sync/sync.c.obj
LOAD CMakeFiles/lab6-code.dir/C_/Users/russe/.pico-sdk/sdk/2.2.0/src/rp2_common/hardware_sync_spin_lock/sync_spin_lock.c.obj
LOAD CMakeFiles/lab6-code.dir/C_/Users/russe/.pico-sdk/sdk/2.2.0/src/rp2_common/hardware_irq/irq.c.obj
LOAD CMakeFiles/lab6-code.dir/C_/Users/russe/.pico-sdk/sdk/2.2.0/src/rp2_common/hardware_irq/irq_handler_chain.S.obj
LOAD CMakeFiles/lab6-code.dir/C_/Users/russe/.pico-sdk/sdk/2.2.0/src/common/pico_sync/sem.c.obj
LOAD CMakeFiles/lab6-code.dir/C_/Users/russe/.pico-sdk/sdk/2.2.0/src/common/pico_sync/lock_core.c.obj
LOAD CMakeFiles/lab6-code.dir/C_/Users/russe/.pico-sdk/sdk/2.2.0/src/common/pico_sync/mutex.c.obj
LOAD CMakeFiles/lab6-code.dir/C_/Users/russe/.pico-sdk/sdk/2.2.0/src/common/pico_sync/critical_section.c.obj
LOAD CMakeFiles/lab6-code.dir/C_/Users/russe/.pico-sdk/sdk/2.2.0/src/common/pico_time/time.c.obj
LOAD CMakeFiles/lab6-code.dir/C_/Users/russe/.pico-sdk/sdk/2.2.0/src/common/pico_time/timeout_helper.c.obj
LOAD CMakeFiles/lab6-code.dir/C_/Users/russe/.pico-sdk/sdk/2.2.0/src/rp2_common/hardware_timer/timer.c.obj
LOAD CMakeFiles/lab6-code.dir/C_/Users/russe/.pico-sdk/sdk/2.2.0/src/common/pico_util/datetime.c.obj
LOAD CMakeFiles/lab6-code.dir/C_/Users/russe/.pico-sdk/sdk/2.2.0/src/common/pico_util/pheap.c.obj
LOAD CMakeFiles/lab6-code.dir/C_/Users/russe/.pico-sdk/sdk/2.2.0/src/common/pico_util/queue.c.obj
LOAD CMakeFiles/lab6-code.dir/C_/Users/russe/.pico-sdk/sdk/2.2.0/src/rp2_common/hardware_uart/uart.c.obj
LOAD CMakeFiles/lab6-code.dir/C_/Users/russe/.pico-sdk/sdk/2.2.0/src/rp2_common/hardware_clocks/clocks.c.obj
LOAD CMakeFiles/lab6-code.dir/C_/Users/russe/.pico-sdk/sdk/2.2.0/src/rp2_common/hardware_pll/pll.c.obj
LOAD CMakeFiles/lab6-code.dir/C_/Users/russe/.pico-sdk/sdk/2.2.0/src/rp2_common/hardware_vreg/vreg.c.obj
LOAD CMakeFiles/lab6-code.dir/C_/Users/russe/.pico-sdk/sdk/2.2.0/src/rp2_common/hardware_watchdog/watchdog.c.obj
LOAD CMakeFiles/lab6-code.dir/C_/Users/russe/.pico-sdk/sdk/2.2.0/src/rp2_common/hardware_ticks/ticks.c.obj
LOAD CMakeFiles/lab6-code.dir/C_/Users/russe/.pico-sdk/sdk/2.2.0/src/rp2_common/pico_bootrom/bootrom.c.obj
LOAD CMakeFiles/lab6-code.dir/C_/Users/russe/.pico-sdk/sdk/2.2.0/src/rp2_common/pico_bootrom/bootrom_lock.c.obj
LOAD CMakeFiles/lab6-code.dir/C_/Users/russe/.pico-sdk/sdk/2.2.0/src/rp2_common/hardware_boot_lock/boot_lock.c.obj
LOAD CMakeFiles/lab6-code.dir/C_/Users/russe/.pico-sdk/sdk/2.2.0/src/rp2_common/pico_flash/flash.c.obj
LOAD CMakeFiles/lab6-code.dir/C_/Users/russe/.pico-sdk/sdk/2.2.0/src/rp2_common/hardware_xosc/xosc.c.obj
LOAD CMakeFiles/lab6-code.dir/C_/Users/russe/.pico-sdk/sdk/2.2.0/src/rp2_common/hardware_divider/divider.c.obj
LOAD CMakeFiles/lab6-code.dir/C_/Users/russe/.pico-sdk/sdk/2.2.0/src/rp2_common/pico_runtime/runtime.c.obj
LOAD CMakeFiles/lab6-code.dir/C_/Users/russe/.pico-sdk/sdk/2.2.0/src/rp2_common/pico_runtime_init/runtime_init.c.obj
LOAD CMakeFiles/lab6-code.dir/C_/Users/russe/.pico-sdk/sdk/2.2.0/src/rp2_common/pico_runtime_init/runtime_init_clocks.c.obj
LOAD CMakeFiles/lab6-code.dir/C_/Users/russe/.pico-sdk/sdk/2.2.0/src/rp2_common/pico_runtime_init/runtime_init_stack_guard.c.obj
LOAD CMakeFiles/lab6-code.dir/C_/Users/russe/.pico-sdk/sdk/2.2.0/src/rp2_common/pico_bit_ops/bit_ops_aeabi.S.obj
LOAD CMakeFiles/lab6-code.dir/C_/Users/russe/.pico-sdk/sdk/2.2.0/src/rp2_common/pico_divider/divider_compiler.c.obj
LOAD CMakeFiles/lab6-code.dir/C_/Users/russe/.pico-sdk/sdk/2.2.0/src/rp2_common/pico_float/float_single_hazard3.S.obj
LOAD CMakeFiles/lab6-code.dir/C_/Users/russe/.pico-sdk/sdk/2.2.0/src/rp2_common/pico_malloc/malloc.c.obj
LOAD CMakeFiles/lab6-code.dir/C_/Users/russe/.pico-sdk/sdk/2.2.0/src/rp2_common/pico_atomic/atomic.c.obj
LOAD CMakeFiles/lab6-code.dir/C_/Users/russe/.pico-sdk/sdk/2.2.0/src/rp2_common/pico_cxx_options/new_delete.cpp.obj
LOAD CMakeFiles/lab6-code.dir/C_/Users/russe/.pico-sdk/sdk/2.2.0/src/rp2_common/pico_standard_binary_info/standard_binary_info.c.obj
LOAD CMakeFiles/lab6-code.dir/C_/Users/russe/.pico-sdk/sdk/2.2.0/src/rp2_common/pico_printf/printf.c.obj
LOAD CMakeFiles/lab6-code.dir/C_/Users/russe/.pico-sdk/sdk/2.2.0/src/rp2_common/pico_crt0/crt0_riscv.S.obj
LOAD CMakeFiles/lab6-code.dir/C_/Users/russe/.pico-sdk/sdk/2.2.0/src/rp2_common/pico_clib_interface/newlib_interface.c.obj
LOAD CMakeFiles/lab6-code.dir/C_/Users/russe/.pico-sdk/sdk/2.2.0/src/rp2_common/pico_stdio/stdio.c.obj
LOAD CMakeFiles/lab6-code.dir/C_/Users/russe/.pico-sdk/sdk/2.2.0/src/rp2_common/pico_stdio_usb/reset_interface.c.obj
LOAD CMakeFiles/lab6-code.dir/C_/Users/russe/.pico-sdk/sdk/2.2.0/src/rp2_common/pico_stdio_usb/stdio_usb.c.obj
LOAD CMakeFiles/lab6-code.dir/C_/Users/russe/.pico-sdk/sdk/2.2.0/src/rp2_common/pico_stdio_usb/stdio_usb_descriptors.c.obj
LOAD CMakeFiles/lab6-code.dir/C_/Users/russe/.pico-sdk/sdk/2.2.0/src/rp2_common/pico_unique_id/unique_id.c.obj
LOAD CMakeFiles/lab6-code.dir/C_/Users/russe/.pico-sdk/sdk/2.2.0/src/rp2_common/hardware_flash/flash.c.obj
LOAD CMakeFiles/lab6-code.dir/C_/Users/russe/.pico-sdk/sdk/2.2.0/src/rp2_common/hardware_xip_cache/xip_cache.c.obj
LOAD CMakeFiles/lab6-code.dir/C_/Users/russe/.pico-sdk/sdk/2.2.0/lib/tinyusb/src/portable/raspberrypi/rp2040/dcd_rp2040.c.obj
LOAD CMakeFiles/lab6-code.dir/C_/Users/russe/.pico-sdk/sdk/2.2.0/lib/tinyusb/src/portable/raspberrypi/rp2040/rp2040_usb.c.obj
LOAD CMakeFiles/lab6-code.dir/C_/Users/russe/.pico-sdk/sdk/2.2.0/lib/tinyusb/src/device/usbd.c.obj
LOAD CMakeFiles/lab6-code.dir/C_/Users/russe/.pico-sdk/sdk/2.2.0/lib/tinyusb/src/device/usbd_control.c.obj
LOAD CMakeFiles/lab6-code.dir/C_/Users/russe/.pico-sdk/sdk/2.2.0/lib/tinyusb/src/class/audio/audio_device.c.obj
LOAD CMakeFiles/lab6-code.dir/C_/Users/russe/.pico-sdk/sdk/2.2.0/lib/tinyusb/src/class/cdc/cdc_device.c.obj
LOAD CMakeFiles/lab6-code.dir/C_/Users/russe/.pico-sdk/sdk/2.2.0/lib/tinyusb/src/class/dfu/dfu_device.c.obj
LOAD CMakeFiles/lab6-code.dir/C_/Users/russe/.pico-sdk/sdk/2.2.0/lib/tinyusb/src/class/dfu/dfu_rt_device.c.obj
LOAD CMakeFiles/lab6-code.dir/C_/Users/russe/.pico-sdk/sdk/2.2.0/lib/tinyusb/src/class/hid/hid_device.c.obj
LOAD CMakeFiles/lab6-code.dir/C_/Users/russe/.pico-sdk/sdk/2.2.0/lib/tinyusb/src/class/midi/midi_device.c.obj
LOAD CMakeFiles/lab6-code.dir/C_/Users/russe/.pico-sdk/sdk/2.2.0/lib/tinyusb/src/class/msc/msc_device.c.obj
LOAD CMakeFiles/lab6-code.dir/C_/Users/russe/.pico-sdk/sdk/2.2.0/lib/tinyusb/src/class/net/ecm_rndis_device.c.obj
LOAD CMakeFiles/lab6-code.dir/C_/Users/russe/.pico-sdk/sdk/2.2.0/lib/tinyusb/src/class/net/ncm_device.c.obj
LOAD CMakeFiles/lab6-code.dir/C_/Users/russe/.pico-sdk/sdk/2.2.0/lib/tinyusb/src/class/usbtmc/usbtmc_device.c.obj
LOAD CMakeFiles/lab6-code.dir/C_/Users/russe/.pico-sdk/sdk/2.2.0/lib/tinyusb/src/class/vendor/vendor_device.c.obj
LOAD CMakeFiles/lab6-code.dir/C_/Users/russe/.pico-sdk/sdk/2.2.0/lib/tinyusb/src/class/video/video_device.c.obj
LOAD CMakeFiles/lab6-code.dir/C_/Users/russe/.pico-sdk/sdk/2.2.0/lib/tinyusb/src/tusb.c.obj
LOAD CMakeFiles/lab6-code.dir/C_/Users/russe/.pico-sdk/sdk/2.2.0/lib/tinyusb/src/common/tusb_fifo.c.obj
LOAD CMakeFiles/lab6-code.dir/C_/Users/russe/.pico-sdk/sdk/2.2.0/src/rp2_common/pico_fix/rp2040_usb_device_enumeration/rp2040_usb_device_enumeration.c.obj
LOAD CMakeFiles/lab6-code.dir/C_/Users/russe/.pico-sdk/sdk/2.2.0/src/rp2_common/hardware_spi/spi.c.obj
LOAD CMakeFiles/lab6-code.dir/C_/Users/russe/.pico-sdk/sdk/2.2.0/src/rp2_common/hardware_adc/adc.c.obj
LOAD pico-sdk/src/rp2350/boot_stage2/CMakeFiles/bs2_default_library.dir/./bs2_default_padded_checksummed.S.obj
LOAD C:/Users/russe/.pico-sdk/toolchain/RISCV_ZCB_RPI_2_2_0_3/bin/../lib/gcc/riscv32-unknown-elf/15.1.0/../../../../riscv32-unknown-elf/lib\libstdc++.a
LOAD C:/Users/russe/.pico-sdk/toolchain/RISCV_ZCB_RPI_2_2_0_3/bin/../lib/gcc/riscv32-unknown-elf/15.1.0/../../../../riscv32-unknown-elf/lib\libm.a
LOAD C:/Users/russe/.pico-sdk/toolchain/RISCV_ZCB_RPI_2_2_0_3/bin/../lib/gcc/riscv32-unknown-elf/15.1.0\libgcc.a
START GROUP
LOAD C:/Users/russe/.pico-sdk/toolchain/RISCV_ZCB_RPI_2_2_0_3/bin/../lib/gcc/riscv32-unknown-elf/15.1.0/../../../../riscv32-unknown-elf/lib\libc.a
END GROUP
LOAD C:/Users/russe/.pico-sdk/toolchain/RISCV_ZCB_RPI_2_2_0_3/bin/../lib/gcc/riscv32-unknown-elf/15.1.0\libgcc.a
START GROUP
LOAD C:/Users/russe/.pico-sdk/toolchain/RISCV_ZCB_RPI_2_2_0_3/bin/../lib/gcc/riscv32-unknown-elf/15.1.0\libgcc.a
LOAD C:/Users/russe/.pico-sdk/toolchain/RISCV_ZCB_RPI_2_2_0_3/bin/../lib/gcc/riscv32-unknown-elf/15.1.0/../../../../riscv32-unknown-elf/lib\libc.a
LOAD C:/Users/russe/.pico-sdk/toolchain/RISCV_ZCB_RPI_2_2_0_3/bin/../lib/gcc/riscv32-unknown-elf/15.1.0/../../../../riscv32-unknown-elf/lib\libnosys.a
END GROUP
LOAD C:/Users/russe/.pico-sdk/toolchain/RISCV_ZCB_RPI_2_2_0_3/bin/../lib/gcc/riscv32-unknown-elf/15.1.0/crtend.o
OUTPUT(lab6-code.elf elf32-littleriscv)

.rela.dyn       0x10009eac        0x0
 .rela.text     0x10009eac        0x0 C:/Users/russe/.pico-sdk/toolchain/RISCV_ZCB_RPI_2_2_0_3/bin/../lib/gcc/riscv32-unknown-elf/15.1.0/crtbegin.o
 .rela.preinit_array.ZZZZZ.01200
                0x10009eac        0x0 C:/Users/russe/.pico-sdk/toolchain/RISCV_ZCB_RPI_2_2_0_3/bin/../lib/gcc/riscv32-unknown-elf/15.1.0/crtbegin.o
 .rela.text.runtime_init_mutex
                0x10009eac        0x0 C:/Users/russe/.pico-sdk/toolchain/RISCV_ZCB_RPI_2_2_0_3/bin/../lib/gcc/riscv32-unknown-elf/15.1.0/crtbegin.o
 .rela.preinit_array.01100
                0x10009eac        0x0 C:/Users/russe/.pico-sdk/toolchain/RISCV_ZCB_RPI_2_2_0_3/bin/../lib/gcc/riscv32-unknown-elf/15.1.0/crtbegin.o
 .rela.preinit_array.11000
                0x10009eac        0x0 C:/Users/russe/.pico-sdk/toolchain/RISCV_ZCB_RPI_2_2_0_3/bin/../lib/gcc/riscv32-unknown-elf/15.1.0/crtbegin.o
 .rela.preinit_array.01010
                0x10009eac        0x0 C:/Users/russe/.pico-sdk/toolchain/RISCV_ZCB_RPI_2_2_0_3/bin/../lib/gcc/riscv32-unknown-elf/15.1.0/crtbegin.o
 .rela.preinit_array.01000
                0x10009eac        0x0 C:/Users/russe/.pico-sdk/toolchain/RISCV_ZCB_RPI_2_2_0_3/bin/../lib/gcc/riscv32-unknown-elf/15.1.0/crtbegin.o
 .rela.text.runtime_run_initializers
                0x10009eac        0x0 C:/Users/russe/.pico-sdk/toolchain/RISCV_ZCB_RPI_2_2_0_3/bin/../lib/gcc/riscv32-unknown-elf/15.1.0/crtbegin.o
 .rela.preinit_array.00600
                0x10009eac        0x0 C:/Users/russe/.pico-sdk/toolchain/RISCV_ZCB_RPI_2_2_0_3/bin/../lib/gcc/riscv32-unknown-elf/15.1.0/crtbegin.o
 .rela.preinit_array.00500
                0x10009eac        0x0 C:/Users/russe/.pico-sdk/toolchain/RISCV_ZCB_RPI_2_2_0_3/bin/../lib/gcc/riscv32-unknown-elf/15.1.0/crtbegin.o
 .rela.preinit_array.00101
                0x10009eac        0x0 C:/Users/russe/.pico-sdk/toolchain/RISCV_ZCB_RPI_2_2_0_3/bin/../lib/gcc/riscv32-unknown-elf/15.1.0/crtbegin.o
 .rela.preinit_array.00100
                0x10009eac        0x0 C:/Users/russe/.pico-sdk/toolchain/RISCV_ZCB_RPI_2_2_0_3/bin/../lib/gcc/riscv32-unknown-elf/15.1.0/crtbegin.o
 .rela.preinit_array.ZZZZZ.00051
                0x10009eac        0x0 C:/Users/russe/.pico-sdk/toolchain/RISCV_ZCB_RPI_2_2_0_3/bin/../lib/gcc/riscv32-unknown-elf/15.1.0/crtbegin.o
 .rela.preinit_array.00050
                0x10009eac        0x0 C:/Users/russe/.pico-sdk/toolchain/RISCV_ZCB_RPI_2_2_0_3/bin/../lib/gcc/riscv32-unknown-elf/15.1.0/crtbegin.o
 .rela.rodata.__bi_26
                0x10009eac        0x0 C:/Users/russe/.pico-sdk/toolchain/RISCV_ZCB_RPI_2_2_0_3/bin/../lib/gcc/riscv32-unknown-elf/15.1.0/crtbegin.o
 .rela.data     0x10009eac        0x0 C:/Users/russe/.pico-sdk/toolchain/RISCV_ZCB_RPI_2_2_0_3/bin/../lib/gcc/riscv32-unknown-elf/15.1.0/crtbegin.o
 .rela.binary_info_header
                0x10009eac        0x0 C:/Users/russe/.pico-sdk/toolchain/RISCV_ZCB_RPI_2_2_0_3/bin/../lib/gcc/riscv32-unknown-elf/15.1.0/crtbegin.o